MPLINK 4.22, Linker
Linker Map File - Created Sat May 14 13:59:20 2011

                                 Section Info
                  Section       Type    Address   Location Size(Bytes)
                ---------  ---------  ---------  ---------  ---------
               _entry_scn       code   0x000000    program   0x000006
           .code___init.o       code   0x000006    program   0x000002
               highVector       code   0x000008    program   0x000006
      longAddressLocation    romdata   0x00000e    program   0x000008
          .romdata_MiWi.o    romdata   0x000016    program   0x000000
    .romdata_SymbolTime.o    romdata   0x000016    program   0x000000
   .idata_user_serial.o_i    romdata   0x000016    program   0x000001
          .romdata_MSPI.o    romdata   0x000016    program   0x000000
   .romdata_user_serial.o    romdata   0x000016    program   0x000000
.romdata_rs232_functions.o    romdata   0x000016    program   0x000000
      .romdata_fxd0808u.o    romdata   0x000016    program   0x000000
         .romdata_uopen.o    romdata   0x000016    program   0x000000
         .romdata_uread.o    romdata   0x000016    program   0x000000
         .romdata_c018i.o    romdata   0x000016    program   0x000000
         .romdata_udefs.o    romdata   0x000016    program   0x000000
        .idata_uwrite.o_i    romdata   0x000016    program   0x000000
        .romdata___init.o    romdata   0x000016    program   0x000000
        .romdata_uwrite.o    romdata   0x000016    program   0x000000
   .romdata_ConfigFuses.o    romdata   0x000016    program   0x000000
         .idata_c018i.o_i    romdata   0x000017    program   0x000000
          .idata_MiWi.o_i    romdata   0x000017    program   0x000001
    .idata_SymbolTime.o_i    romdata   0x000017    program   0x000000
        .idata___init.o_i    romdata   0x000017    program   0x000000
.idata_rs232_functions.o_i    romdata   0x000017    program   0x000000
      .idata_fxd0808u.o_i    romdata   0x000017    program   0x000000
         .idata_uopen.o_i    romdata   0x000017    program   0x000000
         .idata_udefs.o_i    romdata   0x000017    program   0x000000
          .idata_main.o_i    romdata   0x000017    program   0x000000
         .idata_uread.o_i    romdata   0x000017    program   0x000000
                lowVector       code   0x000018    program   0x000006
                   .cinit    romdata   0x00001e    program   0x00001a
             .code_MiWi.o       code   0x000038    program   0x005e34
             .code_main.o       code   0x005e6c    program   0x00057a
             .stringtable    romdata   0x0063e6    program   0x00034e
          .code_Console.o       code   0x006734    program   0x00022c
                   STDLIB       code   0x006960    program   0x0000ea
               _cinit_scn       code   0x006a4a    program   0x00009e
       .code_SymbolTime.o       code   0x006ae8    program   0x00009a
      .code_user_serial.o       code   0x006b82    program   0x000090
            .code_uopen.o       code   0x006c12    program   0x00008a
            .code_uread.o       code   0x006c9c    program   0x00003e
           .code_uwrite.o       code   0x006cda    program   0x00002e
             .code_MSPI.o       code   0x006d08    program   0x00002c
             _startup_scn       code   0x006d34    program   0x00001c
         .code_fxd0808u.o       code   0x006d50    program   0x00001c
       .romdata_Console.o    romdata   0x006d6c    program   0x000010
                    .code       code   0x006d7c    program   0x00000e
          .romdata_main.o    romdata   0x006d8a    program   0x00000d
       .idata_Console.o_i    romdata   0x006d97    program   0x000000
          .idata_MSPI.o_i    romdata   0x006d97    program   0x000000
   .idata_ConfigFuses.o_i    romdata   0x006d97    program   0x000000
            .code_c018i.o       code   0x006d98    program   0x000000
      .code_ConfigFuses.o       code   0x006d98    program   0x000000
            .code_udefs.o       code   0x006d98    program   0x000000
  .code_rs232_functions.o       code   0x006d98    program   0x000000
                 CONFIG1H    romdata   0x300001    program   0x000001
                 CONFIG2L    romdata   0x300002    program   0x000001
                 CONFIG2H    romdata   0x300003    program   0x000001
                 CONFIG3H    romdata   0x300005    program   0x000001
                 CONFIG4L    romdata   0x300006    program   0x000001
                MATH_DATA      udata   0x000000       data   0x000010
                 .tmpdata      udata   0x000010       data   0x000008
               TRX_BUFFER      udata   0x000100       data   0x0000fe
     .udata_user_serial.o      udata   0x0001fe       data   0x000002
            BIGvariables1      udata   0x000200       data   0x0000a0
                   .stack      udata   0x000400       data   0x000100
            .udata_MiWi.o      udata   0x000500       data   0x0000de
           .udata_c018i.o      udata   0x0005de       data   0x00000a
      .udata_SymbolTime.o      udata   0x0005e8       data   0x000002
           .udata_udefs.o      udata   0x0005ea       data   0x000001
     .idata_user_serial.o      idata   0x0005eb       data   0x000001
            .idata_MiWi.o      idata   0x0005ec       data   0x000001
        .udata_fxd0808u.o      udata   0x0005ed       data   0x000000
        .idata_fxd0808u.o      idata   0x0005ed       data   0x000000
           .udata_uopen.o      udata   0x0005ed       data   0x000000
           .idata_uopen.o      idata   0x0005ed       data   0x000000
           .udata_uread.o      udata   0x0005ed       data   0x000000
           .idata_uread.o      idata   0x0005ed       data   0x000000
           .idata_udefs.o      idata   0x0005ed       data   0x000000
          .udata_uwrite.o      udata   0x0005ed       data   0x000000
          .idata_uwrite.o      idata   0x0005ed       data   0x000000
          .udata___init.o      udata   0x0005ed       data   0x000000
          .idata___init.o      idata   0x0005ed       data   0x000000
 .idata_rs232_functions.o      idata   0x0005ed       data   0x000000
 .udata_rs232_functions.o      udata   0x0005ed       data   0x000000
           .idata_c018i.o      idata   0x0005ed       data   0x000000
      .idata_SymbolTime.o      idata   0x0005ed       data   0x000000
            .idata_MSPI.o      idata   0x0005ed       data   0x000000
            .udata_MSPI.o      udata   0x0005ed       data   0x000000
         .idata_Console.o      idata   0x0005ed       data   0x000000
         .udata_Console.o      udata   0x0005ed       data   0x000000
            .idata_main.o      idata   0x0005ed       data   0x000000
            .udata_main.o      udata   0x0005ed       data   0x000000
     .idata_ConfigFuses.o      idata   0x0005ed       data   0x000000
     .udata_ConfigFuses.o      udata   0x0005ed       data   0x000000
            SFR_UNBANKED0      udata   0x000f80       data   0x000080



                              Program Memory Usage 
                               Start         End      
                           ---------   ---------      
                            0x000000    0x006d96      
                            0x300001    0x300003      
                            0x300005    0x300006      
            28060 out of 33048 program addresses used, program memory utilization is 84%



                              Symbols - Sorted by Name
                     Name    Address   Location    Storage File                     
                ---------  ---------  ---------  --------- ---------                
    AddNodeToNetworkTable   0x005670    program     extern C:\Pic CUBE MiWi\Microchip\MiWi\MiWi.c
                BoardInit   0x0063ae    program     extern C:\Pic Cube MiWi\MiWi Coordinator\main.c
           CharacterArray   0x006d6c    program     extern C:\Pic CUBE MiWi\Microchip\Common\Console.c
        ClearNetworkTable   0x0040d6    program     extern C:\Pic CUBE MiWi\Microchip\MiWi\MiWi.c
               ConsoleGet   0x0068cc    program     extern C:\Pic CUBE MiWi\Microchip\Common\Console.c
         ConsoleGetString   0x006854    program     extern C:\Pic CUBE MiWi\Microchip\Common\Console.c
              ConsoleInit   0x006734    program     extern C:\Pic CUBE MiWi\Microchip\Common\Console.c
               ConsolePut   0x00677c    program     extern C:\Pic CUBE MiWi\Microchip\Common\Console.c
      ConsolePutROMString   0x006742    program     extern C:\Pic CUBE MiWi\Microchip\Common\Console.c
            DiscardPacket   0x003b58    program     extern C:\Pic CUBE MiWi\Microchip\MiWi\MiWi.c
        DiscoverNodeByEUI   0x003e8a    program     extern C:\Pic CUBE MiWi\Microchip\MiWi\MiWi.c
         DumpNetworkTable   0x003e88    program     extern C:\Pic CUBE MiWi\Microchip\MiWi\MiWi.c
                 FXD0808U   0x006d50    program     extern C:\MCC18\src\traditional\math\fxd0808u.c
              FormNetwork   0x004272    program     extern C:\Pic CUBE MiWi\Microchip\MiWi\MiWi.c
                GetString   0x0068d8    program     extern C:\Pic CUBE MiWi\Microchip\Common\Console.c
                  HighISR   0x005cf2    program     extern C:\Pic CUBE MiWi\Microchip\MiWi\MiWi.c
               HighVector   0x000008    program     extern C:\Pic CUBE MiWi\Microchip\MiWi\MiWi.c
          InitSymbolTimer   0x006ae8    program     extern C:\Pic CUBE MiWi\Microchip\MiWi\SymbolTime.c
              JoinNetwork   0x005138    program     extern C:\Pic CUBE MiWi\Microchip\MiWi\MiWi.c
                LowVector   0x000018    program     extern C:\Pic CUBE MiWi\Microchip\MiWi\MiWi.c
            MRF24J40Sleep   0x005b26    program     extern C:\Pic CUBE MiWi\Microchip\MiWi\MiWi.c
             MRF24J40Wake   0x005b6e    program     extern C:\Pic CUBE MiWi\Microchip\MiWi\MiWi.c
                 MiWiInit   0x005ab8    program     extern C:\Pic CUBE MiWi\Microchip\MiWi\MiWi.c
                MiWiTasks   0x000038    program     extern C:\Pic CUBE MiWi\Microchip\MiWi\MiWi.c
               OpenSocket   0x0045e0    program     extern C:\Pic CUBE MiWi\Microchip\MiWi\MiWi.c
                OpenUSART   0x006c12    program     extern C:\MCC18\src\pmc_common\USART\uopen.c
        PHYGetLongRAMAddr   0x003de4    program     extern C:\Pic CUBE MiWi\Microchip\MiWi\MiWi.c
       PHYGetShortRAMAddr   0x003d84    program     extern C:\Pic CUBE MiWi\Microchip\MiWi\MiWi.c
        PHYSetLongRAMAddr   0x003cb0    program     extern C:\Pic CUBE MiWi\Microchip\MiWi\MiWi.c
       PHYSetShortRAMAddr   0x003d3a    program     extern C:\Pic CUBE MiWi\Microchip\MiWi\MiWi.c
                PrintChar   0x006796    program     extern C:\Pic CUBE MiWi\Microchip\Common\Console.c
                 PrintDec   0x0067f8    program     extern C:\Pic CUBE MiWi\Microchip\Common\Console.c
                ReadUSART   0x006c9c    program     extern C:\MCC18\src\pmc_common\USART\uread.c
                   SPIGet   0x006d2a    program     extern C:\Pic CUBE MiWi\Microchip\MiWi\MSPI.c
                   SPIPut   0x006d08    program     extern C:\Pic CUBE MiWi\Microchip\MiWi\MSPI.c
     SearchForLongAddress   0x0055cc    program     extern C:\Pic CUBE MiWi\Microchip\MiWi\MiWi.c
    SearchForShortAddress   0x00551c    program     extern C:\Pic CUBE MiWi\Microchip\MiWi\MiWi.c
      SendIndirectMessage   0x00533c    program     extern C:\Pic CUBE MiWi\Microchip\MiWi\MiWi.c
       SendIndirectPacket   0x00356c    program     extern C:\Pic CUBE MiWi\Microchip\MiWi\MiWi.c
       SendReportByHandle   0x002cec    program     extern C:\Pic CUBE MiWi\Microchip\MiWi\MiWi.c
  SendReportByLongAddress   0x002978    program     extern C:\Pic CUBE MiWi\Microchip\MiWi\MiWi.c
 SendReportByShortAddress   0x00267e    program     extern C:\Pic CUBE MiWi\Microchip\MiWi\MiWi.c
             SendTxBuffer   0x003bb8    program     extern C:\Pic CUBE MiWi\Microchip\MiWi\MiWi.c
               SetChannel   0x0054d2    program     extern C:\Pic CUBE MiWi\Microchip\MiWi\MiWi.c
                  TickGet   0x006afc    program     extern C:\Pic CUBE MiWi\Microchip\MiWi\SymbolTime.c
               WriteUSART   0x006cda    program     extern C:\MCC18\src\pmc_common\USART\uwrite.c
       ___return_lbl00000   0x000004    program     static                          
       ___return_lbl00000   0x006d6a    program     static                          
       ___return_lbl00001   0x006d4e    program     static                          
       ___return_lbl00002   0x006ae6    program     static                          
       ___return_lbl00313   0x003d30    program     static                          
       ___return_lbl00314   0x003d7a    program     static                          
       ___return_lbl00315   0x003dcc    program     static                          
       ___return_lbl00316   0x003e70    program     static                          
       ___return_lbl00486   0x00000c    program     static                          
       ___return_lbl00487   0x00001c    program     static                          
                   __init   0x000006    program     extern C:\MCC18\src\traditional\stdclib\__init.c
               __string_0   0x006715    program     static C:\Pic CUBE MiWi\Microchip\MiWi\MiWi.c
               __string_1   0x0064e7    program     static C:\Pic Cube MiWi\MiWi Coordinator\main.c
               __string_1   0x0066e4    program     static C:\Pic CUBE MiWi\Microchip\MiWi\MiWi.c
              __string_10   0x006607    program     static C:\Pic CUBE MiWi\Microchip\MiWi\MiWi.c
              __string_10   0x00648b    program     static C:\Pic Cube MiWi\MiWi Coordinator\main.c
              __string_11   0x006604    program     static C:\Pic CUBE MiWi\Microchip\MiWi\MiWi.c
              __string_11   0x006481    program     static C:\Pic Cube MiWi\MiWi Coordinator\main.c
              __string_12   0x0065ee    program     static C:\Pic CUBE MiWi\Microchip\MiWi\MiWi.c
              __string_12   0x006464    program     static C:\Pic Cube MiWi\MiWi Coordinator\main.c
              __string_13   0x00643c    program     static C:\Pic Cube MiWi\MiWi Coordinator\main.c
              __string_13   0x0065e7    program     static C:\Pic CUBE MiWi\Microchip\MiWi\MiWi.c
              __string_14   0x00641f    program     static C:\Pic Cube MiWi\MiWi Coordinator\main.c
              __string_14   0x0065d8    program     static C:\Pic CUBE MiWi\Microchip\MiWi\MiWi.c
              __string_15   0x0065c2    program     static C:\Pic CUBE MiWi\Microchip\MiWi\MiWi.c
              __string_15   0x0063fd    program     static C:\Pic Cube MiWi\MiWi Coordinator\main.c
              __string_16   0x0065a4    program     static C:\Pic CUBE MiWi\Microchip\MiWi\MiWi.c
              __string_16   0x0063e6    program     static C:\Pic Cube MiWi\MiWi Coordinator\main.c
              __string_17   0x006588    program     static C:\Pic CUBE MiWi\Microchip\MiWi\MiWi.c
              __string_18   0x00656a    program     static C:\Pic CUBE MiWi\Microchip\MiWi\MiWi.c
              __string_19   0x00653f    program     static C:\Pic CUBE MiWi\Microchip\MiWi\MiWi.c
               __string_2   0x0064df    program     static C:\Pic Cube MiWi\MiWi Coordinator\main.c
               __string_2   0x0066cb    program     static C:\Pic CUBE MiWi\Microchip\MiWi\MiWi.c
              __string_20   0x006520    program     static C:\Pic CUBE MiWi\Microchip\MiWi\MiWi.c
              __string_21   0x006515    program     static C:\Pic CUBE MiWi\Microchip\MiWi\MiWi.c
              __string_22   0x006504    program     static C:\Pic CUBE MiWi\Microchip\MiWi\MiWi.c
              __string_23   0x0064ea    program     static C:\Pic CUBE MiWi\Microchip\MiWi\MiWi.c
               __string_3   0x0064d4    program     static C:\Pic Cube MiWi\MiWi Coordinator\main.c
               __string_3   0x0066a2    program     static C:\Pic CUBE MiWi\Microchip\MiWi\MiWi.c
               __string_4   0x0064ce    program     static C:\Pic Cube MiWi\MiWi Coordinator\main.c
               __string_4   0x006685    program     static C:\Pic CUBE MiWi\Microchip\MiWi\MiWi.c
               __string_5   0x0064c4    program     static C:\Pic Cube MiWi\MiWi Coordinator\main.c
               __string_5   0x00666e    program     static C:\Pic CUBE MiWi\Microchip\MiWi\MiWi.c
               __string_6   0x0064bb    program     static C:\Pic Cube MiWi\MiWi Coordinator\main.c
               __string_6   0x006659    program     static C:\Pic CUBE MiWi\Microchip\MiWi\MiWi.c
               __string_7   0x0064a0    program     static C:\Pic Cube MiWi\MiWi Coordinator\main.c
               __string_7   0x006644    program     static C:\Pic CUBE MiWi\Microchip\MiWi\MiWi.c
               __string_8   0x00662b    program     static C:\Pic CUBE MiWi\Microchip\MiWi\MiWi.c
               __string_8   0x006499    program     static C:\Pic Cube MiWi\MiWi Coordinator\main.c
               __string_9   0x006627    program     static C:\Pic CUBE MiWi\Microchip\MiWi\MiWi.c
               __string_9   0x006492    program     static C:\Pic Cube MiWi\MiWi Coordinator\main.c
             __tmplbl_100   0x002168    program     static                          
             __tmplbl_101   0x002168    program     static                          
             __tmplbl_154   0x005124    program     static                          
             __tmplbl_155   0x005124    program     static                          
             __tmplbl_156   0x005124    program     static                          
             __tmplbl_157   0x005124    program     static                          
              __tmplbl_45   0x002172    program     static                          
              __tmplbl_46   0x00216e    program     static                          
              __tmplbl_47   0x0017a6    program     static                          
              __tmplbl_48   0x001522    program     static                          
              __tmplbl_49   0x002168    program     static                          
              __tmplbl_56   0x0014b4    program     static                          
              __tmplbl_57   0x0014b4    program     static                          
              __tmplbl_58   0x0014b4    program     static                          
              __tmplbl_59   0x0014b4    program     static                          
              __tmplbl_61   0x001490    program     static                          
              __tmplbl_62   0x001490    program     static                          
              __tmplbl_63   0x0013c6    program     static                          
              __tmplbl_64   0x001116    program     static                          
              __tmplbl_65   0x0010c8    program     static                          
              __tmplbl_68   0x002168    program     static                          
              __tmplbl_69   0x002168    program     static                          
              __tmplbl_72   0x002168    program     static                          
              __tmplbl_73   0x00150e    program     static                          
              __tmplbl_74   0x002168    program     static                          
              __tmplbl_76   0x002168    program     static                          
              __tmplbl_77   0x002168    program     static                          
              __tmplbl_78   0x002168    program     static                          
              __tmplbl_79   0x002168    program     static                          
              __tmplbl_81   0x002168    program     static                          
              __tmplbl_83   0x002168    program     static                          
              __tmplbl_84   0x002168    program     static                          
              __tmplbl_85   0x002168    program     static                          
              __tmplbl_87   0x002168    program     static                          
              __tmplbl_88   0x002168    program     static                          
              __tmplbl_89   0x002168    program     static                          
              __tmplbl_90   0x002168    program     static                          
              __tmplbl_91   0x002168    program     static                          
              __tmplbl_92   0x002168    program     static                          
              __tmplbl_93   0x002008    program     static                          
              __tmplbl_96   0x002168    program     static                          
            __zero_memory   0x006d7c    program     extern C:\MCC18\src\traditional\proc\p18F4520.asm
                _do_cinit   0x006a4a    program     extern C:\MCC18\src\traditional\startup\c018i.c
                   _entry   0x000000    program     extern C:\MCC18\src\traditional\startup\c018i.c
                 _startup   0x006d34    program     extern C:\MCC18\src\traditional\startup\c018i.c
                     atoi   0x006960    program     extern C:\MCC18\src\traditional\stdclib\atoi.asm
        availableChannels   0x006d8a    program     extern C:\Pic Cube MiWi\MiWi Coordinator\main.c
               clear_loop   0x006d82    program     static C:\MCC18\src\traditional\proc\p18F4520.asm
                 config1H   0x300001    program     extern C:\Pic Cube MiWi\MiWi Coordinator\ConfigFuses.c
                 config2H   0x300003    program     extern C:\Pic Cube MiWi\MiWi Coordinator\ConfigFuses.c
                 config2L   0x300002    program     extern C:\Pic Cube MiWi\MiWi Coordinator\ConfigFuses.c
                 config3H   0x300005    program     extern C:\Pic Cube MiWi\MiWi Coordinator\ConfigFuses.c
                 config4L   0x300006    program     extern C:\Pic Cube MiWi\MiWi Coordinator\ConfigFuses.c
    configure_serial_port   0x006b82    program     extern C:\Pic Cube MiWi\MiWi Coordinator\user_serial.c
                copy_loop   0x006abc    program     static                          
            copy_one_byte   0x006ac2    program     static                          
              dimmer_node   0x005fe6    program     extern C:\Pic Cube MiWi\MiWi Coordinator\main.c
                     done   0x006ae6    program     static                          
             done_copying   0x006ad0    program     static                          
                  endloop   0x006d66    program     static                          
     findNextNetworkEntry   0x003b76    program     extern C:\Pic CUBE MiWi\Microchip\MiWi\MiWi.c
            get_rs232_cmd   0x006066    program     extern C:\Pic Cube MiWi\MiWi Coordinator\main.c
             initMRF24J40   0x005844    program     extern C:\Pic CUBE MiWi\Microchip\MiWi\MiWi.c
                     jEnd   0x006a1e    program     static C:\MCC18\src\traditional\stdclib\atoi.asm
                 jEndLoop   0x006a06    program     static C:\MCC18\src\traditional\stdclib\atoi.asm
                    jLoop   0x0069b8    program     static C:\MCC18\src\traditional\stdclib\atoi.asm
                  jSkipWS   0x00698e    program     static C:\MCC18\src\traditional\stdclib\atoi.asm
                 jSkipWS1   0x0069a0    program     static C:\MCC18\src\traditional\stdclib\atoi.asm
                 jTstSign   0x0069a4    program     static C:\MCC18\src\traditional\stdclib\atoi.asm
                jTstSign1   0x0069b0    program     static C:\MCC18\src\traditional\stdclib\atoi.asm
                jTstSign2   0x0069b6    program     static C:\MCC18\src\traditional\stdclib\atoi.asm
                jTstSign3   0x0069b8    program     static C:\MCC18\src\traditional\stdclib\atoi.asm
                     loop   0x006d58    program     static                          
                     loop   0x006d44    program     static                          
                     main   0x00630e    program     extern C:\Pic Cube MiWi\MiWi Coordinator\main.c
            myLongAddress   0x00000e    program     extern C:\Pic Cube MiWi\MiWi Coordinator\main.c
     myManufacturerString   0x006d8b    program     extern C:\Pic Cube MiWi\MiWi Coordinator\main.c
                 pega_cmd   0x0061fc    program     extern C:\Pic Cube MiWi\MiWi Coordinator\main.c
      receive_serial_data   0x006b9e    program     extern C:\Pic Cube MiWi\MiWi Coordinator\user_serial.c
          send_nodes_list   0x005e6c    program     extern C:\Pic Cube MiWi\MiWi Coordinator\main.c
                     test   0x006a64    program     static                          
     transmit_serial_data   0x006bde    program     extern C:\Pic Cube MiWi\MiWi Coordinator\user_serial.c
                 turn_off   0x005f8e    program     extern C:\Pic Cube MiWi\MiWi Coordinator\main.c
                  turn_on   0x005f36    program     extern C:\Pic Cube MiWi\MiWi Coordinator\main.c
                   ADCON0   0x000fc2       data     extern C:\MCC18\src\traditional\proc\p18F4520.asm
               ADCON0bits   0x000fc2       data     extern C:\MCC18\src\traditional\proc\p18F4520.asm
                   ADCON1   0x000fc1       data     extern C:\MCC18\src\traditional\proc\p18F4520.asm
               ADCON1bits   0x000fc1       data     extern C:\MCC18\src\traditional\proc\p18F4520.asm
                   ADCON2   0x000fc0       data     extern C:\MCC18\src\traditional\proc\p18F4520.asm
               ADCON2bits   0x000fc0       data     extern C:\MCC18\src\traditional\proc\p18F4520.asm
                    ADRES   0x000fc3       data     extern C:\MCC18\src\traditional\proc\p18F4520.asm
                   ADRESH   0x000fc4       data     extern C:\MCC18\src\traditional\proc\p18F4520.asm
                   ADRESL   0x000fc3       data     extern C:\MCC18\src\traditional\proc\p18F4520.asm
                  BAUDCON   0x000fb8       data     extern C:\MCC18\src\traditional\proc\p18F4520.asm
              BAUDCONbits   0x000fb8       data     extern C:\MCC18\src\traditional\proc\p18F4520.asm
                  BAUDCTL   0x000fb8       data     extern C:\MCC18\src\traditional\proc\p18F4520.asm
              BAUDCTLbits   0x000fb8       data     extern C:\MCC18\src\traditional\proc\p18F4520.asm
                      BSR   0x000fe0       data     extern C:\MCC18\src\traditional\proc\p18F4520.asm
                  CCP1CON   0x000fbd       data     extern C:\MCC18\src\traditional\proc\p18F4520.asm
              CCP1CONbits   0x000fbd       data     extern C:\MCC18\src\traditional\proc\p18F4520.asm
                  CCP2CON   0x000fba       data     extern C:\MCC18\src\traditional\proc\p18F4520.asm
              CCP2CONbits   0x000fba       data     extern C:\MCC18\src\traditional\proc\p18F4520.asm
                    CCPR1   0x000fbe       data     extern C:\MCC18\src\traditional\proc\p18F4520.asm
                   CCPR1H   0x000fbf       data     extern C:\MCC18\src\traditional\proc\p18F4520.asm
                   CCPR1L   0x000fbe       data     extern C:\MCC18\src\traditional\proc\p18F4520.asm
                    CCPR2   0x000fbb       data     extern C:\MCC18\src\traditional\proc\p18F4520.asm
                   CCPR2H   0x000fbc       data     extern C:\MCC18\src\traditional\proc\p18F4520.asm
                   CCPR2L   0x000fbb       data     extern C:\MCC18\src\traditional\proc\p18F4520.asm
                    CMCON   0x000fb4       data     extern C:\MCC18\src\traditional\proc\p18F4520.asm
                CMCONbits   0x000fb4       data     extern C:\MCC18\src\traditional\proc\p18F4520.asm
                   CVRCON   0x000fb5       data     extern C:\MCC18\src\traditional\proc\p18F4520.asm
               CVRCONbits   0x000fb5       data     extern C:\MCC18\src\traditional\proc\p18F4520.asm
                     DDRA   0x000f92       data     extern C:\MCC18\src\traditional\proc\p18F4520.asm
                 DDRAbits   0x000f92       data     extern C:\MCC18\src\traditional\proc\p18F4520.asm
                     DDRB   0x000f93       data     extern C:\MCC18\src\traditional\proc\p18F4520.asm
                 DDRBbits   0x000f93       data     extern C:\MCC18\src\traditional\proc\p18F4520.asm
                     DDRC   0x000f94       data     extern C:\MCC18\src\traditional\proc\p18F4520.asm
                 DDRCbits   0x000f94       data     extern C:\MCC18\src\traditional\proc\p18F4520.asm
                     DDRD   0x000f95       data     extern C:\MCC18\src\traditional\proc\p18F4520.asm
                 DDRDbits   0x000f95       data     extern C:\MCC18\src\traditional\proc\p18F4520.asm
                     DDRE   0x000f96       data     extern C:\MCC18\src\traditional\proc\p18F4520.asm
                 DDREbits   0x000f96       data     extern C:\MCC18\src\traditional\proc\p18F4520.asm
                  ECCP1AS   0x000fb6       data     extern C:\MCC18\src\traditional\proc\p18F4520.asm
              ECCP1ASbits   0x000fb6       data     extern C:\MCC18\src\traditional\proc\p18F4520.asm
                    EEADR   0x000fa9       data     extern C:\MCC18\src\traditional\proc\p18F4520.asm
                   EECON1   0x000fa6       data     extern C:\MCC18\src\traditional\proc\p18F4520.asm
               EECON1bits   0x000fa6       data     extern C:\MCC18\src\traditional\proc\p18F4520.asm
                   EECON2   0x000fa7       data     extern C:\MCC18\src\traditional\proc\p18F4520.asm
                   EEDATA   0x000fa8       data     extern C:\MCC18\src\traditional\proc\p18F4520.asm
                     FSR0   0x000fe9       data     extern C:\MCC18\src\traditional\proc\p18F4520.asm
                    FSR0H   0x000fea       data     extern C:\MCC18\src\traditional\proc\p18F4520.asm
                    FSR0L   0x000fe9       data     extern C:\MCC18\src\traditional\proc\p18F4520.asm
                     FSR1   0x000fe1       data     extern C:\MCC18\src\traditional\proc\p18F4520.asm
                    FSR1H   0x000fe2       data     extern C:\MCC18\src\traditional\proc\p18F4520.asm
                    FSR1L   0x000fe1       data     extern C:\MCC18\src\traditional\proc\p18F4520.asm
                     FSR2   0x000fd9       data     extern C:\MCC18\src\traditional\proc\p18F4520.asm
                    FSR2H   0x000fda       data     extern C:\MCC18\src\traditional\proc\p18F4520.asm
                    FSR2L   0x000fd9       data     extern C:\MCC18\src\traditional\proc\p18F4520.asm
                  HLVDCON   0x000fd2       data     extern C:\MCC18\src\traditional\proc\p18F4520.asm
              HLVDCONbits   0x000fd2       data     extern C:\MCC18\src\traditional\proc\p18F4520.asm
               IEEESeqNum   0x000523       data     extern C:\Pic CUBE MiWi\Microchip\MiWi\MiWi.c
                    INDF0   0x000fef       data     extern C:\MCC18\src\traditional\proc\p18F4520.asm
                    INDF1   0x000fe7       data     extern C:\MCC18\src\traditional\proc\p18F4520.asm
                    INDF2   0x000fdf       data     extern C:\MCC18\src\traditional\proc\p18F4520.asm
                   INTCON   0x000ff2       data     extern C:\MCC18\src\traditional\proc\p18F4520.asm
                  INTCON2   0x000ff1       data     extern C:\MCC18\src\traditional\proc\p18F4520.asm
              INTCON2bits   0x000ff1       data     extern C:\MCC18\src\traditional\proc\p18F4520.asm
                  INTCON3   0x000ff0       data     extern C:\MCC18\src\traditional\proc\p18F4520.asm
              INTCON3bits   0x000ff0       data     extern C:\MCC18\src\traditional\proc\p18F4520.asm
               INTCONbits   0x000ff2       data     extern C:\MCC18\src\traditional\proc\p18F4520.asm
                     IPR1   0x000f9f       data     extern C:\MCC18\src\traditional\proc\p18F4520.asm
                 IPR1bits   0x000f9f       data     extern C:\MCC18\src\traditional\proc\p18F4520.asm
                     IPR2   0x000fa2       data     extern C:\MCC18\src\traditional\proc\p18F4520.asm
                 IPR2bits   0x000fa2       data     extern C:\MCC18\src\traditional\proc\p18F4520.asm
                     LATA   0x000f89       data     extern C:\MCC18\src\traditional\proc\p18F4520.asm
                 LATAbits   0x000f89       data     extern C:\MCC18\src\traditional\proc\p18F4520.asm
                     LATB   0x000f8a       data     extern C:\MCC18\src\traditional\proc\p18F4520.asm
                 LATBbits   0x000f8a       data     extern C:\MCC18\src\traditional\proc\p18F4520.asm
                     LATC   0x000f8b       data     extern C:\MCC18\src\traditional\proc\p18F4520.asm
                 LATCbits   0x000f8b       data     extern C:\MCC18\src\traditional\proc\p18F4520.asm
                     LATD   0x000f8c       data     extern C:\MCC18\src\traditional\proc\p18F4520.asm
                 LATDbits   0x000f8c       data     extern C:\MCC18\src\traditional\proc\p18F4520.asm
                     LATE   0x000f8d       data     extern C:\MCC18\src\traditional\proc\p18F4520.asm
                 LATEbits   0x000f8d       data     extern C:\MCC18\src\traditional\proc\p18F4520.asm
                   LVDCON   0x000fd2       data     extern C:\MCC18\src\traditional\proc\p18F4520.asm
               LVDCONbits   0x000fd2       data     extern C:\MCC18\src\traditional\proc\p18F4520.asm
               MiWiSeqNum   0x000524       data     extern C:\Pic CUBE MiWi\Microchip\MiWi\MiWi.c
         MiWiStateMachine   0x0005da       data     extern C:\Pic CUBE MiWi\Microchip\MiWi\MiWi.c
               MiWiStatus   0x0005c9       data     extern C:\Pic CUBE MiWi\Microchip\MiWi\MiWi.c
                   OSCCON   0x000fd3       data     extern C:\MCC18\src\traditional\proc\p18F4520.asm
               OSCCONbits   0x000fd3       data     extern C:\MCC18\src\traditional\proc\p18F4520.asm
                  OSCTUNE   0x000f9b       data     extern C:\MCC18\src\traditional\proc\p18F4520.asm
              OSCTUNEbits   0x000f9b       data     extern C:\MCC18\src\traditional\proc\p18F4520.asm
                       PC   0x000ff9       data     extern C:\MCC18\src\traditional\proc\p18F4520.asm
                      PCL   0x000ff9       data     extern C:\MCC18\src\traditional\proc\p18F4520.asm
                   PCLATH   0x000ffa       data     extern C:\MCC18\src\traditional\proc\p18F4520.asm
                   PCLATU   0x000ffb       data     extern C:\MCC18\src\traditional\proc\p18F4520.asm
                     PIE1   0x000f9d       data     extern C:\MCC18\src\traditional\proc\p18F4520.asm
                 PIE1bits   0x000f9d       data     extern C:\MCC18\src\traditional\proc\p18F4520.asm
                     PIE2   0x000fa0       data     extern C:\MCC18\src\traditional\proc\p18F4520.asm
                 PIE2bits   0x000fa0       data     extern C:\MCC18\src\traditional\proc\p18F4520.asm
                     PIR1   0x000f9e       data     extern C:\MCC18\src\traditional\proc\p18F4520.asm
                 PIR1bits   0x000f9e       data     extern C:\MCC18\src\traditional\proc\p18F4520.asm
                     PIR2   0x000fa1       data     extern C:\MCC18\src\traditional\proc\p18F4520.asm
                 PIR2bits   0x000fa1       data     extern C:\MCC18\src\traditional\proc\p18F4520.asm
                   PLUSW0   0x000feb       data     extern C:\MCC18\src\traditional\proc\p18F4520.asm
                   PLUSW1   0x000fe3       data     extern C:\MCC18\src\traditional\proc\p18F4520.asm
                   PLUSW2   0x000fdb       data     extern C:\MCC18\src\traditional\proc\p18F4520.asm
                    PORTA   0x000f80       data     extern C:\MCC18\src\traditional\proc\p18F4520.asm
                PORTAbits   0x000f80       data     extern C:\MCC18\src\traditional\proc\p18F4520.asm
                    PORTB   0x000f81       data     extern C:\MCC18\src\traditional\proc\p18F4520.asm
                PORTBbits   0x000f81       data     extern C:\MCC18\src\traditional\proc\p18F4520.asm
                    PORTC   0x000f82       data     extern C:\MCC18\src\traditional\proc\p18F4520.asm
                PORTCbits   0x000f82       data     extern C:\MCC18\src\traditional\proc\p18F4520.asm
                    PORTD   0x000f83       data     extern C:\MCC18\src\traditional\proc\p18F4520.asm
                PORTDbits   0x000f83       data     extern C:\MCC18\src\traditional\proc\p18F4520.asm
                    PORTE   0x000f84       data     extern C:\MCC18\src\traditional\proc\p18F4520.asm
                PORTEbits   0x000f84       data     extern C:\MCC18\src\traditional\proc\p18F4520.asm
                 POSTDEC0   0x000fed       data     extern C:\MCC18\src\traditional\proc\p18F4520.asm
                 POSTDEC1   0x000fe5       data     extern C:\MCC18\src\traditional\proc\p18F4520.asm
                 POSTDEC2   0x000fdd       data     extern C:\MCC18\src\traditional\proc\p18F4520.asm
                 POSTINC0   0x000fee       data     extern C:\MCC18\src\traditional\proc\p18F4520.asm
                 POSTINC1   0x000fe6       data     extern C:\MCC18\src\traditional\proc\p18F4520.asm
                 POSTINC2   0x000fde       data     extern C:\MCC18\src\traditional\proc\p18F4520.asm
                      PR2   0x000fcb       data     extern C:\MCC18\src\traditional\proc\p18F4520.asm
                  PREINC0   0x000fec       data     extern C:\MCC18\src\traditional\proc\p18F4520.asm
                  PREINC1   0x000fe4       data     extern C:\MCC18\src\traditional\proc\p18F4520.asm
                  PREINC2   0x000fdc       data     extern C:\MCC18\src\traditional\proc\p18F4520.asm
                     PROD   0x000ff3       data     extern C:\MCC18\src\traditional\proc\p18F4520.asm
                    PRODH   0x000ff4       data     extern C:\MCC18\src\traditional\proc\p18F4520.asm
                    PRODL   0x000ff3       data     extern C:\MCC18\src\traditional\proc\p18F4520.asm
                  PWM1CON   0x000fb7       data     extern C:\MCC18\src\traditional\proc\p18F4520.asm
              PWM1CONbits   0x000fb7       data     extern C:\MCC18\src\traditional\proc\p18F4520.asm
                     RCON   0x000fd0       data     extern C:\MCC18\src\traditional\proc\p18F4520.asm
                 RCONbits   0x000fd0       data     extern C:\MCC18\src\traditional\proc\p18F4520.asm
                    RCREG   0x000fae       data     extern C:\MCC18\src\traditional\proc\p18F4520.asm
                    RCSTA   0x000fab       data     extern C:\MCC18\src\traditional\proc\p18F4520.asm
                RCSTAbits   0x000fab       data     extern C:\MCC18\src\traditional\proc\p18F4520.asm
             RoutingTable   0x0005a4       data     extern C:\Pic CUBE MiWi\Microchip\MiWi\MiWi.c
                 RxBuffer   0x000100       data     extern C:\Pic CUBE MiWi\Microchip\MiWi\MiWi.c
                   RxData   0x0005d5       data     extern C:\Pic CUBE MiWi\Microchip\MiWi\MiWi.c
                   RxSize   0x000515       data     extern C:\Pic CUBE MiWi\Microchip\MiWi\MiWi.c
                     SIGN   0x00000e       data     extern C:\MCC18\src\traditional\math\cmath18.asm
                    SPBRG   0x000faf       data     extern C:\MCC18\src\traditional\proc\p18F4520.asm
                   SPBRGH   0x000fb0       data     extern C:\MCC18\src\traditional\proc\p18F4520.asm
                   SSPADD   0x000fc8       data     extern C:\MCC18\src\traditional\proc\p18F4520.asm
                   SSPBUF   0x000fc9       data     extern C:\MCC18\src\traditional\proc\p18F4520.asm
                  SSPCON1   0x000fc6       data     extern C:\MCC18\src\traditional\proc\p18F4520.asm
              SSPCON1bits   0x000fc6       data     extern C:\MCC18\src\traditional\proc\p18F4520.asm
                  SSPCON2   0x000fc5       data     extern C:\MCC18\src\traditional\proc\p18F4520.asm
              SSPCON2bits   0x000fc5       data     extern C:\MCC18\src\traditional\proc\p18F4520.asm
                  SSPSTAT   0x000fc7       data     extern C:\MCC18\src\traditional\proc\p18F4520.asm
              SSPSTATbits   0x000fc7       data     extern C:\MCC18\src\traditional\proc\p18F4520.asm
                   STATUS   0x000fd8       data     extern C:\MCC18\src\traditional\proc\p18F4520.asm
               STATUSbits   0x000fd8       data     extern C:\MCC18\src\traditional\proc\p18F4520.asm
                   STKPTR   0x000ffc       data     extern C:\MCC18\src\traditional\proc\p18F4520.asm
               STKPTRbits   0x000ffc       data     extern C:\MCC18\src\traditional\proc\p18F4520.asm
                    T0CON   0x000fd5       data     extern C:\MCC18\src\traditional\proc\p18F4520.asm
                T0CONbits   0x000fd5       data     extern C:\MCC18\src\traditional\proc\p18F4520.asm
                    T1CON   0x000fcd       data     extern C:\MCC18\src\traditional\proc\p18F4520.asm
                T1CONbits   0x000fcd       data     extern C:\MCC18\src\traditional\proc\p18F4520.asm
                    T2CON   0x000fca       data     extern C:\MCC18\src\traditional\proc\p18F4520.asm
                T2CONbits   0x000fca       data     extern C:\MCC18\src\traditional\proc\p18F4520.asm
                    T3CON   0x000fb1       data     extern C:\MCC18\src\traditional\proc\p18F4520.asm
                T3CONbits   0x000fb1       data     extern C:\MCC18\src\traditional\proc\p18F4520.asm
                   TABLAT   0x000ff5       data     extern C:\MCC18\src\traditional\proc\p18F4520.asm
                   TBLPTR   0x000ff6       data     extern C:\MCC18\src\traditional\proc\p18F4520.asm
                  TBLPTRH   0x000ff7       data     extern C:\MCC18\src\traditional\proc\p18F4520.asm
                  TBLPTRL   0x000ff6       data     extern C:\MCC18\src\traditional\proc\p18F4520.asm
                  TBLPTRU   0x000ff8       data     extern C:\MCC18\src\traditional\proc\p18F4520.asm
                    TMR0H   0x000fd7       data     extern C:\MCC18\src\traditional\proc\p18F4520.asm
                    TMR0L   0x000fd6       data     extern C:\MCC18\src\traditional\proc\p18F4520.asm
                    TMR1H   0x000fcf       data     extern C:\MCC18\src\traditional\proc\p18F4520.asm
                    TMR1L   0x000fce       data     extern C:\MCC18\src\traditional\proc\p18F4520.asm
                     TMR2   0x000fcc       data     extern C:\MCC18\src\traditional\proc\p18F4520.asm
                    TMR3H   0x000fb3       data     extern C:\MCC18\src\traditional\proc\p18F4520.asm
                    TMR3L   0x000fb2       data     extern C:\MCC18\src\traditional\proc\p18F4520.asm
                      TOS   0x000ffd       data     extern C:\MCC18\src\traditional\proc\p18F4520.asm
                     TOSH   0x000ffe       data     extern C:\MCC18\src\traditional\proc\p18F4520.asm
                     TOSL   0x000ffd       data     extern C:\MCC18\src\traditional\proc\p18F4520.asm
                     TOSU   0x000fff       data     extern C:\MCC18\src\traditional\proc\p18F4520.asm
                    TRISA   0x000f92       data     extern C:\MCC18\src\traditional\proc\p18F4520.asm
                TRISAbits   0x000f92       data     extern C:\MCC18\src\traditional\proc\p18F4520.asm
                    TRISB   0x000f93       data     extern C:\MCC18\src\traditional\proc\p18F4520.asm
                TRISBbits   0x000f93       data     extern C:\MCC18\src\traditional\proc\p18F4520.asm
                    TRISC   0x000f94       data     extern C:\MCC18\src\traditional\proc\p18F4520.asm
                TRISCbits   0x000f94       data     extern C:\MCC18\src\traditional\proc\p18F4520.asm
                    TRISD   0x000f95       data     extern C:\MCC18\src\traditional\proc\p18F4520.asm
                TRISDbits   0x000f95       data     extern C:\MCC18\src\traditional\proc\p18F4520.asm
                    TRISE   0x000f96       data     extern C:\MCC18\src\traditional\proc\p18F4520.asm
                TRISEbits   0x000f96       data     extern C:\MCC18\src\traditional\proc\p18F4520.asm
                    TXREG   0x000fad       data     extern C:\MCC18\src\traditional\proc\p18F4520.asm
                    TXSTA   0x000fac       data     extern C:\MCC18\src\traditional\proc\p18F4520.asm
                TXSTAbits   0x000fac       data     extern C:\MCC18\src\traditional\proc\p18F4520.asm
                 TxBuffer   0x00017f       data     extern C:\Pic CUBE MiWi\Microchip\MiWi\MiWi.c
                   TxData   0x000512       data     extern C:\Pic CUBE MiWi\Microchip\MiWi\MiWi.c
                 TxHeader   0x000511       data     extern C:\Pic CUBE MiWi\Microchip\MiWi\MiWi.c
             USART_Status   0x0005ea       data     extern C:\MCC18\src\pmc_common\USART\udefs.c
                        W   0x000fe8       data     extern C:\MCC18\src\traditional\proc\p18F4520.asm
                   WDTCON   0x000fd1       data     extern C:\MCC18\src\traditional\proc\p18F4520.asm
               WDTCONbits   0x000fd1       data     extern C:\MCC18\src\traditional\proc\p18F4520.asm
                     WREG   0x000fe8       data     extern C:\MCC18\src\traditional\proc\p18F4520.asm
                 __AARGB0   0x000007       data     extern C:\MCC18\src\traditional\math\aarg.asm
                 __AARGB1   0x000006       data     extern C:\MCC18\src\traditional\math\aarg.asm
                 __AARGB2   0x000005       data     extern C:\MCC18\src\traditional\math\aarg.asm
                 __AARGB3   0x000004       data     extern C:\MCC18\src\traditional\math\aarg.asm
                 __AARGB4   0x000003       data     extern C:\MCC18\src\traditional\math\aarg.asm
                 __AARGB5   0x000002       data     extern C:\MCC18\src\traditional\math\aarg.asm
                 __AARGB6   0x000001       data     extern C:\MCC18\src\traditional\math\aarg.asm
                 __AARGB7   0x000000       data     extern C:\MCC18\src\traditional\math\aarg.asm
                   __AEXP   0x000008       data     extern C:\MCC18\src\traditional\math\aarg.asm
                 __BARGB0   0x00000c       data     extern C:\MCC18\src\traditional\math\barg.asm
                 __BARGB1   0x00000b       data     extern C:\MCC18\src\traditional\math\barg.asm
                 __BARGB2   0x00000a       data     extern C:\MCC18\src\traditional\math\barg.asm
                 __BARGB3   0x000009       data     extern C:\MCC18\src\traditional\math\barg.asm
                   __BEXP   0x00000d       data     extern C:\MCC18\src\traditional\math\barg.asm
                __FPFLAGS   0x00000f       data     extern C:\MCC18\src\traditional\math\cmath18.asm
            __FPFLAGSbits   0x00000f       data     extern C:\MCC18\src\traditional\math\cmath18.asm
                  __REMB0   0x000003       data     extern C:\MCC18\src\traditional\math\aarg.asm
                  __REMB1   0x000002       data     extern C:\MCC18\src\traditional\math\aarg.asm
                  __REMB2   0x000001       data     extern C:\MCC18\src\traditional\math\aarg.asm
                  __REMB3   0x000000       data     extern C:\MCC18\src\traditional\math\aarg.asm
                  __tmp_0   0x000010       data     static C:\Pic Cube MiWi\MiWi Coordinator\main.c
                  __tmp_0   0x000010       data     static C:\Pic CUBE MiWi\Microchip\Common\Console.c
                  __tmp_0   0x000010       data     static C:\MCC18\src\pmc_common\USART\uopen.c
                  __tmp_0   0x000010       data     static C:\Pic Cube MiWi\MiWi Coordinator\user_serial.c
                  __tmp_0   0x000010       data     static C:\Pic CUBE MiWi\Microchip\MiWi\MiWi.c
                curr_byte   0x0005e1       data     static C:\MCC18\src\traditional\startup\c018i.c
               curr_entry   0x0005e3       data     static C:\MCC18\src\traditional\startup\c018i.c
           currentChannel   0x0005dc       data     extern C:\Pic CUBE MiWi\Microchip\MiWi\MiWi.c
     currentSearchChannel   0x000522       data     extern C:\Pic CUBE MiWi\Microchip\MiWi\MiWi.c
                 data_ptr   0x0005e5       data     static C:\MCC18\src\traditional\startup\c018i.c
       data_ready_to_send   0x0005eb       data     extern C:\Pic Cube MiWi\MiWi Coordinator\user_serial.c
                 destInfo   0x000500       data     extern C:\Pic CUBE MiWi\Microchip\MiWi\MiWi.c
           failureCounter   0x0005ec       data     extern C:\Pic CUBE MiWi\Microchip\MiWi\MiWi.c
           indirectBuffer   0x000525       data     extern C:\Pic CUBE MiWi\Microchip\MiWi\MiWi.c
        knownCoordinators   0x0005ac       data     extern C:\Pic CUBE MiWi\Microchip\MiWi\MiWi.c
                  myPANID   0x0005d8       data     extern C:\Pic CUBE MiWi\Microchip\MiWi\MiWi.c
                 myParent   0x0005dd       data     extern C:\Pic CUBE MiWi\Microchip\MiWi\MiWi.c
           myShortAddress   0x0005d6       data     extern C:\Pic CUBE MiWi\Microchip\MiWi\MiWi.c
            networkStatus   0x0005cb       data     extern C:\Pic CUBE MiWi\Microchip\MiWi\MiWi.c
             networkTable   0x000200       data     extern C:\Pic CUBE MiWi\Microchip\MiWi\MiWi.c
           openSocketInfo   0x0005ae       data     extern C:\Pic CUBE MiWi\Microchip\MiWi\MiWi.c
                  pRxData   0x000513       data     extern C:\Pic CUBE MiWi\Microchip\MiWi\MiWi.c
                     prom   0x0005de       data     static C:\MCC18\src\traditional\startup\c018i.c
                     role   0x0005ad       data     extern C:\Pic CUBE MiWi\Microchip\MiWi\MiWi.c
         sendReportStatus   0x0005c8       data     extern C:\Pic CUBE MiWi\Microchip\MiWi\MiWi.c
                serial_in   0x0001fe       data     extern C:\Pic Cube MiWi\MiWi Coordinator\user_serial.c
               serial_out   0x0001ff       data     extern C:\Pic Cube MiWi\MiWi Coordinator\user_serial.c
                startTick   0x000516       data     extern C:\Pic CUBE MiWi\Microchip\MiWi\MiWi.c
          tempLongAddress   0x000504       data     extern C:\Pic CUBE MiWi\Microchip\MiWi\MiWi.c
           tempNodeStatus   0x00050c       data     extern C:\Pic CUBE MiWi\Microchip\MiWi\MiWi.c
                tempPANID   0x00050f       data     extern C:\Pic CUBE MiWi\Microchip\MiWi\MiWi.c
         tempShortAddress   0x00050d       data     extern C:\Pic CUBE MiWi\Microchip\MiWi\MiWi.c
          tickCurrentTime   0x00051e       data     extern C:\Pic CUBE MiWi\Microchip\MiWi\MiWi.c
           tickDifference   0x00051a       data     extern C:\Pic CUBE MiWi\Microchip\MiWi\MiWi.c
          timerExtension1   0x0005e8       data     extern C:\Pic CUBE MiWi\Microchip\MiWi\SymbolTime.c
          timerExtension2   0x0005e9       data     extern C:\Pic CUBE MiWi\Microchip\MiWi\SymbolTime.c



                              Symbols - Sorted by Address
                     Name    Address   Location    Storage File                     
                ---------  ---------  ---------  --------- ---------                
                   _entry   0x000000    program     extern C:\MCC18\src\traditional\startup\c018i.c
       ___return_lbl00000   0x000004    program     static                          
                   __init   0x000006    program     extern C:\MCC18\src\traditional\stdclib\__init.c
               HighVector   0x000008    program     extern C:\Pic CUBE MiWi\Microchip\MiWi\MiWi.c
       ___return_lbl00486   0x00000c    program     static                          
            myLongAddress   0x00000e    program     extern C:\Pic Cube MiWi\MiWi Coordinator\main.c
                LowVector   0x000018    program     extern C:\Pic CUBE MiWi\Microchip\MiWi\MiWi.c
       ___return_lbl00487   0x00001c    program     static                          
                MiWiTasks   0x000038    program     extern C:\Pic CUBE MiWi\Microchip\MiWi\MiWi.c
              __tmplbl_65   0x0010c8    program     static                          
              __tmplbl_64   0x001116    program     static                          
              __tmplbl_63   0x0013c6    program     static                          
              __tmplbl_62   0x001490    program     static                          
              __tmplbl_61   0x001490    program     static                          
              __tmplbl_59   0x0014b4    program     static                          
              __tmplbl_58   0x0014b4    program     static                          
              __tmplbl_57   0x0014b4    program     static                          
              __tmplbl_56   0x0014b4    program     static                          
              __tmplbl_73   0x00150e    program     static                          
              __tmplbl_48   0x001522    program     static                          
              __tmplbl_47   0x0017a6    program     static                          
              __tmplbl_93   0x002008    program     static                          
              __tmplbl_74   0x002168    program     static                          
              __tmplbl_84   0x002168    program     static                          
              __tmplbl_85   0x002168    program     static                          
              __tmplbl_87   0x002168    program     static                          
              __tmplbl_76   0x002168    program     static                          
              __tmplbl_77   0x002168    program     static                          
              __tmplbl_78   0x002168    program     static                          
              __tmplbl_79   0x002168    program     static                          
              __tmplbl_83   0x002168    program     static                          
              __tmplbl_81   0x002168    program     static                          
              __tmplbl_88   0x002168    program     static                          
              __tmplbl_89   0x002168    program     static                          
              __tmplbl_72   0x002168    program     static                          
              __tmplbl_69   0x002168    program     static                          
              __tmplbl_68   0x002168    program     static                          
              __tmplbl_90   0x002168    program     static                          
              __tmplbl_91   0x002168    program     static                          
              __tmplbl_92   0x002168    program     static                          
              __tmplbl_49   0x002168    program     static                          
              __tmplbl_96   0x002168    program     static                          
             __tmplbl_101   0x002168    program     static                          
             __tmplbl_100   0x002168    program     static                          
              __tmplbl_46   0x00216e    program     static                          
              __tmplbl_45   0x002172    program     static                          
 SendReportByShortAddress   0x00267e    program     extern C:\Pic CUBE MiWi\Microchip\MiWi\MiWi.c
  SendReportByLongAddress   0x002978    program     extern C:\Pic CUBE MiWi\Microchip\MiWi\MiWi.c
       SendReportByHandle   0x002cec    program     extern C:\Pic CUBE MiWi\Microchip\MiWi\MiWi.c
       SendIndirectPacket   0x00356c    program     extern C:\Pic CUBE MiWi\Microchip\MiWi\MiWi.c
            DiscardPacket   0x003b58    program     extern C:\Pic CUBE MiWi\Microchip\MiWi\MiWi.c
     findNextNetworkEntry   0x003b76    program     extern C:\Pic CUBE MiWi\Microchip\MiWi\MiWi.c
             SendTxBuffer   0x003bb8    program     extern C:\Pic CUBE MiWi\Microchip\MiWi\MiWi.c
        PHYSetLongRAMAddr   0x003cb0    program     extern C:\Pic CUBE MiWi\Microchip\MiWi\MiWi.c
       ___return_lbl00313   0x003d30    program     static                          
       PHYSetShortRAMAddr   0x003d3a    program     extern C:\Pic CUBE MiWi\Microchip\MiWi\MiWi.c
       ___return_lbl00314   0x003d7a    program     static                          
       PHYGetShortRAMAddr   0x003d84    program     extern C:\Pic CUBE MiWi\Microchip\MiWi\MiWi.c
       ___return_lbl00315   0x003dcc    program     static                          
        PHYGetLongRAMAddr   0x003de4    program     extern C:\Pic CUBE MiWi\Microchip\MiWi\MiWi.c
       ___return_lbl00316   0x003e70    program     static                          
         DumpNetworkTable   0x003e88    program     extern C:\Pic CUBE MiWi\Microchip\MiWi\MiWi.c
        DiscoverNodeByEUI   0x003e8a    program     extern C:\Pic CUBE MiWi\Microchip\MiWi\MiWi.c
        ClearNetworkTable   0x0040d6    program     extern C:\Pic CUBE MiWi\Microchip\MiWi\MiWi.c
              FormNetwork   0x004272    program     extern C:\Pic CUBE MiWi\Microchip\MiWi\MiWi.c
               OpenSocket   0x0045e0    program     extern C:\Pic CUBE MiWi\Microchip\MiWi\MiWi.c
             __tmplbl_154   0x005124    program     static                          
             __tmplbl_155   0x005124    program     static                          
             __tmplbl_156   0x005124    program     static                          
             __tmplbl_157   0x005124    program     static                          
              JoinNetwork   0x005138    program     extern C:\Pic CUBE MiWi\Microchip\MiWi\MiWi.c
      SendIndirectMessage   0x00533c    program     extern C:\Pic CUBE MiWi\Microchip\MiWi\MiWi.c
               SetChannel   0x0054d2    program     extern C:\Pic CUBE MiWi\Microchip\MiWi\MiWi.c
    SearchForShortAddress   0x00551c    program     extern C:\Pic CUBE MiWi\Microchip\MiWi\MiWi.c
     SearchForLongAddress   0x0055cc    program     extern C:\Pic CUBE MiWi\Microchip\MiWi\MiWi.c
    AddNodeToNetworkTable   0x005670    program     extern C:\Pic CUBE MiWi\Microchip\MiWi\MiWi.c
             initMRF24J40   0x005844    program     extern C:\Pic CUBE MiWi\Microchip\MiWi\MiWi.c
                 MiWiInit   0x005ab8    program     extern C:\Pic CUBE MiWi\Microchip\MiWi\MiWi.c
            MRF24J40Sleep   0x005b26    program     extern C:\Pic CUBE MiWi\Microchip\MiWi\MiWi.c
             MRF24J40Wake   0x005b6e    program     extern C:\Pic CUBE MiWi\Microchip\MiWi\MiWi.c
                  HighISR   0x005cf2    program     extern C:\Pic CUBE MiWi\Microchip\MiWi\MiWi.c
          send_nodes_list   0x005e6c    program     extern C:\Pic Cube MiWi\MiWi Coordinator\main.c
                  turn_on   0x005f36    program     extern C:\Pic Cube MiWi\MiWi Coordinator\main.c
                 turn_off   0x005f8e    program     extern C:\Pic Cube MiWi\MiWi Coordinator\main.c
              dimmer_node   0x005fe6    program     extern C:\Pic Cube MiWi\MiWi Coordinator\main.c
            get_rs232_cmd   0x006066    program     extern C:\Pic Cube MiWi\MiWi Coordinator\main.c
                 pega_cmd   0x0061fc    program     extern C:\Pic Cube MiWi\MiWi Coordinator\main.c
                     main   0x00630e    program     extern C:\Pic Cube MiWi\MiWi Coordinator\main.c
                BoardInit   0x0063ae    program     extern C:\Pic Cube MiWi\MiWi Coordinator\main.c
              __string_16   0x0063e6    program     static C:\Pic Cube MiWi\MiWi Coordinator\main.c
              __string_15   0x0063fd    program     static C:\Pic Cube MiWi\MiWi Coordinator\main.c
              __string_14   0x00641f    program     static C:\Pic Cube MiWi\MiWi Coordinator\main.c
              __string_13   0x00643c    program     static C:\Pic Cube MiWi\MiWi Coordinator\main.c
              __string_12   0x006464    program     static C:\Pic Cube MiWi\MiWi Coordinator\main.c
              __string_11   0x006481    program     static C:\Pic Cube MiWi\MiWi Coordinator\main.c
              __string_10   0x00648b    program     static C:\Pic Cube MiWi\MiWi Coordinator\main.c
               __string_9   0x006492    program     static C:\Pic Cube MiWi\MiWi Coordinator\main.c
               __string_8   0x006499    program     static C:\Pic Cube MiWi\MiWi Coordinator\main.c
               __string_7   0x0064a0    program     static C:\Pic Cube MiWi\MiWi Coordinator\main.c
               __string_6   0x0064bb    program     static C:\Pic Cube MiWi\MiWi Coordinator\main.c
               __string_5   0x0064c4    program     static C:\Pic Cube MiWi\MiWi Coordinator\main.c
               __string_4   0x0064ce    program     static C:\Pic Cube MiWi\MiWi Coordinator\main.c
               __string_3   0x0064d4    program     static C:\Pic Cube MiWi\MiWi Coordinator\main.c
               __string_2   0x0064df    program     static C:\Pic Cube MiWi\MiWi Coordinator\main.c
               __string_1   0x0064e7    program     static C:\Pic Cube MiWi\MiWi Coordinator\main.c
              __string_23   0x0064ea    program     static C:\Pic CUBE MiWi\Microchip\MiWi\MiWi.c
              __string_22   0x006504    program     static C:\Pic CUBE MiWi\Microchip\MiWi\MiWi.c
              __string_21   0x006515    program     static C:\Pic CUBE MiWi\Microchip\MiWi\MiWi.c
              __string_20   0x006520    program     static C:\Pic CUBE MiWi\Microchip\MiWi\MiWi.c
              __string_19   0x00653f    program     static C:\Pic CUBE MiWi\Microchip\MiWi\MiWi.c
              __string_18   0x00656a    program     static C:\Pic CUBE MiWi\Microchip\MiWi\MiWi.c
              __string_17   0x006588    program     static C:\Pic CUBE MiWi\Microchip\MiWi\MiWi.c
              __string_16   0x0065a4    program     static C:\Pic CUBE MiWi\Microchip\MiWi\MiWi.c
              __string_15   0x0065c2    program     static C:\Pic CUBE MiWi\Microchip\MiWi\MiWi.c
              __string_14   0x0065d8    program     static C:\Pic CUBE MiWi\Microchip\MiWi\MiWi.c
              __string_13   0x0065e7    program     static C:\Pic CUBE MiWi\Microchip\MiWi\MiWi.c
              __string_12   0x0065ee    program     static C:\Pic CUBE MiWi\Microchip\MiWi\MiWi.c
              __string_11   0x006604    program     static C:\Pic CUBE MiWi\Microchip\MiWi\MiWi.c
              __string_10   0x006607    program     static C:\Pic CUBE MiWi\Microchip\MiWi\MiWi.c
               __string_9   0x006627    program     static C:\Pic CUBE MiWi\Microchip\MiWi\MiWi.c
               __string_8   0x00662b    program     static C:\Pic CUBE MiWi\Microchip\MiWi\MiWi.c
               __string_7   0x006644    program     static C:\Pic CUBE MiWi\Microchip\MiWi\MiWi.c
               __string_6   0x006659    program     static C:\Pic CUBE MiWi\Microchip\MiWi\MiWi.c
               __string_5   0x00666e    program     static C:\Pic CUBE MiWi\Microchip\MiWi\MiWi.c
               __string_4   0x006685    program     static C:\Pic CUBE MiWi\Microchip\MiWi\MiWi.c
               __string_3   0x0066a2    program     static C:\Pic CUBE MiWi\Microchip\MiWi\MiWi.c
               __string_2   0x0066cb    program     static C:\Pic CUBE MiWi\Microchip\MiWi\MiWi.c
               __string_1   0x0066e4    program     static C:\Pic CUBE MiWi\Microchip\MiWi\MiWi.c
               __string_0   0x006715    program     static C:\Pic CUBE MiWi\Microchip\MiWi\MiWi.c
              ConsoleInit   0x006734    program     extern C:\Pic CUBE MiWi\Microchip\Common\Console.c
      ConsolePutROMString   0x006742    program     extern C:\Pic CUBE MiWi\Microchip\Common\Console.c
               ConsolePut   0x00677c    program     extern C:\Pic CUBE MiWi\Microchip\Common\Console.c
                PrintChar   0x006796    program     extern C:\Pic CUBE MiWi\Microchip\Common\Console.c
                 PrintDec   0x0067f8    program     extern C:\Pic CUBE MiWi\Microchip\Common\Console.c
         ConsoleGetString   0x006854    program     extern C:\Pic CUBE MiWi\Microchip\Common\Console.c
               ConsoleGet   0x0068cc    program     extern C:\Pic CUBE MiWi\Microchip\Common\Console.c
                GetString   0x0068d8    program     extern C:\Pic CUBE MiWi\Microchip\Common\Console.c
                     atoi   0x006960    program     extern C:\MCC18\src\traditional\stdclib\atoi.asm
                  jSkipWS   0x00698e    program     static C:\MCC18\src\traditional\stdclib\atoi.asm
                 jSkipWS1   0x0069a0    program     static C:\MCC18\src\traditional\stdclib\atoi.asm
                 jTstSign   0x0069a4    program     static C:\MCC18\src\traditional\stdclib\atoi.asm
                jTstSign1   0x0069b0    program     static C:\MCC18\src\traditional\stdclib\atoi.asm
                jTstSign2   0x0069b6    program     static C:\MCC18\src\traditional\stdclib\atoi.asm
                    jLoop   0x0069b8    program     static C:\MCC18\src\traditional\stdclib\atoi.asm
                jTstSign3   0x0069b8    program     static C:\MCC18\src\traditional\stdclib\atoi.asm
                 jEndLoop   0x006a06    program     static C:\MCC18\src\traditional\stdclib\atoi.asm
                     jEnd   0x006a1e    program     static C:\MCC18\src\traditional\stdclib\atoi.asm
                _do_cinit   0x006a4a    program     extern C:\MCC18\src\traditional\startup\c018i.c
                     test   0x006a64    program     static                          
                copy_loop   0x006abc    program     static                          
            copy_one_byte   0x006ac2    program     static                          
             done_copying   0x006ad0    program     static                          
       ___return_lbl00002   0x006ae6    program     static                          
                     done   0x006ae6    program     static                          
          InitSymbolTimer   0x006ae8    program     extern C:\Pic CUBE MiWi\Microchip\MiWi\SymbolTime.c
                  TickGet   0x006afc    program     extern C:\Pic CUBE MiWi\Microchip\MiWi\SymbolTime.c
    configure_serial_port   0x006b82    program     extern C:\Pic Cube MiWi\MiWi Coordinator\user_serial.c
      receive_serial_data   0x006b9e    program     extern C:\Pic Cube MiWi\MiWi Coordinator\user_serial.c
     transmit_serial_data   0x006bde    program     extern C:\Pic Cube MiWi\MiWi Coordinator\user_serial.c
                OpenUSART   0x006c12    program     extern C:\MCC18\src\pmc_common\USART\uopen.c
                ReadUSART   0x006c9c    program     extern C:\MCC18\src\pmc_common\USART\uread.c
               WriteUSART   0x006cda    program     extern C:\MCC18\src\pmc_common\USART\uwrite.c
                   SPIPut   0x006d08    program     extern C:\Pic CUBE MiWi\Microchip\MiWi\MSPI.c
                   SPIGet   0x006d2a    program     extern C:\Pic CUBE MiWi\Microchip\MiWi\MSPI.c
                 _startup   0x006d34    program     extern C:\MCC18\src\traditional\startup\c018i.c
                     loop   0x006d44    program     static                          
       ___return_lbl00001   0x006d4e    program     static                          
                 FXD0808U   0x006d50    program     extern C:\MCC18\src\traditional\math\fxd0808u.c
                     loop   0x006d58    program     static                          
                  endloop   0x006d66    program     static                          
       ___return_lbl00000   0x006d6a    program     static                          
           CharacterArray   0x006d6c    program     extern C:\Pic CUBE MiWi\Microchip\Common\Console.c
            __zero_memory   0x006d7c    program     extern C:\MCC18\src\traditional\proc\p18F4520.asm
               clear_loop   0x006d82    program     static C:\MCC18\src\traditional\proc\p18F4520.asm
        availableChannels   0x006d8a    program     extern C:\Pic Cube MiWi\MiWi Coordinator\main.c
     myManufacturerString   0x006d8b    program     extern C:\Pic Cube MiWi\MiWi Coordinator\main.c
                 config1H   0x300001    program     extern C:\Pic Cube MiWi\MiWi Coordinator\ConfigFuses.c
                 config2L   0x300002    program     extern C:\Pic Cube MiWi\MiWi Coordinator\ConfigFuses.c
                 config2H   0x300003    program     extern C:\Pic Cube MiWi\MiWi Coordinator\ConfigFuses.c
                 config3H   0x300005    program     extern C:\Pic Cube MiWi\MiWi Coordinator\ConfigFuses.c
                 config4L   0x300006    program     extern C:\Pic Cube MiWi\MiWi Coordinator\ConfigFuses.c
                  __REMB3   0x000000       data     extern C:\MCC18\src\traditional\math\aarg.asm
                 __AARGB7   0x000000       data     extern C:\MCC18\src\traditional\math\aarg.asm
                  __REMB2   0x000001       data     extern C:\MCC18\src\traditional\math\aarg.asm
                 __AARGB6   0x000001       data     extern C:\MCC18\src\traditional\math\aarg.asm
                  __REMB1   0x000002       data     extern C:\MCC18\src\traditional\math\aarg.asm
                 __AARGB5   0x000002       data     extern C:\MCC18\src\traditional\math\aarg.asm
                  __REMB0   0x000003       data     extern C:\MCC18\src\traditional\math\aarg.asm
                 __AARGB4   0x000003       data     extern C:\MCC18\src\traditional\math\aarg.asm
                 __AARGB3   0x000004       data     extern C:\MCC18\src\traditional\math\aarg.asm
                 __AARGB2   0x000005       data     extern C:\MCC18\src\traditional\math\aarg.asm
                 __AARGB1   0x000006       data     extern C:\MCC18\src\traditional\math\aarg.asm
                 __AARGB0   0x000007       data     extern C:\MCC18\src\traditional\math\aarg.asm
                   __AEXP   0x000008       data     extern C:\MCC18\src\traditional\math\aarg.asm
                 __BARGB3   0x000009       data     extern C:\MCC18\src\traditional\math\barg.asm
                 __BARGB2   0x00000a       data     extern C:\MCC18\src\traditional\math\barg.asm
                 __BARGB1   0x00000b       data     extern C:\MCC18\src\traditional\math\barg.asm
                 __BARGB0   0x00000c       data     extern C:\MCC18\src\traditional\math\barg.asm
                   __BEXP   0x00000d       data     extern C:\MCC18\src\traditional\math\barg.asm
                     SIGN   0x00000e       data     extern C:\MCC18\src\traditional\math\cmath18.asm
                __FPFLAGS   0x00000f       data     extern C:\MCC18\src\traditional\math\cmath18.asm
            __FPFLAGSbits   0x00000f       data     extern C:\MCC18\src\traditional\math\cmath18.asm
                  __tmp_0   0x000010       data     static C:\MCC18\src\pmc_common\USART\uopen.c
                  __tmp_0   0x000010       data     static C:\Pic Cube MiWi\MiWi Coordinator\user_serial.c
                  __tmp_0   0x000010       data     static C:\Pic CUBE MiWi\Microchip\MiWi\MiWi.c
                  __tmp_0   0x000010       data     static C:\Pic CUBE MiWi\Microchip\Common\Console.c
                  __tmp_0   0x000010       data     static C:\Pic Cube MiWi\MiWi Coordinator\main.c
                 RxBuffer   0x000100       data     extern C:\Pic CUBE MiWi\Microchip\MiWi\MiWi.c
                 TxBuffer   0x00017f       data     extern C:\Pic CUBE MiWi\Microchip\MiWi\MiWi.c
                serial_in   0x0001fe       data     extern C:\Pic Cube MiWi\MiWi Coordinator\user_serial.c
               serial_out   0x0001ff       data     extern C:\Pic Cube MiWi\MiWi Coordinator\user_serial.c
             networkTable   0x000200       data     extern C:\Pic CUBE MiWi\Microchip\MiWi\MiWi.c
                 destInfo   0x000500       data     extern C:\Pic CUBE MiWi\Microchip\MiWi\MiWi.c
          tempLongAddress   0x000504       data     extern C:\Pic CUBE MiWi\Microchip\MiWi\MiWi.c
           tempNodeStatus   0x00050c       data     extern C:\Pic CUBE MiWi\Microchip\MiWi\MiWi.c
         tempShortAddress   0x00050d       data     extern C:\Pic CUBE MiWi\Microchip\MiWi\MiWi.c
                tempPANID   0x00050f       data     extern C:\Pic CUBE MiWi\Microchip\MiWi\MiWi.c
                 TxHeader   0x000511       data     extern C:\Pic CUBE MiWi\Microchip\MiWi\MiWi.c
                   TxData   0x000512       data     extern C:\Pic CUBE MiWi\Microchip\MiWi\MiWi.c
                  pRxData   0x000513       data     extern C:\Pic CUBE MiWi\Microchip\MiWi\MiWi.c
                   RxSize   0x000515       data     extern C:\Pic CUBE MiWi\Microchip\MiWi\MiWi.c
                startTick   0x000516       data     extern C:\Pic CUBE MiWi\Microchip\MiWi\MiWi.c
           tickDifference   0x00051a       data     extern C:\Pic CUBE MiWi\Microchip\MiWi\MiWi.c
          tickCurrentTime   0x00051e       data     extern C:\Pic CUBE MiWi\Microchip\MiWi\MiWi.c
     currentSearchChannel   0x000522       data     extern C:\Pic CUBE MiWi\Microchip\MiWi\MiWi.c
               IEEESeqNum   0x000523       data     extern C:\Pic CUBE MiWi\Microchip\MiWi\MiWi.c
               MiWiSeqNum   0x000524       data     extern C:\Pic CUBE MiWi\Microchip\MiWi\MiWi.c
           indirectBuffer   0x000525       data     extern C:\Pic CUBE MiWi\Microchip\MiWi\MiWi.c
             RoutingTable   0x0005a4       data     extern C:\Pic CUBE MiWi\Microchip\MiWi\MiWi.c
        knownCoordinators   0x0005ac       data     extern C:\Pic CUBE MiWi\Microchip\MiWi\MiWi.c
                     role   0x0005ad       data     extern C:\Pic CUBE MiWi\Microchip\MiWi\MiWi.c
           openSocketInfo   0x0005ae       data     extern C:\Pic CUBE MiWi\Microchip\MiWi\MiWi.c
         sendReportStatus   0x0005c8       data     extern C:\Pic CUBE MiWi\Microchip\MiWi\MiWi.c
               MiWiStatus   0x0005c9       data     extern C:\Pic CUBE MiWi\Microchip\MiWi\MiWi.c
            networkStatus   0x0005cb       data     extern C:\Pic CUBE MiWi\Microchip\MiWi\MiWi.c
                   RxData   0x0005d5       data     extern C:\Pic CUBE MiWi\Microchip\MiWi\MiWi.c
           myShortAddress   0x0005d6       data     extern C:\Pic CUBE MiWi\Microchip\MiWi\MiWi.c
                  myPANID   0x0005d8       data     extern C:\Pic CUBE MiWi\Microchip\MiWi\MiWi.c
         MiWiStateMachine   0x0005da       data     extern C:\Pic CUBE MiWi\Microchip\MiWi\MiWi.c
           currentChannel   0x0005dc       data     extern C:\Pic CUBE MiWi\Microchip\MiWi\MiWi.c
                 myParent   0x0005dd       data     extern C:\Pic CUBE MiWi\Microchip\MiWi\MiWi.c
                     prom   0x0005de       data     static C:\MCC18\src\traditional\startup\c018i.c
                curr_byte   0x0005e1       data     static C:\MCC18\src\traditional\startup\c018i.c
               curr_entry   0x0005e3       data     static C:\MCC18\src\traditional\startup\c018i.c
                 data_ptr   0x0005e5       data     static C:\MCC18\src\traditional\startup\c018i.c
          timerExtension1   0x0005e8       data     extern C:\Pic CUBE MiWi\Microchip\MiWi\SymbolTime.c
          timerExtension2   0x0005e9       data     extern C:\Pic CUBE MiWi\Microchip\MiWi\SymbolTime.c
             USART_Status   0x0005ea       data     extern C:\MCC18\src\pmc_common\USART\udefs.c
       data_ready_to_send   0x0005eb       data     extern C:\Pic Cube MiWi\MiWi Coordinator\user_serial.c
           failureCounter   0x0005ec       data     extern C:\Pic CUBE MiWi\Microchip\MiWi\MiWi.c
                    PORTA   0x000f80       data     extern C:\MCC18\src\traditional\proc\p18F4520.asm
                PORTAbits   0x000f80       data     extern C:\MCC18\src\traditional\proc\p18F4520.asm
                    PORTB   0x000f81       data     extern C:\MCC18\src\traditional\proc\p18F4520.asm
                PORTBbits   0x000f81       data     extern C:\MCC18\src\traditional\proc\p18F4520.asm
                    PORTC   0x000f82       data     extern C:\MCC18\src\traditional\proc\p18F4520.asm
                PORTCbits   0x000f82       data     extern C:\MCC18\src\traditional\proc\p18F4520.asm
                    PORTD   0x000f83       data     extern C:\MCC18\src\traditional\proc\p18F4520.asm
                PORTDbits   0x000f83       data     extern C:\MCC18\src\traditional\proc\p18F4520.asm
                    PORTE   0x000f84       data     extern C:\MCC18\src\traditional\proc\p18F4520.asm
                PORTEbits   0x000f84       data     extern C:\MCC18\src\traditional\proc\p18F4520.asm
                     LATA   0x000f89       data     extern C:\MCC18\src\traditional\proc\p18F4520.asm
                 LATAbits   0x000f89       data     extern C:\MCC18\src\traditional\proc\p18F4520.asm
                 LATBbits   0x000f8a       data     extern C:\MCC18\src\traditional\proc\p18F4520.asm
                     LATB   0x000f8a       data     extern C:\MCC18\src\traditional\proc\p18F4520.asm
                 LATCbits   0x000f8b       data     extern C:\MCC18\src\traditional\proc\p18F4520.asm
                     LATC   0x000f8b       data     extern C:\MCC18\src\traditional\proc\p18F4520.asm
                 LATDbits   0x000f8c       data     extern C:\MCC18\src\traditional\proc\p18F4520.asm
                     LATD   0x000f8c       data     extern C:\MCC18\src\traditional\proc\p18F4520.asm
                 LATEbits   0x000f8d       data     extern C:\MCC18\src\traditional\proc\p18F4520.asm
                     LATE   0x000f8d       data     extern C:\MCC18\src\traditional\proc\p18F4520.asm
                    TRISA   0x000f92       data     extern C:\MCC18\src\traditional\proc\p18F4520.asm
                     DDRA   0x000f92       data     extern C:\MCC18\src\traditional\proc\p18F4520.asm
                TRISAbits   0x000f92       data     extern C:\MCC18\src\traditional\proc\p18F4520.asm
                 DDRAbits   0x000f92       data     extern C:\MCC18\src\traditional\proc\p18F4520.asm
                 DDRBbits   0x000f93       data     extern C:\MCC18\src\traditional\proc\p18F4520.asm
                     DDRB   0x000f93       data     extern C:\MCC18\src\traditional\proc\p18F4520.asm
                TRISBbits   0x000f93       data     extern C:\MCC18\src\traditional\proc\p18F4520.asm
                    TRISB   0x000f93       data     extern C:\MCC18\src\traditional\proc\p18F4520.asm
                TRISCbits   0x000f94       data     extern C:\MCC18\src\traditional\proc\p18F4520.asm
                    TRISC   0x000f94       data     extern C:\MCC18\src\traditional\proc\p18F4520.asm
                     DDRC   0x000f94       data     extern C:\MCC18\src\traditional\proc\p18F4520.asm
                 DDRCbits   0x000f94       data     extern C:\MCC18\src\traditional\proc\p18F4520.asm
                    TRISD   0x000f95       data     extern C:\MCC18\src\traditional\proc\p18F4520.asm
                TRISDbits   0x000f95       data     extern C:\MCC18\src\traditional\proc\p18F4520.asm
                     DDRD   0x000f95       data     extern C:\MCC18\src\traditional\proc\p18F4520.asm
                 DDRDbits   0x000f95       data     extern C:\MCC18\src\traditional\proc\p18F4520.asm
                TRISEbits   0x000f96       data     extern C:\MCC18\src\traditional\proc\p18F4520.asm
                    TRISE   0x000f96       data     extern C:\MCC18\src\traditional\proc\p18F4520.asm
                     DDRE   0x000f96       data     extern C:\MCC18\src\traditional\proc\p18F4520.asm
                 DDREbits   0x000f96       data     extern C:\MCC18\src\traditional\proc\p18F4520.asm
              OSCTUNEbits   0x000f9b       data     extern C:\MCC18\src\traditional\proc\p18F4520.asm
                  OSCTUNE   0x000f9b       data     extern C:\MCC18\src\traditional\proc\p18F4520.asm
                     PIE1   0x000f9d       data     extern C:\MCC18\src\traditional\proc\p18F4520.asm
                 PIE1bits   0x000f9d       data     extern C:\MCC18\src\traditional\proc\p18F4520.asm
                 PIR1bits   0x000f9e       data     extern C:\MCC18\src\traditional\proc\p18F4520.asm
                     PIR1   0x000f9e       data     extern C:\MCC18\src\traditional\proc\p18F4520.asm
                     IPR1   0x000f9f       data     extern C:\MCC18\src\traditional\proc\p18F4520.asm
                 IPR1bits   0x000f9f       data     extern C:\MCC18\src\traditional\proc\p18F4520.asm
                     PIE2   0x000fa0       data     extern C:\MCC18\src\traditional\proc\p18F4520.asm
                 PIE2bits   0x000fa0       data     extern C:\MCC18\src\traditional\proc\p18F4520.asm
                 PIR2bits   0x000fa1       data     extern C:\MCC18\src\traditional\proc\p18F4520.asm
                     PIR2   0x000fa1       data     extern C:\MCC18\src\traditional\proc\p18F4520.asm
                     IPR2   0x000fa2       data     extern C:\MCC18\src\traditional\proc\p18F4520.asm
                 IPR2bits   0x000fa2       data     extern C:\MCC18\src\traditional\proc\p18F4520.asm
               EECON1bits   0x000fa6       data     extern C:\MCC18\src\traditional\proc\p18F4520.asm
                   EECON1   0x000fa6       data     extern C:\MCC18\src\traditional\proc\p18F4520.asm
                   EECON2   0x000fa7       data     extern C:\MCC18\src\traditional\proc\p18F4520.asm
                   EEDATA   0x000fa8       data     extern C:\MCC18\src\traditional\proc\p18F4520.asm
                    EEADR   0x000fa9       data     extern C:\MCC18\src\traditional\proc\p18F4520.asm
                RCSTAbits   0x000fab       data     extern C:\MCC18\src\traditional\proc\p18F4520.asm
                    RCSTA   0x000fab       data     extern C:\MCC18\src\traditional\proc\p18F4520.asm
                    TXSTA   0x000fac       data     extern C:\MCC18\src\traditional\proc\p18F4520.asm
                TXSTAbits   0x000fac       data     extern C:\MCC18\src\traditional\proc\p18F4520.asm
                    TXREG   0x000fad       data     extern C:\MCC18\src\traditional\proc\p18F4520.asm
                    RCREG   0x000fae       data     extern C:\MCC18\src\traditional\proc\p18F4520.asm
                    SPBRG   0x000faf       data     extern C:\MCC18\src\traditional\proc\p18F4520.asm
                   SPBRGH   0x000fb0       data     extern C:\MCC18\src\traditional\proc\p18F4520.asm
                T3CONbits   0x000fb1       data     extern C:\MCC18\src\traditional\proc\p18F4520.asm
                    T3CON   0x000fb1       data     extern C:\MCC18\src\traditional\proc\p18F4520.asm
                    TMR3L   0x000fb2       data     extern C:\MCC18\src\traditional\proc\p18F4520.asm
                    TMR3H   0x000fb3       data     extern C:\MCC18\src\traditional\proc\p18F4520.asm
                CMCONbits   0x000fb4       data     extern C:\MCC18\src\traditional\proc\p18F4520.asm
                    CMCON   0x000fb4       data     extern C:\MCC18\src\traditional\proc\p18F4520.asm
               CVRCONbits   0x000fb5       data     extern C:\MCC18\src\traditional\proc\p18F4520.asm
                   CVRCON   0x000fb5       data     extern C:\MCC18\src\traditional\proc\p18F4520.asm
              ECCP1ASbits   0x000fb6       data     extern C:\MCC18\src\traditional\proc\p18F4520.asm
                  ECCP1AS   0x000fb6       data     extern C:\MCC18\src\traditional\proc\p18F4520.asm
              PWM1CONbits   0x000fb7       data     extern C:\MCC18\src\traditional\proc\p18F4520.asm
                  PWM1CON   0x000fb7       data     extern C:\MCC18\src\traditional\proc\p18F4520.asm
              BAUDCTLbits   0x000fb8       data     extern C:\MCC18\src\traditional\proc\p18F4520.asm
                  BAUDCTL   0x000fb8       data     extern C:\MCC18\src\traditional\proc\p18F4520.asm
              BAUDCONbits   0x000fb8       data     extern C:\MCC18\src\traditional\proc\p18F4520.asm
                  BAUDCON   0x000fb8       data     extern C:\MCC18\src\traditional\proc\p18F4520.asm
                  CCP2CON   0x000fba       data     extern C:\MCC18\src\traditional\proc\p18F4520.asm
              CCP2CONbits   0x000fba       data     extern C:\MCC18\src\traditional\proc\p18F4520.asm
                   CCPR2L   0x000fbb       data     extern C:\MCC18\src\traditional\proc\p18F4520.asm
                    CCPR2   0x000fbb       data     extern C:\MCC18\src\traditional\proc\p18F4520.asm
                   CCPR2H   0x000fbc       data     extern C:\MCC18\src\traditional\proc\p18F4520.asm
                  CCP1CON   0x000fbd       data     extern C:\MCC18\src\traditional\proc\p18F4520.asm
              CCP1CONbits   0x000fbd       data     extern C:\MCC18\src\traditional\proc\p18F4520.asm
                    CCPR1   0x000fbe       data     extern C:\MCC18\src\traditional\proc\p18F4520.asm
                   CCPR1L   0x000fbe       data     extern C:\MCC18\src\traditional\proc\p18F4520.asm
                   CCPR1H   0x000fbf       data     extern C:\MCC18\src\traditional\proc\p18F4520.asm
               ADCON2bits   0x000fc0       data     extern C:\MCC18\src\traditional\proc\p18F4520.asm
                   ADCON2   0x000fc0       data     extern C:\MCC18\src\traditional\proc\p18F4520.asm
               ADCON1bits   0x000fc1       data     extern C:\MCC18\src\traditional\proc\p18F4520.asm
                   ADCON1   0x000fc1       data     extern C:\MCC18\src\traditional\proc\p18F4520.asm
                   ADCON0   0x000fc2       data     extern C:\MCC18\src\traditional\proc\p18F4520.asm
               ADCON0bits   0x000fc2       data     extern C:\MCC18\src\traditional\proc\p18F4520.asm
                   ADRESL   0x000fc3       data     extern C:\MCC18\src\traditional\proc\p18F4520.asm
                    ADRES   0x000fc3       data     extern C:\MCC18\src\traditional\proc\p18F4520.asm
                   ADRESH   0x000fc4       data     extern C:\MCC18\src\traditional\proc\p18F4520.asm
              SSPCON2bits   0x000fc5       data     extern C:\MCC18\src\traditional\proc\p18F4520.asm
                  SSPCON2   0x000fc5       data     extern C:\MCC18\src\traditional\proc\p18F4520.asm
              SSPCON1bits   0x000fc6       data     extern C:\MCC18\src\traditional\proc\p18F4520.asm
                  SSPCON1   0x000fc6       data     extern C:\MCC18\src\traditional\proc\p18F4520.asm
                  SSPSTAT   0x000fc7       data     extern C:\MCC18\src\traditional\proc\p18F4520.asm
              SSPSTATbits   0x000fc7       data     extern C:\MCC18\src\traditional\proc\p18F4520.asm
                   SSPADD   0x000fc8       data     extern C:\MCC18\src\traditional\proc\p18F4520.asm
                   SSPBUF   0x000fc9       data     extern C:\MCC18\src\traditional\proc\p18F4520.asm
                T2CONbits   0x000fca       data     extern C:\MCC18\src\traditional\proc\p18F4520.asm
                    T2CON   0x000fca       data     extern C:\MCC18\src\traditional\proc\p18F4520.asm
                      PR2   0x000fcb       data     extern C:\MCC18\src\traditional\proc\p18F4520.asm
                     TMR2   0x000fcc       data     extern C:\MCC18\src\traditional\proc\p18F4520.asm
                T1CONbits   0x000fcd       data     extern C:\MCC18\src\traditional\proc\p18F4520.asm
                    T1CON   0x000fcd       data     extern C:\MCC18\src\traditional\proc\p18F4520.asm
                    TMR1L   0x000fce       data     extern C:\MCC18\src\traditional\proc\p18F4520.asm
                    TMR1H   0x000fcf       data     extern C:\MCC18\src\traditional\proc\p18F4520.asm
                 RCONbits   0x000fd0       data     extern C:\MCC18\src\traditional\proc\p18F4520.asm
                     RCON   0x000fd0       data     extern C:\MCC18\src\traditional\proc\p18F4520.asm
                   WDTCON   0x000fd1       data     extern C:\MCC18\src\traditional\proc\p18F4520.asm
               WDTCONbits   0x000fd1       data     extern C:\MCC18\src\traditional\proc\p18F4520.asm
                  HLVDCON   0x000fd2       data     extern C:\MCC18\src\traditional\proc\p18F4520.asm
              HLVDCONbits   0x000fd2       data     extern C:\MCC18\src\traditional\proc\p18F4520.asm
                   LVDCON   0x000fd2       data     extern C:\MCC18\src\traditional\proc\p18F4520.asm
               LVDCONbits   0x000fd2       data     extern C:\MCC18\src\traditional\proc\p18F4520.asm
                   OSCCON   0x000fd3       data     extern C:\MCC18\src\traditional\proc\p18F4520.asm
               OSCCONbits   0x000fd3       data     extern C:\MCC18\src\traditional\proc\p18F4520.asm
                    T0CON   0x000fd5       data     extern C:\MCC18\src\traditional\proc\p18F4520.asm
                T0CONbits   0x000fd5       data     extern C:\MCC18\src\traditional\proc\p18F4520.asm
                    TMR0L   0x000fd6       data     extern C:\MCC18\src\traditional\proc\p18F4520.asm
                    TMR0H   0x000fd7       data     extern C:\MCC18\src\traditional\proc\p18F4520.asm
               STATUSbits   0x000fd8       data     extern C:\MCC18\src\traditional\proc\p18F4520.asm
                   STATUS   0x000fd8       data     extern C:\MCC18\src\traditional\proc\p18F4520.asm
                     FSR2   0x000fd9       data     extern C:\MCC18\src\traditional\proc\p18F4520.asm
                    FSR2L   0x000fd9       data     extern C:\MCC18\src\traditional\proc\p18F4520.asm
                    FSR2H   0x000fda       data     extern C:\MCC18\src\traditional\proc\p18F4520.asm
                   PLUSW2   0x000fdb       data     extern C:\MCC18\src\traditional\proc\p18F4520.asm
                  PREINC2   0x000fdc       data     extern C:\MCC18\src\traditional\proc\p18F4520.asm
                 POSTDEC2   0x000fdd       data     extern C:\MCC18\src\traditional\proc\p18F4520.asm
                 POSTINC2   0x000fde       data     extern C:\MCC18\src\traditional\proc\p18F4520.asm
                    INDF2   0x000fdf       data     extern C:\MCC18\src\traditional\proc\p18F4520.asm
                      BSR   0x000fe0       data     extern C:\MCC18\src\traditional\proc\p18F4520.asm
                     FSR1   0x000fe1       data     extern C:\MCC18\src\traditional\proc\p18F4520.asm
                    FSR1L   0x000fe1       data     extern C:\MCC18\src\traditional\proc\p18F4520.asm
                    FSR1H   0x000fe2       data     extern C:\MCC18\src\traditional\proc\p18F4520.asm
                   PLUSW1   0x000fe3       data     extern C:\MCC18\src\traditional\proc\p18F4520.asm
                  PREINC1   0x000fe4       data     extern C:\MCC18\src\traditional\proc\p18F4520.asm
                 POSTDEC1   0x000fe5       data     extern C:\MCC18\src\traditional\proc\p18F4520.asm
                 POSTINC1   0x000fe6       data     extern C:\MCC18\src\traditional\proc\p18F4520.asm
                    INDF1   0x000fe7       data     extern C:\MCC18\src\traditional\proc\p18F4520.asm
                     WREG   0x000fe8       data     extern C:\MCC18\src\traditional\proc\p18F4520.asm
                        W   0x000fe8       data     extern C:\MCC18\src\traditional\proc\p18F4520.asm
                    FSR0L   0x000fe9       data     extern C:\MCC18\src\traditional\proc\p18F4520.asm
                     FSR0   0x000fe9       data     extern C:\MCC18\src\traditional\proc\p18F4520.asm
                    FSR0H   0x000fea       data     extern C:\MCC18\src\traditional\proc\p18F4520.asm
                   PLUSW0   0x000feb       data     extern C:\MCC18\src\traditional\proc\p18F4520.asm
                  PREINC0   0x000fec       data     extern C:\MCC18\src\traditional\proc\p18F4520.asm
                 POSTDEC0   0x000fed       data     extern C:\MCC18\src\traditional\proc\p18F4520.asm
                 POSTINC0   0x000fee       data     extern C:\MCC18\src\traditional\proc\p18F4520.asm
                    INDF0   0x000fef       data     extern C:\MCC18\src\traditional\proc\p18F4520.asm
                  INTCON3   0x000ff0       data     extern C:\MCC18\src\traditional\proc\p18F4520.asm
              INTCON3bits   0x000ff0       data     extern C:\MCC18\src\traditional\proc\p18F4520.asm
                  INTCON2   0x000ff1       data     extern C:\MCC18\src\traditional\proc\p18F4520.asm
              INTCON2bits   0x000ff1       data     extern C:\MCC18\src\traditional\proc\p18F4520.asm
                   INTCON   0x000ff2       data     extern C:\MCC18\src\traditional\proc\p18F4520.asm
               INTCONbits   0x000ff2       data     extern C:\MCC18\src\traditional\proc\p18F4520.asm
                    PRODL   0x000ff3       data     extern C:\MCC18\src\traditional\proc\p18F4520.asm
                     PROD   0x000ff3       data     extern C:\MCC18\src\traditional\proc\p18F4520.asm
                    PRODH   0x000ff4       data     extern C:\MCC18\src\traditional\proc\p18F4520.asm
                   TABLAT   0x000ff5       data     extern C:\MCC18\src\traditional\proc\p18F4520.asm
                  TBLPTRL   0x000ff6       data     extern C:\MCC18\src\traditional\proc\p18F4520.asm
                   TBLPTR   0x000ff6       data     extern C:\MCC18\src\traditional\proc\p18F4520.asm
                  TBLPTRH   0x000ff7       data     extern C:\MCC18\src\traditional\proc\p18F4520.asm
                  TBLPTRU   0x000ff8       data     extern C:\MCC18\src\traditional\proc\p18F4520.asm
                      PCL   0x000ff9       data     extern C:\MCC18\src\traditional\proc\p18F4520.asm
                       PC   0x000ff9       data     extern C:\MCC18\src\traditional\proc\p18F4520.asm
                   PCLATH   0x000ffa       data     extern C:\MCC18\src\traditional\proc\p18F4520.asm
                   PCLATU   0x000ffb       data     extern C:\MCC18\src\traditional\proc\p18F4520.asm
               STKPTRbits   0x000ffc       data     extern C:\MCC18\src\traditional\proc\p18F4520.asm
                   STKPTR   0x000ffc       data     extern C:\MCC18\src\traditional\proc\p18F4520.asm
                      TOS   0x000ffd       data     extern C:\MCC18\src\traditional\proc\p18F4520.asm
                     TOSL   0x000ffd       data     extern C:\MCC18\src\traditional\proc\p18F4520.asm
                     TOSH   0x000ffe       data     extern C:\MCC18\src\traditional\proc\p18F4520.asm
                     TOSU   0x000fff       data     extern C:\MCC18\src\traditional\proc\p18F4520.asm


