MPLINK 4.22, Linker
Linker Map File - Created Sat Jun 04 17:00:58 2011

                                 Section Info
                  Section       Type    Address   Location Size(Bytes)
                ---------  ---------  ---------  ---------  ---------
               _entry_scn       code   0x000000    program   0x000006
           .code___init.o       code   0x000006    program   0x000002
               highVector       code   0x000008    program   0x000006
      longAddressLocation    romdata   0x00000e    program   0x000008
                lowVector       code   0x000018    program   0x000006
                   .cinit    romdata   0x00001e    program   0x00001a
             .code_MiWi.o       code   0x000038    program   0x003cd8
             .code_main.o       code   0x003d10    program   0x0007b8
          .code_Console.o       code   0x0044c8    program   0x00022c
             .stringtable    romdata   0x0046f4    program   0x000103
       .romdata_t1write.o    romdata   0x0047f7    program   0x000000
       .idata_t1write.o_i    romdata   0x0047f7    program   0x000000
       .romdata_t1close.o    romdata   0x0047f7    program   0x000000
       .idata_t1close.o_i    romdata   0x0047f7    program   0x000000
   .idata_ConfigFuses.o_i    romdata   0x0047f7    program   0x000000
         .idata_c018i.o_i    romdata   0x0047f7    program   0x000000
       .idata_Console.o_i    romdata   0x0047f7    program   0x000000
          .idata_MSPI.o_i    romdata   0x0047f7    program   0x000000
    .romdata_SymbolTime.o    romdata   0x0047f7    program   0x000000
    .idata_SymbolTime.o_i    romdata   0x0047f7    program   0x000000
          .romdata_MSPI.o    romdata   0x0047f7    program   0x000000
         .romdata_c018i.o    romdata   0x0047f7    program   0x000000
            .code_c018i.o       code   0x0047f8    program   0x000000
      .code_ConfigFuses.o       code   0x0047f8    program   0x000000
                   STDLIB       code   0x0047f8    program   0x0000ea
               _cinit_scn       code   0x0048e2    program   0x00009e
       .code_SymbolTime.o       code   0x004980    program   0x00009a
           .code_t1open.o       code   0x004a1a    program   0x000042
          .code_t1write.o       code   0x004a5c    program   0x000038
             D10KTCYXCODE       code   0x004a94    program   0x00002e
             .code_MSPI.o       code   0x004ac2    program   0x00002c
             _startup_scn       code   0x004aee    program   0x00001c
         .code_fxd0808u.o       code   0x004b0a    program   0x00001c
              D10TCYXCODE       code   0x004b26    program   0x000016
       .romdata_Console.o    romdata   0x004b3c    program   0x000010
                    .code       code   0x004b4c    program   0x00000e
          .romdata_main.o    romdata   0x004b5a    program   0x00000d
          .idata_MiWi.o_i    romdata   0x004b67    program   0x000001
          .romdata_MiWi.o    romdata   0x004b67    program   0x000000
   .romdata_ConfigFuses.o    romdata   0x004b67    program   0x000000
        .romdata___init.o    romdata   0x004b67    program   0x000000
        .idata___init.o_i    romdata   0x004b67    program   0x000000
        .romdata_t1open.o    romdata   0x004b67    program   0x000000
        .idata_t1open.o_i    romdata   0x004b67    program   0x000000
      .romdata_fxd0808u.o    romdata   0x004b67    program   0x000000
      .idata_fxd0808u.o_i    romdata   0x004b67    program   0x000000
          .code_t1close.o       code   0x004b68    program   0x000006
          .idata_main.o_i    romdata   0x004b6e    program   0x000005
                 CONFIG1H    romdata   0x300001    program   0x000001
                 CONFIG2L    romdata   0x300002    program   0x000001
                 CONFIG2H    romdata   0x300003    program   0x000001
                 CONFIG3H    romdata   0x300005    program   0x000001
                 CONFIG4L    romdata   0x300006    program   0x000001
              eedata2_scn    romdata   0xf00000    program   0x000008
              eedata3_scn    romdata   0xf00010    program   0x000002
                MATH_DATA      udata   0x000000       data   0x000010
                 .tmpdata      udata   0x000010       data   0x000008
                DELAYDAT2      udata   0x000018       data   0x000001
                DELAYDAT1      udata   0x000019       data   0x000001
               TRX_BUFFER      udata   0x000100       data   0x0000fe
      .udata_SymbolTime.o      udata   0x0001fe       data   0x000002
            BIGvariables1      udata   0x000200       data   0x0000a0
            .udata_MiWi.o      udata   0x0002a0       data   0x00004b
           .udata_c018i.o      udata   0x0002eb       data   0x00000a
            .idata_main.o      idata   0x0002f5       data   0x000005
            .idata_MiWi.o      idata   0x0002fa       data   0x000001
          .idata_t1open.o      idata   0x0002fb       data   0x000000
          .udata_t1open.o      udata   0x0002fb       data   0x000000
         .udata_t1write.o      udata   0x0002fb       data   0x000000
         .idata_t1write.o      idata   0x0002fb       data   0x000000
          .udata___init.o      udata   0x0002fb       data   0x000000
        .idata_fxd0808u.o      idata   0x0002fb       data   0x000000
        .udata_fxd0808u.o      udata   0x0002fb       data   0x000000
          .idata___init.o      idata   0x0002fb       data   0x000000
         .idata_t1close.o      idata   0x0002fb       data   0x000000
         .udata_t1close.o      udata   0x0002fb       data   0x000000
            .udata_main.o      udata   0x0002fb       data   0x000000
     .idata_ConfigFuses.o      idata   0x0002fb       data   0x000000
     .udata_ConfigFuses.o      udata   0x0002fb       data   0x000000
      .idata_SymbolTime.o      idata   0x0002fb       data   0x000000
            .idata_MSPI.o      idata   0x0002fb       data   0x000000
            .udata_MSPI.o      udata   0x0002fb       data   0x000000
         .idata_Console.o      idata   0x0002fb       data   0x000000
         .udata_Console.o      udata   0x0002fb       data   0x000000
           .idata_c018i.o      idata   0x0002fb       data   0x000000
                   .stack      udata   0x000400       data   0x000100
            SFR_UNBANKED0      udata   0x000f80       data   0x000080



                              Program Memory Usage 
                               Start         End      
                           ---------   ---------      
                            0x000000    0x000015      
                            0x000018    0x0047f6      
                            0x0047f8    0x004b72      
                            0x300001    0x300003      
                            0x300005    0x300006      
                            0xf00000    0xf00007      
                            0xf00010    0xf00011      
            19327 out of 33048 program addresses used, program memory utilization is 58%



                              Symbols - Sorted by Name
                     Name    Address   Location    Storage File                     
                ---------  ---------  ---------  --------- ---------                
    AddNodeToNetworkTable   0x00352e    program     extern C:\Pic Cube MiWi\Microchip\MiWi\MiWi.c
                BoardInit   0x004472    program     extern C:\Pic Cube MiWi\MiWi End Device\main.c
           CharacterArray   0x004b3c    program     extern C:\Pic Cube MiWi\Microchip\Common\Console.c
        ClearNetworkTable   0x002b72    program     extern C:\Pic Cube MiWi\Microchip\MiWi\MiWi.c
              CloseTimer1   0x004b68    program     extern C:\MCC18\src\pmc_common\Timers\t1close.c
               ConsoleGet   0x004660    program     extern C:\Pic Cube MiWi\Microchip\Common\Console.c
         ConsoleGetString   0x0045e8    program     extern C:\Pic Cube MiWi\Microchip\Common\Console.c
              ConsoleInit   0x0044c8    program     extern C:\Pic Cube MiWi\Microchip\Common\Console.c
               ConsolePut   0x004510    program     extern C:\Pic Cube MiWi\Microchip\Common\Console.c
      ConsolePutROMString   0x0044d6    program     extern C:\Pic Cube MiWi\Microchip\Common\Console.c
                   D10K_1   0x004aa0    program     static C:\MCC18\src\traditional\delays\d10ktcyx.asm
                    D10Kl   0x004aac    program     static C:\MCC18\src\traditional\delays\d10ktcyx.asm
                    D10Kx   0x004a9e    program     static C:\MCC18\src\traditional\delays\d10ktcyx.asm
                    D10_1   0x004b36    program     static C:\MCC18\src\traditional\delays\d10tcyx.asm
                     D10x   0x004b2e    program     static C:\MCC18\src\traditional\delays\d10tcyx.asm
             Delay10KTCYx   0x004a94    program     extern C:\MCC18\src\traditional\delays\d10ktcyx.asm
              Delay10TCYx   0x004b26    program     extern C:\MCC18\src\traditional\delays\d10tcyx.asm
            DiscardPacket   0x001e9a    program     extern C:\Pic Cube MiWi\Microchip\MiWi\MiWi.c
        DiscoverNodeByEUI   0x0028f2    program     extern C:\Pic Cube MiWi\Microchip\MiWi\MiWi.c
         DumpNetworkTable   0x0021ca    program     extern C:\Pic Cube MiWi\Microchip\MiWi\MiWi.c
                 Envio_ID   0x003dd4    program     extern C:\Pic Cube MiWi\MiWi End Device\main.c
                 FXD0808U   0x004b0a    program     extern C:\MCC18\src\traditional\math\fxd0808u.c
                GetString   0x00466c    program     extern C:\Pic Cube MiWi\Microchip\Common\Console.c
                  HighISR   0x003b92    program     extern C:\Pic Cube MiWi\Microchip\MiWi\MiWi.c
               HighVector   0x000008    program     extern C:\Pic Cube MiWi\Microchip\MiWi\MiWi.c
          InitSymbolTimer   0x004980    program     extern C:\Pic Cube MiWi\Microchip\MiWi\SymbolTime.c
              JoinNetwork   0x00318c    program     extern C:\Pic Cube MiWi\Microchip\MiWi\MiWi.c
                Le_E2Prom   0x003db8    program     extern C:\Pic Cube MiWi\MiWi End Device\main.c
                LowVector   0x000018    program     extern C:\Pic Cube MiWi\Microchip\MiWi\MiWi.c
            MRF24J40Sleep   0x0039c6    program     extern C:\Pic Cube MiWi\Microchip\MiWi\MiWi.c
             MRF24J40Wake   0x003a0e    program     extern C:\Pic Cube MiWi\Microchip\MiWi\MiWi.c
                 MiWiInit   0x003976    program     extern C:\Pic Cube MiWi\Microchip\MiWi\MiWi.c
                MiWiTasks   0x000038    program     extern C:\Pic Cube MiWi\Microchip\MiWi\MiWi.c
               OpenSocket   0x002d0e    program     extern C:\Pic Cube MiWi\Microchip\MiWi\MiWi.c
               OpenTimer1   0x004a1a    program     extern C:\MCC18\src\pmc_common\Timers\t1open.c
        PHYGetLongRAMAddr   0x002126    program     extern C:\Pic Cube MiWi\Microchip\MiWi\MiWi.c
       PHYGetShortRAMAddr   0x0020c6    program     extern C:\Pic Cube MiWi\Microchip\MiWi\MiWi.c
        PHYSetLongRAMAddr   0x001ff2    program     extern C:\Pic Cube MiWi\Microchip\MiWi\MiWi.c
       PHYSetShortRAMAddr   0x00207c    program     extern C:\Pic Cube MiWi\Microchip\MiWi\MiWi.c
                PrintChar   0x00452a    program     extern C:\Pic Cube MiWi\Microchip\Common\Console.c
                 PrintDec   0x00458c    program     extern C:\Pic Cube MiWi\Microchip\Common\Console.c
                   SPIGet   0x004ae4    program     extern C:\Pic Cube MiWi\Microchip\MiWi\MSPI.c
                   SPIPut   0x004ac2    program     extern C:\Pic Cube MiWi\Microchip\MiWi\MSPI.c
     SearchForLongAddress   0x00348a    program     extern C:\Pic Cube MiWi\Microchip\MiWi\MiWi.c
    SearchForShortAddress   0x0033da    program     extern C:\Pic Cube MiWi\Microchip\MiWi\MiWi.c
       SendReportByHandle   0x00174a    program     extern C:\Pic Cube MiWi\Microchip\MiWi\MiWi.c
  SendReportByLongAddress   0x0013d8    program     extern C:\Pic Cube MiWi\Microchip\MiWi\MiWi.c
 SendReportByShortAddress   0x001204    program     extern C:\Pic Cube MiWi\Microchip\MiWi\MiWi.c
             SendTxBuffer   0x001efa    program     extern C:\Pic Cube MiWi\Microchip\MiWi\MiWi.c
               SetChannel   0x003390    program     extern C:\Pic Cube MiWi\Microchip\MiWi\MiWi.c
                  TickGet   0x004994    program     extern C:\Pic Cube MiWi\Microchip\MiWi\SymbolTime.c
              WriteTimer1   0x004a5c    program     extern C:\MCC18\src\pmc_common\Timers\t1write.c
       _D10KTCYXCODE_0010   0x004aa4    program     static C:\MCC18\src\traditional\delays\d10ktcyx.asm
       _D10KTCYXCODE_001C   0x004ab0    program     static C:\MCC18\src\traditional\delays\d10ktcyx.asm
        _D10TCYXCODE_000A   0x004b30    program     static C:\MCC18\src\traditional\delays\d10tcyx.asm
        _D10TCYXCODE_000C   0x004b32    program     static C:\MCC18\src\traditional\delays\d10tcyx.asm
        _D10TCYXCODE_000E   0x004b34    program     static C:\MCC18\src\traditional\delays\d10tcyx.asm
         ___else_lbl00041   0x00419e    program     static                          
         ___else_lbl00054   0x004394    program     static                          
         ___else_lbl00065   0x0043c0    program     static                          
         ___else_lbl00068   0x00424e    program     static                          
          ___for_lbl00035   0x004164    program     static                          
          ___for_lbl00036   0x004168    program     static                          
          ___for_lbl00037   0x004142    program     static                          
          ___for_lbl00045   0x00436c    program     static                          
          ___for_lbl00046   0x004372    program     static                          
          ___for_lbl00052   0x00427e    program     static                          
          ___for_lbl00055   0x0043ec    program     static                          
          ___for_lbl00056   0x0043f8    program     static                          
          ___for_lbl00057   0x0043d6    program     static                          
          ___for_lbl00058   0x004418    program     static                          
          ___for_lbl00059   0x004424    program     static                          
          ___for_lbl00060   0x004402    program     static                          
          ___for_lbl00061   0x004444    program     static                          
          ___for_lbl00062   0x004450    program     static                          
          ___for_lbl00063   0x00442e    program     static                          
           ___if_lbl00034   0x004140    program     static                          
           ___if_lbl00038   0x004180    program     static                          
           ___if_lbl00039   0x00422e    program     static                          
           ___if_lbl00040   0x00422e    program     static                          
           ___if_lbl00042   0x00424c    program     static                          
           ___if_lbl00047   0x00436c    program     static                          
           ___if_lbl00048   0x00436c    program     static                          
           ___if_lbl00049   0x00436c    program     static                          
           ___if_lbl00050   0x00436c    program     static                          
           ___if_lbl00051   0x00436c    program     static                          
           ___if_lbl00053   0x0043be    program     static                          
           ___if_lbl00064   0x004452    program     static                          
           ___if_lbl00066   0x004452    program     static                          
           ___if_lbl00067   0x004452    program     static                          
       ___return_lbl00000   0x000004    program     static                          
       ___return_lbl00000   0x004b24    program     static                          
       ___return_lbl00001   0x004b08    program     static                          
       ___return_lbl00002   0x00497e    program     static                          
       ___return_lbl00031   0x00445e    program     static                          
       ___return_lbl00161   0x002072    program     static                          
       ___return_lbl00162   0x0020bc    program     static                          
       ___return_lbl00163   0x00210e    program     static                          
       ___return_lbl00164   0x0021b2    program     static                          
       ___return_lbl00295   0x00000c    program     static                          
       ___return_lbl00296   0x00001c    program     static                          
        ___while_lbl00032   0x00412a    program     static                          
        ___while_lbl00033   0x00445e    program     static                          
                   __init   0x000006    program     extern C:\MCC18\src\traditional\stdclib\__init.c
               __string_0   0x0047de    program     static C:\Pic Cube MiWi\Microchip\MiWi\MiWi.c
               __string_1   0x0047da    program     static C:\Pic Cube MiWi\Microchip\MiWi\MiWi.c
               __string_2   0x0047ba    program     static C:\Pic Cube MiWi\Microchip\MiWi\MiWi.c
               __string_3   0x0047b7    program     static C:\Pic Cube MiWi\Microchip\MiWi\MiWi.c
               __string_4   0x0047a1    program     static C:\Pic Cube MiWi\Microchip\MiWi\MiWi.c
               __string_5   0x00479a    program     static C:\Pic Cube MiWi\Microchip\MiWi\MiWi.c
               __string_6   0x00478b    program     static C:\Pic Cube MiWi\Microchip\MiWi\MiWi.c
               __string_7   0x004775    program     static C:\Pic Cube MiWi\Microchip\MiWi\MiWi.c
               __string_8   0x00472d    program     static C:\Pic Cube MiWi\Microchip\MiWi\MiWi.c
               __string_9   0x0046f4    program     static C:\Pic Cube MiWi\Microchip\MiWi\MiWi.c
               __tmplbl_3   0x004228    program     static                          
              __tmplbl_35   0x000d84    program     static                          
              __tmplbl_36   0x000d80    program     static                          
              __tmplbl_39   0x000d7a    program     static                          
               __tmplbl_4   0x004272    program     static                          
              __tmplbl_41   0x000d7a    program     static                          
              __tmplbl_42   0x000d7a    program     static                          
              __tmplbl_43   0x000d7a    program     static                          
              __tmplbl_44   0x000d7a    program     static                          
               __tmplbl_5   0x004266    program     static                          
               __tmplbl_6   0x00425a    program     static                          
            __zero_memory   0x004b4c    program     extern C:\MCC18\src\traditional\proc\p18F4520.asm
                _do_cinit   0x0048e2    program     extern C:\MCC18\src\traditional\startup\c018i.c
                   _entry   0x000000    program     extern C:\MCC18\src\traditional\startup\c018i.c
                 _startup   0x004aee    program     extern C:\MCC18\src\traditional\startup\c018i.c
                     atoi   0x0047f8    program     extern C:\MCC18\src\traditional\stdclib\atoi.asm
        availableChannels   0x004b5a    program     extern C:\Pic Cube MiWi\MiWi End Device\main.c
               carga_disp   0x003d10    program     extern C:\Pic Cube MiWi\MiWi End Device\main.c
               clear_loop   0x004b52    program     static C:\MCC18\src\traditional\proc\p18F4520.asm
                 config1H   0x300001    program     extern C:\Pic Cube MiWi\MiWi End Device\ConfigFuses.c
                 config2H   0x300003    program     extern C:\Pic Cube MiWi\MiWi End Device\ConfigFuses.c
                 config2L   0x300002    program     extern C:\Pic Cube MiWi\MiWi End Device\ConfigFuses.c
                 config3H   0x300005    program     extern C:\Pic Cube MiWi\MiWi End Device\ConfigFuses.c
                 config4L   0x300006    program     extern C:\Pic Cube MiWi\MiWi End Device\ConfigFuses.c
                copy_loop   0x004954    program     static                          
            copy_one_byte   0x00495a    program     static                          
                  desliga   0x003da4    program     extern C:\Pic Cube MiWi\MiWi End Device\main.c
                     done   0x00497e    program     static                          
             done_copying   0x004968    program     static                          
           eedata2_values   0xf00000    program     extern C:\Pic Cube MiWi\MiWi End Device\main.c
           eedata3_values   0xf00010    program     extern C:\Pic Cube MiWi\MiWi End Device\main.c
                  endloop   0x004b20    program     static                          
     findNextNetworkEntry   0x001eb8    program     extern C:\Pic Cube MiWi\Microchip\MiWi\MiWi.c
             initMRF24J40   0x003702    program     extern C:\Pic Cube MiWi\Microchip\MiWi\MiWi.c
                     jEnd   0x0048b6    program     static C:\MCC18\src\traditional\stdclib\atoi.asm
                 jEndLoop   0x00489e    program     static C:\MCC18\src\traditional\stdclib\atoi.asm
                    jLoop   0x004850    program     static C:\MCC18\src\traditional\stdclib\atoi.asm
                  jSkipWS   0x004826    program     static C:\MCC18\src\traditional\stdclib\atoi.asm
                 jSkipWS1   0x004838    program     static C:\MCC18\src\traditional\stdclib\atoi.asm
                 jTstSign   0x00483c    program     static C:\MCC18\src\traditional\stdclib\atoi.asm
                jTstSign1   0x004848    program     static C:\MCC18\src\traditional\stdclib\atoi.asm
                jTstSign2   0x00484e    program     static C:\MCC18\src\traditional\stdclib\atoi.asm
                jTstSign3   0x004850    program     static C:\MCC18\src\traditional\stdclib\atoi.asm
                     liga   0x003d90    program     extern C:\Pic Cube MiWi\MiWi End Device\main.c
                     loop   0x004b12    program     static                          
                     loop   0x004afe    program     static                          
                     main   0x004108    program     extern C:\Pic Cube MiWi\MiWi End Device\main.c
            myLongAddress   0x00000e    program     extern C:\Pic Cube MiWi\MiWi End Device\main.c
     myManufacturerString   0x004b5b    program     extern C:\Pic Cube MiWi\MiWi End Device\main.c
                 pega_cmd   0x003f58    program     extern C:\Pic Cube MiWi\MiWi End Device\main.c
               send2coord   0x003ed4    program     extern C:\Pic Cube MiWi\MiWi End Device\main.c
                     test   0x0048fc    program     static                          
        trata_int_e_timer   0x003efa    program     extern C:\Pic Cube MiWi\MiWi End Device\main.c
                   ADCON0   0x000fc2       data     extern C:\MCC18\src\traditional\proc\p18F4520.asm
               ADCON0bits   0x000fc2       data     extern C:\MCC18\src\traditional\proc\p18F4520.asm
                   ADCON1   0x000fc1       data     extern C:\MCC18\src\traditional\proc\p18F4520.asm
               ADCON1bits   0x000fc1       data     extern C:\MCC18\src\traditional\proc\p18F4520.asm
                   ADCON2   0x000fc0       data     extern C:\MCC18\src\traditional\proc\p18F4520.asm
               ADCON2bits   0x000fc0       data     extern C:\MCC18\src\traditional\proc\p18F4520.asm
                    ADRES   0x000fc3       data     extern C:\MCC18\src\traditional\proc\p18F4520.asm
                   ADRESH   0x000fc4       data     extern C:\MCC18\src\traditional\proc\p18F4520.asm
                   ADRESL   0x000fc3       data     extern C:\MCC18\src\traditional\proc\p18F4520.asm
                  BAUDCON   0x000fb8       data     extern C:\MCC18\src\traditional\proc\p18F4520.asm
              BAUDCONbits   0x000fb8       data     extern C:\MCC18\src\traditional\proc\p18F4520.asm
                  BAUDCTL   0x000fb8       data     extern C:\MCC18\src\traditional\proc\p18F4520.asm
              BAUDCTLbits   0x000fb8       data     extern C:\MCC18\src\traditional\proc\p18F4520.asm
                      BSR   0x000fe0       data     extern C:\MCC18\src\traditional\proc\p18F4520.asm
                  CCP1CON   0x000fbd       data     extern C:\MCC18\src\traditional\proc\p18F4520.asm
              CCP1CONbits   0x000fbd       data     extern C:\MCC18\src\traditional\proc\p18F4520.asm
                  CCP2CON   0x000fba       data     extern C:\MCC18\src\traditional\proc\p18F4520.asm
              CCP2CONbits   0x000fba       data     extern C:\MCC18\src\traditional\proc\p18F4520.asm
                    CCPR1   0x000fbe       data     extern C:\MCC18\src\traditional\proc\p18F4520.asm
                   CCPR1H   0x000fbf       data     extern C:\MCC18\src\traditional\proc\p18F4520.asm
                   CCPR1L   0x000fbe       data     extern C:\MCC18\src\traditional\proc\p18F4520.asm
                    CCPR2   0x000fbb       data     extern C:\MCC18\src\traditional\proc\p18F4520.asm
                   CCPR2H   0x000fbc       data     extern C:\MCC18\src\traditional\proc\p18F4520.asm
                   CCPR2L   0x000fbb       data     extern C:\MCC18\src\traditional\proc\p18F4520.asm
                    CMCON   0x000fb4       data     extern C:\MCC18\src\traditional\proc\p18F4520.asm
                CMCONbits   0x000fb4       data     extern C:\MCC18\src\traditional\proc\p18F4520.asm
                   CVRCON   0x000fb5       data     extern C:\MCC18\src\traditional\proc\p18F4520.asm
               CVRCONbits   0x000fb5       data     extern C:\MCC18\src\traditional\proc\p18F4520.asm
                     DDRA   0x000f92       data     extern C:\MCC18\src\traditional\proc\p18F4520.asm
                 DDRAbits   0x000f92       data     extern C:\MCC18\src\traditional\proc\p18F4520.asm
                     DDRB   0x000f93       data     extern C:\MCC18\src\traditional\proc\p18F4520.asm
                 DDRBbits   0x000f93       data     extern C:\MCC18\src\traditional\proc\p18F4520.asm
                     DDRC   0x000f94       data     extern C:\MCC18\src\traditional\proc\p18F4520.asm
                 DDRCbits   0x000f94       data     extern C:\MCC18\src\traditional\proc\p18F4520.asm
                     DDRD   0x000f95       data     extern C:\MCC18\src\traditional\proc\p18F4520.asm
                 DDRDbits   0x000f95       data     extern C:\MCC18\src\traditional\proc\p18F4520.asm
                     DDRE   0x000f96       data     extern C:\MCC18\src\traditional\proc\p18F4520.asm
                 DDREbits   0x000f96       data     extern C:\MCC18\src\traditional\proc\p18F4520.asm
            DelayCounter1   0x000019       data     extern C:\MCC18\src\traditional\delays\delayd1.asm
            DelayCounter2   0x000018       data     extern C:\MCC18\src\traditional\delays\delayd2.asm
                  ECCP1AS   0x000fb6       data     extern C:\MCC18\src\traditional\proc\p18F4520.asm
              ECCP1ASbits   0x000fb6       data     extern C:\MCC18\src\traditional\proc\p18F4520.asm
                    EEADR   0x000fa9       data     extern C:\MCC18\src\traditional\proc\p18F4520.asm
                   EECON1   0x000fa6       data     extern C:\MCC18\src\traditional\proc\p18F4520.asm
               EECON1bits   0x000fa6       data     extern C:\MCC18\src\traditional\proc\p18F4520.asm
                   EECON2   0x000fa7       data     extern C:\MCC18\src\traditional\proc\p18F4520.asm
                   EEDATA   0x000fa8       data     extern C:\MCC18\src\traditional\proc\p18F4520.asm
                     FSR0   0x000fe9       data     extern C:\MCC18\src\traditional\proc\p18F4520.asm
                    FSR0H   0x000fea       data     extern C:\MCC18\src\traditional\proc\p18F4520.asm
                    FSR0L   0x000fe9       data     extern C:\MCC18\src\traditional\proc\p18F4520.asm
                     FSR1   0x000fe1       data     extern C:\MCC18\src\traditional\proc\p18F4520.asm
                    FSR1H   0x000fe2       data     extern C:\MCC18\src\traditional\proc\p18F4520.asm
                    FSR1L   0x000fe1       data     extern C:\MCC18\src\traditional\proc\p18F4520.asm
                     FSR2   0x000fd9       data     extern C:\MCC18\src\traditional\proc\p18F4520.asm
                    FSR2H   0x000fda       data     extern C:\MCC18\src\traditional\proc\p18F4520.asm
                    FSR2L   0x000fd9       data     extern C:\MCC18\src\traditional\proc\p18F4520.asm
            Flag_Envio_ID   0x0002f9       data     extern C:\Pic Cube MiWi\MiWi End Device\main.c
                  HLVDCON   0x000fd2       data     extern C:\MCC18\src\traditional\proc\p18F4520.asm
              HLVDCONbits   0x000fd2       data     extern C:\MCC18\src\traditional\proc\p18F4520.asm
               IEEESeqNum   0x0002c3       data     extern C:\Pic Cube MiWi\Microchip\MiWi\MiWi.c
                    INDF0   0x000fef       data     extern C:\MCC18\src\traditional\proc\p18F4520.asm
                    INDF1   0x000fe7       data     extern C:\MCC18\src\traditional\proc\p18F4520.asm
                    INDF2   0x000fdf       data     extern C:\MCC18\src\traditional\proc\p18F4520.asm
                   INTCON   0x000ff2       data     extern C:\MCC18\src\traditional\proc\p18F4520.asm
                  INTCON2   0x000ff1       data     extern C:\MCC18\src\traditional\proc\p18F4520.asm
              INTCON2bits   0x000ff1       data     extern C:\MCC18\src\traditional\proc\p18F4520.asm
                  INTCON3   0x000ff0       data     extern C:\MCC18\src\traditional\proc\p18F4520.asm
              INTCON3bits   0x000ff0       data     extern C:\MCC18\src\traditional\proc\p18F4520.asm
               INTCONbits   0x000ff2       data     extern C:\MCC18\src\traditional\proc\p18F4520.asm
                     IPR1   0x000f9f       data     extern C:\MCC18\src\traditional\proc\p18F4520.asm
                 IPR1bits   0x000f9f       data     extern C:\MCC18\src\traditional\proc\p18F4520.asm
                     IPR2   0x000fa2       data     extern C:\MCC18\src\traditional\proc\p18F4520.asm
                 IPR2bits   0x000fa2       data     extern C:\MCC18\src\traditional\proc\p18F4520.asm
                     LATA   0x000f89       data     extern C:\MCC18\src\traditional\proc\p18F4520.asm
                 LATAbits   0x000f89       data     extern C:\MCC18\src\traditional\proc\p18F4520.asm
                     LATB   0x000f8a       data     extern C:\MCC18\src\traditional\proc\p18F4520.asm
                 LATBbits   0x000f8a       data     extern C:\MCC18\src\traditional\proc\p18F4520.asm
                     LATC   0x000f8b       data     extern C:\MCC18\src\traditional\proc\p18F4520.asm
                 LATCbits   0x000f8b       data     extern C:\MCC18\src\traditional\proc\p18F4520.asm
                     LATD   0x000f8c       data     extern C:\MCC18\src\traditional\proc\p18F4520.asm
                 LATDbits   0x000f8c       data     extern C:\MCC18\src\traditional\proc\p18F4520.asm
                     LATE   0x000f8d       data     extern C:\MCC18\src\traditional\proc\p18F4520.asm
                 LATEbits   0x000f8d       data     extern C:\MCC18\src\traditional\proc\p18F4520.asm
                   LVDCON   0x000fd2       data     extern C:\MCC18\src\traditional\proc\p18F4520.asm
               LVDCONbits   0x000fd2       data     extern C:\MCC18\src\traditional\proc\p18F4520.asm
               MiWiSeqNum   0x0002c4       data     extern C:\Pic Cube MiWi\Microchip\MiWi\MiWi.c
         MiWiStateMachine   0x0002e7       data     extern C:\Pic Cube MiWi\Microchip\MiWi\MiWi.c
               MiWiStatus   0x0002d6       data     extern C:\Pic Cube MiWi\Microchip\MiWi\MiWi.c
                   OSCCON   0x000fd3       data     extern C:\MCC18\src\traditional\proc\p18F4520.asm
               OSCCONbits   0x000fd3       data     extern C:\MCC18\src\traditional\proc\p18F4520.asm
                  OSCTUNE   0x000f9b       data     extern C:\MCC18\src\traditional\proc\p18F4520.asm
              OSCTUNEbits   0x000f9b       data     extern C:\MCC18\src\traditional\proc\p18F4520.asm
                       PC   0x000ff9       data     extern C:\MCC18\src\traditional\proc\p18F4520.asm
                      PCL   0x000ff9       data     extern C:\MCC18\src\traditional\proc\p18F4520.asm
                   PCLATH   0x000ffa       data     extern C:\MCC18\src\traditional\proc\p18F4520.asm
                   PCLATU   0x000ffb       data     extern C:\MCC18\src\traditional\proc\p18F4520.asm
                     PIE1   0x000f9d       data     extern C:\MCC18\src\traditional\proc\p18F4520.asm
                 PIE1bits   0x000f9d       data     extern C:\MCC18\src\traditional\proc\p18F4520.asm
                     PIE2   0x000fa0       data     extern C:\MCC18\src\traditional\proc\p18F4520.asm
                 PIE2bits   0x000fa0       data     extern C:\MCC18\src\traditional\proc\p18F4520.asm
                     PIR1   0x000f9e       data     extern C:\MCC18\src\traditional\proc\p18F4520.asm
                 PIR1bits   0x000f9e       data     extern C:\MCC18\src\traditional\proc\p18F4520.asm
                     PIR2   0x000fa1       data     extern C:\MCC18\src\traditional\proc\p18F4520.asm
                 PIR2bits   0x000fa1       data     extern C:\MCC18\src\traditional\proc\p18F4520.asm
                   PLUSW0   0x000feb       data     extern C:\MCC18\src\traditional\proc\p18F4520.asm
                   PLUSW1   0x000fe3       data     extern C:\MCC18\src\traditional\proc\p18F4520.asm
                   PLUSW2   0x000fdb       data     extern C:\MCC18\src\traditional\proc\p18F4520.asm
                    PORTA   0x000f80       data     extern C:\MCC18\src\traditional\proc\p18F4520.asm
                PORTAbits   0x000f80       data     extern C:\MCC18\src\traditional\proc\p18F4520.asm
                    PORTB   0x000f81       data     extern C:\MCC18\src\traditional\proc\p18F4520.asm
                PORTBbits   0x000f81       data     extern C:\MCC18\src\traditional\proc\p18F4520.asm
                    PORTC   0x000f82       data     extern C:\MCC18\src\traditional\proc\p18F4520.asm
                PORTCbits   0x000f82       data     extern C:\MCC18\src\traditional\proc\p18F4520.asm
                    PORTD   0x000f83       data     extern C:\MCC18\src\traditional\proc\p18F4520.asm
                PORTDbits   0x000f83       data     extern C:\MCC18\src\traditional\proc\p18F4520.asm
                    PORTE   0x000f84       data     extern C:\MCC18\src\traditional\proc\p18F4520.asm
                PORTEbits   0x000f84       data     extern C:\MCC18\src\traditional\proc\p18F4520.asm
                 POSTDEC0   0x000fed       data     extern C:\MCC18\src\traditional\proc\p18F4520.asm
                 POSTDEC1   0x000fe5       data     extern C:\MCC18\src\traditional\proc\p18F4520.asm
                 POSTDEC2   0x000fdd       data     extern C:\MCC18\src\traditional\proc\p18F4520.asm
                 POSTINC0   0x000fee       data     extern C:\MCC18\src\traditional\proc\p18F4520.asm
                 POSTINC1   0x000fe6       data     extern C:\MCC18\src\traditional\proc\p18F4520.asm
                 POSTINC2   0x000fde       data     extern C:\MCC18\src\traditional\proc\p18F4520.asm
                      PR2   0x000fcb       data     extern C:\MCC18\src\traditional\proc\p18F4520.asm
                  PREINC0   0x000fec       data     extern C:\MCC18\src\traditional\proc\p18F4520.asm
                  PREINC1   0x000fe4       data     extern C:\MCC18\src\traditional\proc\p18F4520.asm
                  PREINC2   0x000fdc       data     extern C:\MCC18\src\traditional\proc\p18F4520.asm
                     PROD   0x000ff3       data     extern C:\MCC18\src\traditional\proc\p18F4520.asm
                    PRODH   0x000ff4       data     extern C:\MCC18\src\traditional\proc\p18F4520.asm
                    PRODL   0x000ff3       data     extern C:\MCC18\src\traditional\proc\p18F4520.asm
                  PWM1CON   0x000fb7       data     extern C:\MCC18\src\traditional\proc\p18F4520.asm
              PWM1CONbits   0x000fb7       data     extern C:\MCC18\src\traditional\proc\p18F4520.asm
                     RCON   0x000fd0       data     extern C:\MCC18\src\traditional\proc\p18F4520.asm
                 RCONbits   0x000fd0       data     extern C:\MCC18\src\traditional\proc\p18F4520.asm
                    RCREG   0x000fae       data     extern C:\MCC18\src\traditional\proc\p18F4520.asm
                    RCSTA   0x000fab       data     extern C:\MCC18\src\traditional\proc\p18F4520.asm
                RCSTAbits   0x000fab       data     extern C:\MCC18\src\traditional\proc\p18F4520.asm
                 RxBuffer   0x000100       data     extern C:\Pic Cube MiWi\Microchip\MiWi\MiWi.c
                   RxData   0x0002e2       data     extern C:\Pic Cube MiWi\Microchip\MiWi\MiWi.c
                   RxSize   0x0002b5       data     extern C:\Pic Cube MiWi\Microchip\MiWi\MiWi.c
                     SIGN   0x00000e       data     extern C:\MCC18\src\traditional\math\cmath18.asm
                    SPBRG   0x000faf       data     extern C:\MCC18\src\traditional\proc\p18F4520.asm
                   SPBRGH   0x000fb0       data     extern C:\MCC18\src\traditional\proc\p18F4520.asm
                   SSPADD   0x000fc8       data     extern C:\MCC18\src\traditional\proc\p18F4520.asm
                   SSPBUF   0x000fc9       data     extern C:\MCC18\src\traditional\proc\p18F4520.asm
                  SSPCON1   0x000fc6       data     extern C:\MCC18\src\traditional\proc\p18F4520.asm
              SSPCON1bits   0x000fc6       data     extern C:\MCC18\src\traditional\proc\p18F4520.asm
                  SSPCON2   0x000fc5       data     extern C:\MCC18\src\traditional\proc\p18F4520.asm
              SSPCON2bits   0x000fc5       data     extern C:\MCC18\src\traditional\proc\p18F4520.asm
                  SSPSTAT   0x000fc7       data     extern C:\MCC18\src\traditional\proc\p18F4520.asm
              SSPSTATbits   0x000fc7       data     extern C:\MCC18\src\traditional\proc\p18F4520.asm
                   STATUS   0x000fd8       data     extern C:\MCC18\src\traditional\proc\p18F4520.asm
               STATUSbits   0x000fd8       data     extern C:\MCC18\src\traditional\proc\p18F4520.asm
                   STKPTR   0x000ffc       data     extern C:\MCC18\src\traditional\proc\p18F4520.asm
               STKPTRbits   0x000ffc       data     extern C:\MCC18\src\traditional\proc\p18F4520.asm
                    T0CON   0x000fd5       data     extern C:\MCC18\src\traditional\proc\p18F4520.asm
                T0CONbits   0x000fd5       data     extern C:\MCC18\src\traditional\proc\p18F4520.asm
                    T1CON   0x000fcd       data     extern C:\MCC18\src\traditional\proc\p18F4520.asm
                T1CONbits   0x000fcd       data     extern C:\MCC18\src\traditional\proc\p18F4520.asm
                    T2CON   0x000fca       data     extern C:\MCC18\src\traditional\proc\p18F4520.asm
                T2CONbits   0x000fca       data     extern C:\MCC18\src\traditional\proc\p18F4520.asm
                    T3CON   0x000fb1       data     extern C:\MCC18\src\traditional\proc\p18F4520.asm
                T3CONbits   0x000fb1       data     extern C:\MCC18\src\traditional\proc\p18F4520.asm
                   TABLAT   0x000ff5       data     extern C:\MCC18\src\traditional\proc\p18F4520.asm
                   TBLPTR   0x000ff6       data     extern C:\MCC18\src\traditional\proc\p18F4520.asm
                  TBLPTRH   0x000ff7       data     extern C:\MCC18\src\traditional\proc\p18F4520.asm
                  TBLPTRL   0x000ff6       data     extern C:\MCC18\src\traditional\proc\p18F4520.asm
                  TBLPTRU   0x000ff8       data     extern C:\MCC18\src\traditional\proc\p18F4520.asm
                    TMR0H   0x000fd7       data     extern C:\MCC18\src\traditional\proc\p18F4520.asm
                    TMR0L   0x000fd6       data     extern C:\MCC18\src\traditional\proc\p18F4520.asm
                    TMR1H   0x000fcf       data     extern C:\MCC18\src\traditional\proc\p18F4520.asm
                    TMR1L   0x000fce       data     extern C:\MCC18\src\traditional\proc\p18F4520.asm
                     TMR2   0x000fcc       data     extern C:\MCC18\src\traditional\proc\p18F4520.asm
                    TMR3H   0x000fb3       data     extern C:\MCC18\src\traditional\proc\p18F4520.asm
                    TMR3L   0x000fb2       data     extern C:\MCC18\src\traditional\proc\p18F4520.asm
                      TOS   0x000ffd       data     extern C:\MCC18\src\traditional\proc\p18F4520.asm
                     TOSH   0x000ffe       data     extern C:\MCC18\src\traditional\proc\p18F4520.asm
                     TOSL   0x000ffd       data     extern C:\MCC18\src\traditional\proc\p18F4520.asm
                     TOSU   0x000fff       data     extern C:\MCC18\src\traditional\proc\p18F4520.asm
                    TRISA   0x000f92       data     extern C:\MCC18\src\traditional\proc\p18F4520.asm
                TRISAbits   0x000f92       data     extern C:\MCC18\src\traditional\proc\p18F4520.asm
                    TRISB   0x000f93       data     extern C:\MCC18\src\traditional\proc\p18F4520.asm
                TRISBbits   0x000f93       data     extern C:\MCC18\src\traditional\proc\p18F4520.asm
                    TRISC   0x000f94       data     extern C:\MCC18\src\traditional\proc\p18F4520.asm
                TRISCbits   0x000f94       data     extern C:\MCC18\src\traditional\proc\p18F4520.asm
                    TRISD   0x000f95       data     extern C:\MCC18\src\traditional\proc\p18F4520.asm
                TRISDbits   0x000f95       data     extern C:\MCC18\src\traditional\proc\p18F4520.asm
                    TRISE   0x000f96       data     extern C:\MCC18\src\traditional\proc\p18F4520.asm
                TRISEbits   0x000f96       data     extern C:\MCC18\src\traditional\proc\p18F4520.asm
                    TXREG   0x000fad       data     extern C:\MCC18\src\traditional\proc\p18F4520.asm
                    TXSTA   0x000fac       data     extern C:\MCC18\src\traditional\proc\p18F4520.asm
                TXSTAbits   0x000fac       data     extern C:\MCC18\src\traditional\proc\p18F4520.asm
                 TxBuffer   0x00017f       data     extern C:\Pic Cube MiWi\Microchip\MiWi\MiWi.c
                   TxData   0x0002b2       data     extern C:\Pic Cube MiWi\Microchip\MiWi\MiWi.c
                 TxHeader   0x0002b1       data     extern C:\Pic Cube MiWi\Microchip\MiWi\MiWi.c
                        W   0x000fe8       data     extern C:\MCC18\src\traditional\proc\p18F4520.asm
                   WDTCON   0x000fd1       data     extern C:\MCC18\src\traditional\proc\p18F4520.asm
               WDTCONbits   0x000fd1       data     extern C:\MCC18\src\traditional\proc\p18F4520.asm
                     WREG   0x000fe8       data     extern C:\MCC18\src\traditional\proc\p18F4520.asm
                 __AARGB0   0x000007       data     extern C:\MCC18\src\traditional\math\aarg.asm
                 __AARGB1   0x000006       data     extern C:\MCC18\src\traditional\math\aarg.asm
                 __AARGB2   0x000005       data     extern C:\MCC18\src\traditional\math\aarg.asm
                 __AARGB3   0x000004       data     extern C:\MCC18\src\traditional\math\aarg.asm
                 __AARGB4   0x000003       data     extern C:\MCC18\src\traditional\math\aarg.asm
                 __AARGB5   0x000002       data     extern C:\MCC18\src\traditional\math\aarg.asm
                 __AARGB6   0x000001       data     extern C:\MCC18\src\traditional\math\aarg.asm
                 __AARGB7   0x000000       data     extern C:\MCC18\src\traditional\math\aarg.asm
                   __AEXP   0x000008       data     extern C:\MCC18\src\traditional\math\aarg.asm
                 __BARGB0   0x00000c       data     extern C:\MCC18\src\traditional\math\barg.asm
                 __BARGB1   0x00000b       data     extern C:\MCC18\src\traditional\math\barg.asm
                 __BARGB2   0x00000a       data     extern C:\MCC18\src\traditional\math\barg.asm
                 __BARGB3   0x000009       data     extern C:\MCC18\src\traditional\math\barg.asm
                   __BEXP   0x00000d       data     extern C:\MCC18\src\traditional\math\barg.asm
                __FPFLAGS   0x00000f       data     extern C:\MCC18\src\traditional\math\cmath18.asm
            __FPFLAGSbits   0x00000f       data     extern C:\MCC18\src\traditional\math\cmath18.asm
                  __REMB0   0x000003       data     extern C:\MCC18\src\traditional\math\aarg.asm
                  __REMB1   0x000002       data     extern C:\MCC18\src\traditional\math\aarg.asm
                  __REMB2   0x000001       data     extern C:\MCC18\src\traditional\math\aarg.asm
                  __REMB3   0x000000       data     extern C:\MCC18\src\traditional\math\aarg.asm
                  __tmp_0   0x000010       data     static C:\Pic Cube MiWi\MiWi End Device\main.c
                  __tmp_0   0x000010       data     static C:\Pic Cube MiWi\Microchip\MiWi\MiWi.c
                  __tmp_0   0x000010       data     static C:\Pic Cube MiWi\Microchip\Common\Console.c
        carga_dispositivo   0x0002f5       data     extern C:\Pic Cube MiWi\MiWi End Device\main.c
                curr_byte   0x0002ee       data     static C:\MCC18\src\traditional\startup\c018i.c
               curr_entry   0x0002f0       data     static C:\MCC18\src\traditional\startup\c018i.c
           currentChannel   0x0002e9       data     extern C:\Pic Cube MiWi\Microchip\MiWi\MiWi.c
     currentSearchChannel   0x0002c2       data     extern C:\Pic Cube MiWi\Microchip\MiWi\MiWi.c
                 data_ptr   0x0002f2       data     static C:\MCC18\src\traditional\startup\c018i.c
                 destInfo   0x0002a0       data     extern C:\Pic Cube MiWi\Microchip\MiWi\MiWi.c
           failureCounter   0x0002fa       data     extern C:\Pic Cube MiWi\Microchip\MiWi\MiWi.c
                     flag   0x0002f7       data     extern C:\Pic Cube MiWi\MiWi End Device\main.c
                  myPANID   0x0002e5       data     extern C:\Pic Cube MiWi\Microchip\MiWi\MiWi.c
                 myParent   0x0002ea       data     extern C:\Pic Cube MiWi\Microchip\MiWi\MiWi.c
           myShortAddress   0x0002e3       data     extern C:\Pic Cube MiWi\Microchip\MiWi\MiWi.c
            networkStatus   0x0002d8       data     extern C:\Pic Cube MiWi\Microchip\MiWi\MiWi.c
             networkTable   0x000200       data     extern C:\Pic Cube MiWi\Microchip\MiWi\MiWi.c
           openSocketInfo   0x0002c5       data     extern C:\Pic Cube MiWi\Microchip\MiWi\MiWi.c
                  pRxData   0x0002b3       data     extern C:\Pic Cube MiWi\Microchip\MiWi\MiWi.c
                     prom   0x0002eb       data     static C:\MCC18\src\traditional\startup\c018i.c
         sendReportStatus   0x0002d5       data     extern C:\Pic Cube MiWi\Microchip\MiWi\MiWi.c
                startTick   0x0002b6       data     extern C:\Pic Cube MiWi\Microchip\MiWi\MiWi.c
          tempLongAddress   0x0002a4       data     extern C:\Pic Cube MiWi\Microchip\MiWi\MiWi.c
           tempNodeStatus   0x0002ac       data     extern C:\Pic Cube MiWi\Microchip\MiWi\MiWi.c
                tempPANID   0x0002af       data     extern C:\Pic Cube MiWi\Microchip\MiWi\MiWi.c
         tempShortAddress   0x0002ad       data     extern C:\Pic Cube MiWi\Microchip\MiWi\MiWi.c
          tickCurrentTime   0x0002be       data     extern C:\Pic Cube MiWi\Microchip\MiWi\MiWi.c
           tickDifference   0x0002ba       data     extern C:\Pic Cube MiWi\Microchip\MiWi\MiWi.c
          timerExtension1   0x0001fe       data     extern C:\Pic Cube MiWi\Microchip\MiWi\SymbolTime.c
          timerExtension2   0x0001ff       data     extern C:\Pic Cube MiWi\Microchip\MiWi\SymbolTime.c



                              Symbols - Sorted by Address
                     Name    Address   Location    Storage File                     
                ---------  ---------  ---------  --------- ---------                
                   _entry   0x000000    program     extern C:\MCC18\src\traditional\startup\c018i.c
       ___return_lbl00000   0x000004    program     static                          
                   __init   0x000006    program     extern C:\MCC18\src\traditional\stdclib\__init.c
               HighVector   0x000008    program     extern C:\Pic Cube MiWi\Microchip\MiWi\MiWi.c
       ___return_lbl00295   0x00000c    program     static                          
            myLongAddress   0x00000e    program     extern C:\Pic Cube MiWi\MiWi End Device\main.c
                LowVector   0x000018    program     extern C:\Pic Cube MiWi\Microchip\MiWi\MiWi.c
       ___return_lbl00296   0x00001c    program     static                          
                MiWiTasks   0x000038    program     extern C:\Pic Cube MiWi\Microchip\MiWi\MiWi.c
              __tmplbl_44   0x000d7a    program     static                          
              __tmplbl_43   0x000d7a    program     static                          
              __tmplbl_42   0x000d7a    program     static                          
              __tmplbl_41   0x000d7a    program     static                          
              __tmplbl_39   0x000d7a    program     static                          
              __tmplbl_36   0x000d80    program     static                          
              __tmplbl_35   0x000d84    program     static                          
 SendReportByShortAddress   0x001204    program     extern C:\Pic Cube MiWi\Microchip\MiWi\MiWi.c
  SendReportByLongAddress   0x0013d8    program     extern C:\Pic Cube MiWi\Microchip\MiWi\MiWi.c
       SendReportByHandle   0x00174a    program     extern C:\Pic Cube MiWi\Microchip\MiWi\MiWi.c
            DiscardPacket   0x001e9a    program     extern C:\Pic Cube MiWi\Microchip\MiWi\MiWi.c
     findNextNetworkEntry   0x001eb8    program     extern C:\Pic Cube MiWi\Microchip\MiWi\MiWi.c
             SendTxBuffer   0x001efa    program     extern C:\Pic Cube MiWi\Microchip\MiWi\MiWi.c
        PHYSetLongRAMAddr   0x001ff2    program     extern C:\Pic Cube MiWi\Microchip\MiWi\MiWi.c
       ___return_lbl00161   0x002072    program     static                          
       PHYSetShortRAMAddr   0x00207c    program     extern C:\Pic Cube MiWi\Microchip\MiWi\MiWi.c
       ___return_lbl00162   0x0020bc    program     static                          
       PHYGetShortRAMAddr   0x0020c6    program     extern C:\Pic Cube MiWi\Microchip\MiWi\MiWi.c
       ___return_lbl00163   0x00210e    program     static                          
        PHYGetLongRAMAddr   0x002126    program     extern C:\Pic Cube MiWi\Microchip\MiWi\MiWi.c
       ___return_lbl00164   0x0021b2    program     static                          
         DumpNetworkTable   0x0021ca    program     extern C:\Pic Cube MiWi\Microchip\MiWi\MiWi.c
        DiscoverNodeByEUI   0x0028f2    program     extern C:\Pic Cube MiWi\Microchip\MiWi\MiWi.c
        ClearNetworkTable   0x002b72    program     extern C:\Pic Cube MiWi\Microchip\MiWi\MiWi.c
               OpenSocket   0x002d0e    program     extern C:\Pic Cube MiWi\Microchip\MiWi\MiWi.c
              JoinNetwork   0x00318c    program     extern C:\Pic Cube MiWi\Microchip\MiWi\MiWi.c
               SetChannel   0x003390    program     extern C:\Pic Cube MiWi\Microchip\MiWi\MiWi.c
    SearchForShortAddress   0x0033da    program     extern C:\Pic Cube MiWi\Microchip\MiWi\MiWi.c
     SearchForLongAddress   0x00348a    program     extern C:\Pic Cube MiWi\Microchip\MiWi\MiWi.c
    AddNodeToNetworkTable   0x00352e    program     extern C:\Pic Cube MiWi\Microchip\MiWi\MiWi.c
             initMRF24J40   0x003702    program     extern C:\Pic Cube MiWi\Microchip\MiWi\MiWi.c
                 MiWiInit   0x003976    program     extern C:\Pic Cube MiWi\Microchip\MiWi\MiWi.c
            MRF24J40Sleep   0x0039c6    program     extern C:\Pic Cube MiWi\Microchip\MiWi\MiWi.c
             MRF24J40Wake   0x003a0e    program     extern C:\Pic Cube MiWi\Microchip\MiWi\MiWi.c
                  HighISR   0x003b92    program     extern C:\Pic Cube MiWi\Microchip\MiWi\MiWi.c
               carga_disp   0x003d10    program     extern C:\Pic Cube MiWi\MiWi End Device\main.c
                     liga   0x003d90    program     extern C:\Pic Cube MiWi\MiWi End Device\main.c
                  desliga   0x003da4    program     extern C:\Pic Cube MiWi\MiWi End Device\main.c
                Le_E2Prom   0x003db8    program     extern C:\Pic Cube MiWi\MiWi End Device\main.c
                 Envio_ID   0x003dd4    program     extern C:\Pic Cube MiWi\MiWi End Device\main.c
               send2coord   0x003ed4    program     extern C:\Pic Cube MiWi\MiWi End Device\main.c
        trata_int_e_timer   0x003efa    program     extern C:\Pic Cube MiWi\MiWi End Device\main.c
                 pega_cmd   0x003f58    program     extern C:\Pic Cube MiWi\MiWi End Device\main.c
                     main   0x004108    program     extern C:\Pic Cube MiWi\MiWi End Device\main.c
        ___while_lbl00032   0x00412a    program     static                          
           ___if_lbl00034   0x004140    program     static                          
          ___for_lbl00037   0x004142    program     static                          
          ___for_lbl00035   0x004164    program     static                          
          ___for_lbl00036   0x004168    program     static                          
           ___if_lbl00038   0x004180    program     static                          
         ___else_lbl00041   0x00419e    program     static                          
               __tmplbl_3   0x004228    program     static                          
           ___if_lbl00040   0x00422e    program     static                          
           ___if_lbl00039   0x00422e    program     static                          
           ___if_lbl00042   0x00424c    program     static                          
         ___else_lbl00068   0x00424e    program     static                          
               __tmplbl_6   0x00425a    program     static                          
               __tmplbl_5   0x004266    program     static                          
               __tmplbl_4   0x004272    program     static                          
          ___for_lbl00052   0x00427e    program     static                          
           ___if_lbl00051   0x00436c    program     static                          
           ___if_lbl00050   0x00436c    program     static                          
           ___if_lbl00049   0x00436c    program     static                          
           ___if_lbl00048   0x00436c    program     static                          
          ___for_lbl00045   0x00436c    program     static                          
           ___if_lbl00047   0x00436c    program     static                          
          ___for_lbl00046   0x004372    program     static                          
         ___else_lbl00054   0x004394    program     static                          
           ___if_lbl00053   0x0043be    program     static                          
         ___else_lbl00065   0x0043c0    program     static                          
          ___for_lbl00057   0x0043d6    program     static                          
          ___for_lbl00055   0x0043ec    program     static                          
          ___for_lbl00056   0x0043f8    program     static                          
          ___for_lbl00060   0x004402    program     static                          
          ___for_lbl00058   0x004418    program     static                          
          ___for_lbl00059   0x004424    program     static                          
          ___for_lbl00063   0x00442e    program     static                          
          ___for_lbl00061   0x004444    program     static                          
          ___for_lbl00062   0x004450    program     static                          
           ___if_lbl00064   0x004452    program     static                          
           ___if_lbl00066   0x004452    program     static                          
           ___if_lbl00067   0x004452    program     static                          
       ___return_lbl00031   0x00445e    program     static                          
        ___while_lbl00033   0x00445e    program     static                          
                BoardInit   0x004472    program     extern C:\Pic Cube MiWi\MiWi End Device\main.c
              ConsoleInit   0x0044c8    program     extern C:\Pic Cube MiWi\Microchip\Common\Console.c
      ConsolePutROMString   0x0044d6    program     extern C:\Pic Cube MiWi\Microchip\Common\Console.c
               ConsolePut   0x004510    program     extern C:\Pic Cube MiWi\Microchip\Common\Console.c
                PrintChar   0x00452a    program     extern C:\Pic Cube MiWi\Microchip\Common\Console.c
                 PrintDec   0x00458c    program     extern C:\Pic Cube MiWi\Microchip\Common\Console.c
         ConsoleGetString   0x0045e8    program     extern C:\Pic Cube MiWi\Microchip\Common\Console.c
               ConsoleGet   0x004660    program     extern C:\Pic Cube MiWi\Microchip\Common\Console.c
                GetString   0x00466c    program     extern C:\Pic Cube MiWi\Microchip\Common\Console.c
               __string_9   0x0046f4    program     static C:\Pic Cube MiWi\Microchip\MiWi\MiWi.c
               __string_8   0x00472d    program     static C:\Pic Cube MiWi\Microchip\MiWi\MiWi.c
               __string_7   0x004775    program     static C:\Pic Cube MiWi\Microchip\MiWi\MiWi.c
               __string_6   0x00478b    program     static C:\Pic Cube MiWi\Microchip\MiWi\MiWi.c
               __string_5   0x00479a    program     static C:\Pic Cube MiWi\Microchip\MiWi\MiWi.c
               __string_4   0x0047a1    program     static C:\Pic Cube MiWi\Microchip\MiWi\MiWi.c
               __string_3   0x0047b7    program     static C:\Pic Cube MiWi\Microchip\MiWi\MiWi.c
               __string_2   0x0047ba    program     static C:\Pic Cube MiWi\Microchip\MiWi\MiWi.c
               __string_1   0x0047da    program     static C:\Pic Cube MiWi\Microchip\MiWi\MiWi.c
               __string_0   0x0047de    program     static C:\Pic Cube MiWi\Microchip\MiWi\MiWi.c
                     atoi   0x0047f8    program     extern C:\MCC18\src\traditional\stdclib\atoi.asm
                  jSkipWS   0x004826    program     static C:\MCC18\src\traditional\stdclib\atoi.asm
                 jSkipWS1   0x004838    program     static C:\MCC18\src\traditional\stdclib\atoi.asm
                 jTstSign   0x00483c    program     static C:\MCC18\src\traditional\stdclib\atoi.asm
                jTstSign1   0x004848    program     static C:\MCC18\src\traditional\stdclib\atoi.asm
                jTstSign2   0x00484e    program     static C:\MCC18\src\traditional\stdclib\atoi.asm
                jTstSign3   0x004850    program     static C:\MCC18\src\traditional\stdclib\atoi.asm
                    jLoop   0x004850    program     static C:\MCC18\src\traditional\stdclib\atoi.asm
                 jEndLoop   0x00489e    program     static C:\MCC18\src\traditional\stdclib\atoi.asm
                     jEnd   0x0048b6    program     static C:\MCC18\src\traditional\stdclib\atoi.asm
                _do_cinit   0x0048e2    program     extern C:\MCC18\src\traditional\startup\c018i.c
                     test   0x0048fc    program     static                          
                copy_loop   0x004954    program     static                          
            copy_one_byte   0x00495a    program     static                          
             done_copying   0x004968    program     static                          
       ___return_lbl00002   0x00497e    program     static                          
                     done   0x00497e    program     static                          
          InitSymbolTimer   0x004980    program     extern C:\Pic Cube MiWi\Microchip\MiWi\SymbolTime.c
                  TickGet   0x004994    program     extern C:\Pic Cube MiWi\Microchip\MiWi\SymbolTime.c
               OpenTimer1   0x004a1a    program     extern C:\MCC18\src\pmc_common\Timers\t1open.c
              WriteTimer1   0x004a5c    program     extern C:\MCC18\src\pmc_common\Timers\t1write.c
             Delay10KTCYx   0x004a94    program     extern C:\MCC18\src\traditional\delays\d10ktcyx.asm
                    D10Kx   0x004a9e    program     static C:\MCC18\src\traditional\delays\d10ktcyx.asm
                   D10K_1   0x004aa0    program     static C:\MCC18\src\traditional\delays\d10ktcyx.asm
       _D10KTCYXCODE_0010   0x004aa4    program     static C:\MCC18\src\traditional\delays\d10ktcyx.asm
                    D10Kl   0x004aac    program     static C:\MCC18\src\traditional\delays\d10ktcyx.asm
       _D10KTCYXCODE_001C   0x004ab0    program     static C:\MCC18\src\traditional\delays\d10ktcyx.asm
                   SPIPut   0x004ac2    program     extern C:\Pic Cube MiWi\Microchip\MiWi\MSPI.c
                   SPIGet   0x004ae4    program     extern C:\Pic Cube MiWi\Microchip\MiWi\MSPI.c
                 _startup   0x004aee    program     extern C:\MCC18\src\traditional\startup\c018i.c
                     loop   0x004afe    program     static                          
       ___return_lbl00001   0x004b08    program     static                          
                 FXD0808U   0x004b0a    program     extern C:\MCC18\src\traditional\math\fxd0808u.c
                     loop   0x004b12    program     static                          
                  endloop   0x004b20    program     static                          
       ___return_lbl00000   0x004b24    program     static                          
              Delay10TCYx   0x004b26    program     extern C:\MCC18\src\traditional\delays\d10tcyx.asm
                     D10x   0x004b2e    program     static C:\MCC18\src\traditional\delays\d10tcyx.asm
        _D10TCYXCODE_000A   0x004b30    program     static C:\MCC18\src\traditional\delays\d10tcyx.asm
        _D10TCYXCODE_000C   0x004b32    program     static C:\MCC18\src\traditional\delays\d10tcyx.asm
        _D10TCYXCODE_000E   0x004b34    program     static C:\MCC18\src\traditional\delays\d10tcyx.asm
                    D10_1   0x004b36    program     static C:\MCC18\src\traditional\delays\d10tcyx.asm
           CharacterArray   0x004b3c    program     extern C:\Pic Cube MiWi\Microchip\Common\Console.c
            __zero_memory   0x004b4c    program     extern C:\MCC18\src\traditional\proc\p18F4520.asm
               clear_loop   0x004b52    program     static C:\MCC18\src\traditional\proc\p18F4520.asm
        availableChannels   0x004b5a    program     extern C:\Pic Cube MiWi\MiWi End Device\main.c
     myManufacturerString   0x004b5b    program     extern C:\Pic Cube MiWi\MiWi End Device\main.c
              CloseTimer1   0x004b68    program     extern C:\MCC18\src\pmc_common\Timers\t1close.c
                 config1H   0x300001    program     extern C:\Pic Cube MiWi\MiWi End Device\ConfigFuses.c
                 config2L   0x300002    program     extern C:\Pic Cube MiWi\MiWi End Device\ConfigFuses.c
                 config2H   0x300003    program     extern C:\Pic Cube MiWi\MiWi End Device\ConfigFuses.c
                 config3H   0x300005    program     extern C:\Pic Cube MiWi\MiWi End Device\ConfigFuses.c
                 config4L   0x300006    program     extern C:\Pic Cube MiWi\MiWi End Device\ConfigFuses.c
           eedata2_values   0xf00000    program     extern C:\Pic Cube MiWi\MiWi End Device\main.c
           eedata3_values   0xf00010    program     extern C:\Pic Cube MiWi\MiWi End Device\main.c
                 __AARGB7   0x000000       data     extern C:\MCC18\src\traditional\math\aarg.asm
                  __REMB3   0x000000       data     extern C:\MCC18\src\traditional\math\aarg.asm
                 __AARGB6   0x000001       data     extern C:\MCC18\src\traditional\math\aarg.asm
                  __REMB2   0x000001       data     extern C:\MCC18\src\traditional\math\aarg.asm
                 __AARGB5   0x000002       data     extern C:\MCC18\src\traditional\math\aarg.asm
                  __REMB1   0x000002       data     extern C:\MCC18\src\traditional\math\aarg.asm
                 __AARGB4   0x000003       data     extern C:\MCC18\src\traditional\math\aarg.asm
                  __REMB0   0x000003       data     extern C:\MCC18\src\traditional\math\aarg.asm
                 __AARGB3   0x000004       data     extern C:\MCC18\src\traditional\math\aarg.asm
                 __AARGB2   0x000005       data     extern C:\MCC18\src\traditional\math\aarg.asm
                 __AARGB1   0x000006       data     extern C:\MCC18\src\traditional\math\aarg.asm
                 __AARGB0   0x000007       data     extern C:\MCC18\src\traditional\math\aarg.asm
                   __AEXP   0x000008       data     extern C:\MCC18\src\traditional\math\aarg.asm
                 __BARGB3   0x000009       data     extern C:\MCC18\src\traditional\math\barg.asm
                 __BARGB2   0x00000a       data     extern C:\MCC18\src\traditional\math\barg.asm
                 __BARGB1   0x00000b       data     extern C:\MCC18\src\traditional\math\barg.asm
                 __BARGB0   0x00000c       data     extern C:\MCC18\src\traditional\math\barg.asm
                   __BEXP   0x00000d       data     extern C:\MCC18\src\traditional\math\barg.asm
                     SIGN   0x00000e       data     extern C:\MCC18\src\traditional\math\cmath18.asm
            __FPFLAGSbits   0x00000f       data     extern C:\MCC18\src\traditional\math\cmath18.asm
                __FPFLAGS   0x00000f       data     extern C:\MCC18\src\traditional\math\cmath18.asm
                  __tmp_0   0x000010       data     static C:\Pic Cube MiWi\MiWi End Device\main.c
                  __tmp_0   0x000010       data     static C:\Pic Cube MiWi\Microchip\MiWi\MiWi.c
                  __tmp_0   0x000010       data     static C:\Pic Cube MiWi\Microchip\Common\Console.c
            DelayCounter2   0x000018       data     extern C:\MCC18\src\traditional\delays\delayd2.asm
            DelayCounter1   0x000019       data     extern C:\MCC18\src\traditional\delays\delayd1.asm
                 RxBuffer   0x000100       data     extern C:\Pic Cube MiWi\Microchip\MiWi\MiWi.c
                 TxBuffer   0x00017f       data     extern C:\Pic Cube MiWi\Microchip\MiWi\MiWi.c
          timerExtension1   0x0001fe       data     extern C:\Pic Cube MiWi\Microchip\MiWi\SymbolTime.c
          timerExtension2   0x0001ff       data     extern C:\Pic Cube MiWi\Microchip\MiWi\SymbolTime.c
             networkTable   0x000200       data     extern C:\Pic Cube MiWi\Microchip\MiWi\MiWi.c
                 destInfo   0x0002a0       data     extern C:\Pic Cube MiWi\Microchip\MiWi\MiWi.c
          tempLongAddress   0x0002a4       data     extern C:\Pic Cube MiWi\Microchip\MiWi\MiWi.c
           tempNodeStatus   0x0002ac       data     extern C:\Pic Cube MiWi\Microchip\MiWi\MiWi.c
         tempShortAddress   0x0002ad       data     extern C:\Pic Cube MiWi\Microchip\MiWi\MiWi.c
                tempPANID   0x0002af       data     extern C:\Pic Cube MiWi\Microchip\MiWi\MiWi.c
                 TxHeader   0x0002b1       data     extern C:\Pic Cube MiWi\Microchip\MiWi\MiWi.c
                   TxData   0x0002b2       data     extern C:\Pic Cube MiWi\Microchip\MiWi\MiWi.c
                  pRxData   0x0002b3       data     extern C:\Pic Cube MiWi\Microchip\MiWi\MiWi.c
                   RxSize   0x0002b5       data     extern C:\Pic Cube MiWi\Microchip\MiWi\MiWi.c
                startTick   0x0002b6       data     extern C:\Pic Cube MiWi\Microchip\MiWi\MiWi.c
           tickDifference   0x0002ba       data     extern C:\Pic Cube MiWi\Microchip\MiWi\MiWi.c
          tickCurrentTime   0x0002be       data     extern C:\Pic Cube MiWi\Microchip\MiWi\MiWi.c
     currentSearchChannel   0x0002c2       data     extern C:\Pic Cube MiWi\Microchip\MiWi\MiWi.c
               IEEESeqNum   0x0002c3       data     extern C:\Pic Cube MiWi\Microchip\MiWi\MiWi.c
               MiWiSeqNum   0x0002c4       data     extern C:\Pic Cube MiWi\Microchip\MiWi\MiWi.c
           openSocketInfo   0x0002c5       data     extern C:\Pic Cube MiWi\Microchip\MiWi\MiWi.c
         sendReportStatus   0x0002d5       data     extern C:\Pic Cube MiWi\Microchip\MiWi\MiWi.c
               MiWiStatus   0x0002d6       data     extern C:\Pic Cube MiWi\Microchip\MiWi\MiWi.c
            networkStatus   0x0002d8       data     extern C:\Pic Cube MiWi\Microchip\MiWi\MiWi.c
                   RxData   0x0002e2       data     extern C:\Pic Cube MiWi\Microchip\MiWi\MiWi.c
           myShortAddress   0x0002e3       data     extern C:\Pic Cube MiWi\Microchip\MiWi\MiWi.c
                  myPANID   0x0002e5       data     extern C:\Pic Cube MiWi\Microchip\MiWi\MiWi.c
         MiWiStateMachine   0x0002e7       data     extern C:\Pic Cube MiWi\Microchip\MiWi\MiWi.c
           currentChannel   0x0002e9       data     extern C:\Pic Cube MiWi\Microchip\MiWi\MiWi.c
                 myParent   0x0002ea       data     extern C:\Pic Cube MiWi\Microchip\MiWi\MiWi.c
                     prom   0x0002eb       data     static C:\MCC18\src\traditional\startup\c018i.c
                curr_byte   0x0002ee       data     static C:\MCC18\src\traditional\startup\c018i.c
               curr_entry   0x0002f0       data     static C:\MCC18\src\traditional\startup\c018i.c
                 data_ptr   0x0002f2       data     static C:\MCC18\src\traditional\startup\c018i.c
        carga_dispositivo   0x0002f5       data     extern C:\Pic Cube MiWi\MiWi End Device\main.c
                     flag   0x0002f7       data     extern C:\Pic Cube MiWi\MiWi End Device\main.c
            Flag_Envio_ID   0x0002f9       data     extern C:\Pic Cube MiWi\MiWi End Device\main.c
           failureCounter   0x0002fa       data     extern C:\Pic Cube MiWi\Microchip\MiWi\MiWi.c
                PORTAbits   0x000f80       data     extern C:\MCC18\src\traditional\proc\p18F4520.asm
                    PORTA   0x000f80       data     extern C:\MCC18\src\traditional\proc\p18F4520.asm
                PORTBbits   0x000f81       data     extern C:\MCC18\src\traditional\proc\p18F4520.asm
                    PORTB   0x000f81       data     extern C:\MCC18\src\traditional\proc\p18F4520.asm
                    PORTC   0x000f82       data     extern C:\MCC18\src\traditional\proc\p18F4520.asm
                PORTCbits   0x000f82       data     extern C:\MCC18\src\traditional\proc\p18F4520.asm
                PORTDbits   0x000f83       data     extern C:\MCC18\src\traditional\proc\p18F4520.asm
                    PORTD   0x000f83       data     extern C:\MCC18\src\traditional\proc\p18F4520.asm
                    PORTE   0x000f84       data     extern C:\MCC18\src\traditional\proc\p18F4520.asm
                PORTEbits   0x000f84       data     extern C:\MCC18\src\traditional\proc\p18F4520.asm
                     LATA   0x000f89       data     extern C:\MCC18\src\traditional\proc\p18F4520.asm
                 LATAbits   0x000f89       data     extern C:\MCC18\src\traditional\proc\p18F4520.asm
                     LATB   0x000f8a       data     extern C:\MCC18\src\traditional\proc\p18F4520.asm
                 LATBbits   0x000f8a       data     extern C:\MCC18\src\traditional\proc\p18F4520.asm
                     LATC   0x000f8b       data     extern C:\MCC18\src\traditional\proc\p18F4520.asm
                 LATCbits   0x000f8b       data     extern C:\MCC18\src\traditional\proc\p18F4520.asm
                 LATDbits   0x000f8c       data     extern C:\MCC18\src\traditional\proc\p18F4520.asm
                     LATD   0x000f8c       data     extern C:\MCC18\src\traditional\proc\p18F4520.asm
                     LATE   0x000f8d       data     extern C:\MCC18\src\traditional\proc\p18F4520.asm
                 LATEbits   0x000f8d       data     extern C:\MCC18\src\traditional\proc\p18F4520.asm
                 DDRAbits   0x000f92       data     extern C:\MCC18\src\traditional\proc\p18F4520.asm
                     DDRA   0x000f92       data     extern C:\MCC18\src\traditional\proc\p18F4520.asm
                    TRISA   0x000f92       data     extern C:\MCC18\src\traditional\proc\p18F4520.asm
                TRISAbits   0x000f92       data     extern C:\MCC18\src\traditional\proc\p18F4520.asm
                TRISBbits   0x000f93       data     extern C:\MCC18\src\traditional\proc\p18F4520.asm
                    TRISB   0x000f93       data     extern C:\MCC18\src\traditional\proc\p18F4520.asm
                     DDRB   0x000f93       data     extern C:\MCC18\src\traditional\proc\p18F4520.asm
                 DDRBbits   0x000f93       data     extern C:\MCC18\src\traditional\proc\p18F4520.asm
                TRISCbits   0x000f94       data     extern C:\MCC18\src\traditional\proc\p18F4520.asm
                    TRISC   0x000f94       data     extern C:\MCC18\src\traditional\proc\p18F4520.asm
                     DDRC   0x000f94       data     extern C:\MCC18\src\traditional\proc\p18F4520.asm
                 DDRCbits   0x000f94       data     extern C:\MCC18\src\traditional\proc\p18F4520.asm
                    TRISD   0x000f95       data     extern C:\MCC18\src\traditional\proc\p18F4520.asm
                TRISDbits   0x000f95       data     extern C:\MCC18\src\traditional\proc\p18F4520.asm
                     DDRD   0x000f95       data     extern C:\MCC18\src\traditional\proc\p18F4520.asm
                 DDRDbits   0x000f95       data     extern C:\MCC18\src\traditional\proc\p18F4520.asm
                    TRISE   0x000f96       data     extern C:\MCC18\src\traditional\proc\p18F4520.asm
                TRISEbits   0x000f96       data     extern C:\MCC18\src\traditional\proc\p18F4520.asm
                     DDRE   0x000f96       data     extern C:\MCC18\src\traditional\proc\p18F4520.asm
                 DDREbits   0x000f96       data     extern C:\MCC18\src\traditional\proc\p18F4520.asm
                  OSCTUNE   0x000f9b       data     extern C:\MCC18\src\traditional\proc\p18F4520.asm
              OSCTUNEbits   0x000f9b       data     extern C:\MCC18\src\traditional\proc\p18F4520.asm
                 PIE1bits   0x000f9d       data     extern C:\MCC18\src\traditional\proc\p18F4520.asm
                     PIE1   0x000f9d       data     extern C:\MCC18\src\traditional\proc\p18F4520.asm
                 PIR1bits   0x000f9e       data     extern C:\MCC18\src\traditional\proc\p18F4520.asm
                     PIR1   0x000f9e       data     extern C:\MCC18\src\traditional\proc\p18F4520.asm
                     IPR1   0x000f9f       data     extern C:\MCC18\src\traditional\proc\p18F4520.asm
                 IPR1bits   0x000f9f       data     extern C:\MCC18\src\traditional\proc\p18F4520.asm
                 PIE2bits   0x000fa0       data     extern C:\MCC18\src\traditional\proc\p18F4520.asm
                     PIE2   0x000fa0       data     extern C:\MCC18\src\traditional\proc\p18F4520.asm
                 PIR2bits   0x000fa1       data     extern C:\MCC18\src\traditional\proc\p18F4520.asm
                     PIR2   0x000fa1       data     extern C:\MCC18\src\traditional\proc\p18F4520.asm
                 IPR2bits   0x000fa2       data     extern C:\MCC18\src\traditional\proc\p18F4520.asm
                     IPR2   0x000fa2       data     extern C:\MCC18\src\traditional\proc\p18F4520.asm
               EECON1bits   0x000fa6       data     extern C:\MCC18\src\traditional\proc\p18F4520.asm
                   EECON1   0x000fa6       data     extern C:\MCC18\src\traditional\proc\p18F4520.asm
                   EECON2   0x000fa7       data     extern C:\MCC18\src\traditional\proc\p18F4520.asm
                   EEDATA   0x000fa8       data     extern C:\MCC18\src\traditional\proc\p18F4520.asm
                    EEADR   0x000fa9       data     extern C:\MCC18\src\traditional\proc\p18F4520.asm
                RCSTAbits   0x000fab       data     extern C:\MCC18\src\traditional\proc\p18F4520.asm
                    RCSTA   0x000fab       data     extern C:\MCC18\src\traditional\proc\p18F4520.asm
                    TXSTA   0x000fac       data     extern C:\MCC18\src\traditional\proc\p18F4520.asm
                TXSTAbits   0x000fac       data     extern C:\MCC18\src\traditional\proc\p18F4520.asm
                    TXREG   0x000fad       data     extern C:\MCC18\src\traditional\proc\p18F4520.asm
                    RCREG   0x000fae       data     extern C:\MCC18\src\traditional\proc\p18F4520.asm
                    SPBRG   0x000faf       data     extern C:\MCC18\src\traditional\proc\p18F4520.asm
                   SPBRGH   0x000fb0       data     extern C:\MCC18\src\traditional\proc\p18F4520.asm
                    T3CON   0x000fb1       data     extern C:\MCC18\src\traditional\proc\p18F4520.asm
                T3CONbits   0x000fb1       data     extern C:\MCC18\src\traditional\proc\p18F4520.asm
                    TMR3L   0x000fb2       data     extern C:\MCC18\src\traditional\proc\p18F4520.asm
                    TMR3H   0x000fb3       data     extern C:\MCC18\src\traditional\proc\p18F4520.asm
                CMCONbits   0x000fb4       data     extern C:\MCC18\src\traditional\proc\p18F4520.asm
                    CMCON   0x000fb4       data     extern C:\MCC18\src\traditional\proc\p18F4520.asm
               CVRCONbits   0x000fb5       data     extern C:\MCC18\src\traditional\proc\p18F4520.asm
                   CVRCON   0x000fb5       data     extern C:\MCC18\src\traditional\proc\p18F4520.asm
              ECCP1ASbits   0x000fb6       data     extern C:\MCC18\src\traditional\proc\p18F4520.asm
                  ECCP1AS   0x000fb6       data     extern C:\MCC18\src\traditional\proc\p18F4520.asm
              PWM1CONbits   0x000fb7       data     extern C:\MCC18\src\traditional\proc\p18F4520.asm
                  PWM1CON   0x000fb7       data     extern C:\MCC18\src\traditional\proc\p18F4520.asm
              BAUDCONbits   0x000fb8       data     extern C:\MCC18\src\traditional\proc\p18F4520.asm
                  BAUDCTL   0x000fb8       data     extern C:\MCC18\src\traditional\proc\p18F4520.asm
                  BAUDCON   0x000fb8       data     extern C:\MCC18\src\traditional\proc\p18F4520.asm
              BAUDCTLbits   0x000fb8       data     extern C:\MCC18\src\traditional\proc\p18F4520.asm
                  CCP2CON   0x000fba       data     extern C:\MCC18\src\traditional\proc\p18F4520.asm
              CCP2CONbits   0x000fba       data     extern C:\MCC18\src\traditional\proc\p18F4520.asm
                   CCPR2L   0x000fbb       data     extern C:\MCC18\src\traditional\proc\p18F4520.asm
                    CCPR2   0x000fbb       data     extern C:\MCC18\src\traditional\proc\p18F4520.asm
                   CCPR2H   0x000fbc       data     extern C:\MCC18\src\traditional\proc\p18F4520.asm
                  CCP1CON   0x000fbd       data     extern C:\MCC18\src\traditional\proc\p18F4520.asm
              CCP1CONbits   0x000fbd       data     extern C:\MCC18\src\traditional\proc\p18F4520.asm
                   CCPR1L   0x000fbe       data     extern C:\MCC18\src\traditional\proc\p18F4520.asm
                    CCPR1   0x000fbe       data     extern C:\MCC18\src\traditional\proc\p18F4520.asm
                   CCPR1H   0x000fbf       data     extern C:\MCC18\src\traditional\proc\p18F4520.asm
                   ADCON2   0x000fc0       data     extern C:\MCC18\src\traditional\proc\p18F4520.asm
               ADCON2bits   0x000fc0       data     extern C:\MCC18\src\traditional\proc\p18F4520.asm
               ADCON1bits   0x000fc1       data     extern C:\MCC18\src\traditional\proc\p18F4520.asm
                   ADCON1   0x000fc1       data     extern C:\MCC18\src\traditional\proc\p18F4520.asm
                   ADCON0   0x000fc2       data     extern C:\MCC18\src\traditional\proc\p18F4520.asm
               ADCON0bits   0x000fc2       data     extern C:\MCC18\src\traditional\proc\p18F4520.asm
                    ADRES   0x000fc3       data     extern C:\MCC18\src\traditional\proc\p18F4520.asm
                   ADRESL   0x000fc3       data     extern C:\MCC18\src\traditional\proc\p18F4520.asm
                   ADRESH   0x000fc4       data     extern C:\MCC18\src\traditional\proc\p18F4520.asm
                  SSPCON2   0x000fc5       data     extern C:\MCC18\src\traditional\proc\p18F4520.asm
              SSPCON2bits   0x000fc5       data     extern C:\MCC18\src\traditional\proc\p18F4520.asm
                  SSPCON1   0x000fc6       data     extern C:\MCC18\src\traditional\proc\p18F4520.asm
              SSPCON1bits   0x000fc6       data     extern C:\MCC18\src\traditional\proc\p18F4520.asm
                  SSPSTAT   0x000fc7       data     extern C:\MCC18\src\traditional\proc\p18F4520.asm
              SSPSTATbits   0x000fc7       data     extern C:\MCC18\src\traditional\proc\p18F4520.asm
                   SSPADD   0x000fc8       data     extern C:\MCC18\src\traditional\proc\p18F4520.asm
                   SSPBUF   0x000fc9       data     extern C:\MCC18\src\traditional\proc\p18F4520.asm
                T2CONbits   0x000fca       data     extern C:\MCC18\src\traditional\proc\p18F4520.asm
                    T2CON   0x000fca       data     extern C:\MCC18\src\traditional\proc\p18F4520.asm
                      PR2   0x000fcb       data     extern C:\MCC18\src\traditional\proc\p18F4520.asm
                     TMR2   0x000fcc       data     extern C:\MCC18\src\traditional\proc\p18F4520.asm
                T1CONbits   0x000fcd       data     extern C:\MCC18\src\traditional\proc\p18F4520.asm
                    T1CON   0x000fcd       data     extern C:\MCC18\src\traditional\proc\p18F4520.asm
                    TMR1L   0x000fce       data     extern C:\MCC18\src\traditional\proc\p18F4520.asm
                    TMR1H   0x000fcf       data     extern C:\MCC18\src\traditional\proc\p18F4520.asm
                     RCON   0x000fd0       data     extern C:\MCC18\src\traditional\proc\p18F4520.asm
                 RCONbits   0x000fd0       data     extern C:\MCC18\src\traditional\proc\p18F4520.asm
               WDTCONbits   0x000fd1       data     extern C:\MCC18\src\traditional\proc\p18F4520.asm
                   WDTCON   0x000fd1       data     extern C:\MCC18\src\traditional\proc\p18F4520.asm
                  HLVDCON   0x000fd2       data     extern C:\MCC18\src\traditional\proc\p18F4520.asm
              HLVDCONbits   0x000fd2       data     extern C:\MCC18\src\traditional\proc\p18F4520.asm
                   LVDCON   0x000fd2       data     extern C:\MCC18\src\traditional\proc\p18F4520.asm
               LVDCONbits   0x000fd2       data     extern C:\MCC18\src\traditional\proc\p18F4520.asm
                   OSCCON   0x000fd3       data     extern C:\MCC18\src\traditional\proc\p18F4520.asm
               OSCCONbits   0x000fd3       data     extern C:\MCC18\src\traditional\proc\p18F4520.asm
                T0CONbits   0x000fd5       data     extern C:\MCC18\src\traditional\proc\p18F4520.asm
                    T0CON   0x000fd5       data     extern C:\MCC18\src\traditional\proc\p18F4520.asm
                    TMR0L   0x000fd6       data     extern C:\MCC18\src\traditional\proc\p18F4520.asm
                    TMR0H   0x000fd7       data     extern C:\MCC18\src\traditional\proc\p18F4520.asm
               STATUSbits   0x000fd8       data     extern C:\MCC18\src\traditional\proc\p18F4520.asm
                   STATUS   0x000fd8       data     extern C:\MCC18\src\traditional\proc\p18F4520.asm
                    FSR2L   0x000fd9       data     extern C:\MCC18\src\traditional\proc\p18F4520.asm
                     FSR2   0x000fd9       data     extern C:\MCC18\src\traditional\proc\p18F4520.asm
                    FSR2H   0x000fda       data     extern C:\MCC18\src\traditional\proc\p18F4520.asm
                   PLUSW2   0x000fdb       data     extern C:\MCC18\src\traditional\proc\p18F4520.asm
                  PREINC2   0x000fdc       data     extern C:\MCC18\src\traditional\proc\p18F4520.asm
                 POSTDEC2   0x000fdd       data     extern C:\MCC18\src\traditional\proc\p18F4520.asm
                 POSTINC2   0x000fde       data     extern C:\MCC18\src\traditional\proc\p18F4520.asm
                    INDF2   0x000fdf       data     extern C:\MCC18\src\traditional\proc\p18F4520.asm
                      BSR   0x000fe0       data     extern C:\MCC18\src\traditional\proc\p18F4520.asm
                    FSR1L   0x000fe1       data     extern C:\MCC18\src\traditional\proc\p18F4520.asm
                     FSR1   0x000fe1       data     extern C:\MCC18\src\traditional\proc\p18F4520.asm
                    FSR1H   0x000fe2       data     extern C:\MCC18\src\traditional\proc\p18F4520.asm
                   PLUSW1   0x000fe3       data     extern C:\MCC18\src\traditional\proc\p18F4520.asm
                  PREINC1   0x000fe4       data     extern C:\MCC18\src\traditional\proc\p18F4520.asm
                 POSTDEC1   0x000fe5       data     extern C:\MCC18\src\traditional\proc\p18F4520.asm
                 POSTINC1   0x000fe6       data     extern C:\MCC18\src\traditional\proc\p18F4520.asm
                    INDF1   0x000fe7       data     extern C:\MCC18\src\traditional\proc\p18F4520.asm
                     WREG   0x000fe8       data     extern C:\MCC18\src\traditional\proc\p18F4520.asm
                        W   0x000fe8       data     extern C:\MCC18\src\traditional\proc\p18F4520.asm
                     FSR0   0x000fe9       data     extern C:\MCC18\src\traditional\proc\p18F4520.asm
                    FSR0L   0x000fe9       data     extern C:\MCC18\src\traditional\proc\p18F4520.asm
                    FSR0H   0x000fea       data     extern C:\MCC18\src\traditional\proc\p18F4520.asm
                   PLUSW0   0x000feb       data     extern C:\MCC18\src\traditional\proc\p18F4520.asm
                  PREINC0   0x000fec       data     extern C:\MCC18\src\traditional\proc\p18F4520.asm
                 POSTDEC0   0x000fed       data     extern C:\MCC18\src\traditional\proc\p18F4520.asm
                 POSTINC0   0x000fee       data     extern C:\MCC18\src\traditional\proc\p18F4520.asm
                    INDF0   0x000fef       data     extern C:\MCC18\src\traditional\proc\p18F4520.asm
              INTCON3bits   0x000ff0       data     extern C:\MCC18\src\traditional\proc\p18F4520.asm
                  INTCON3   0x000ff0       data     extern C:\MCC18\src\traditional\proc\p18F4520.asm
              INTCON2bits   0x000ff1       data     extern C:\MCC18\src\traditional\proc\p18F4520.asm
                  INTCON2   0x000ff1       data     extern C:\MCC18\src\traditional\proc\p18F4520.asm
                   INTCON   0x000ff2       data     extern C:\MCC18\src\traditional\proc\p18F4520.asm
               INTCONbits   0x000ff2       data     extern C:\MCC18\src\traditional\proc\p18F4520.asm
                    PRODL   0x000ff3       data     extern C:\MCC18\src\traditional\proc\p18F4520.asm
                     PROD   0x000ff3       data     extern C:\MCC18\src\traditional\proc\p18F4520.asm
                    PRODH   0x000ff4       data     extern C:\MCC18\src\traditional\proc\p18F4520.asm
                   TABLAT   0x000ff5       data     extern C:\MCC18\src\traditional\proc\p18F4520.asm
                  TBLPTRL   0x000ff6       data     extern C:\MCC18\src\traditional\proc\p18F4520.asm
                   TBLPTR   0x000ff6       data     extern C:\MCC18\src\traditional\proc\p18F4520.asm
                  TBLPTRH   0x000ff7       data     extern C:\MCC18\src\traditional\proc\p18F4520.asm
                  TBLPTRU   0x000ff8       data     extern C:\MCC18\src\traditional\proc\p18F4520.asm
                      PCL   0x000ff9       data     extern C:\MCC18\src\traditional\proc\p18F4520.asm
                       PC   0x000ff9       data     extern C:\MCC18\src\traditional\proc\p18F4520.asm
                   PCLATH   0x000ffa       data     extern C:\MCC18\src\traditional\proc\p18F4520.asm
                   PCLATU   0x000ffb       data     extern C:\MCC18\src\traditional\proc\p18F4520.asm
               STKPTRbits   0x000ffc       data     extern C:\MCC18\src\traditional\proc\p18F4520.asm
                   STKPTR   0x000ffc       data     extern C:\MCC18\src\traditional\proc\p18F4520.asm
                     TOSL   0x000ffd       data     extern C:\MCC18\src\traditional\proc\p18F4520.asm
                      TOS   0x000ffd       data     extern C:\MCC18\src\traditional\proc\p18F4520.asm
                     TOSH   0x000ffe       data     extern C:\MCC18\src\traditional\proc\p18F4520.asm
                     TOSU   0x000fff       data     extern C:\MCC18\src\traditional\proc\p18F4520.asm


