MPLINK 4.22, Linker
Linker Map File - Created Tue Jun 28 21:15:45 2011

                                 Section Info
                  Section       Type    Address   Location Size(Bytes)
                ---------  ---------  ---------  ---------  ---------
               _entry_scn       code   0x000000    program   0x000006
           .code___init.o       code   0x000006    program   0x000002
               highVector       code   0x000008    program   0x000006
      longAddressLocation    romdata   0x00000e    program   0x000008
      .code_ConfigFuses.o       code   0x000016    program   0x000000
            .code_c018i.o       code   0x000016    program   0x000000
   .idata_ConfigFuses.o_i    romdata   0x000016    program   0x000000
       .idata_Console.o_i    romdata   0x000016    program   0x000000
          .idata_MSPI.o_i    romdata   0x000016    program   0x000000
                lowVector       code   0x000018    program   0x000006
                   .cinit    romdata   0x00001e    program   0x00001a
             .code_MiWi.o       code   0x000038    program   0x003282
             .code_main.o       code   0x0032ba    program   0x000706
          .code_Console.o       code   0x0039c0    program   0x00022c
                   STDLIB       code   0x003bec    program   0x0000ea
             .stringtable    romdata   0x003cd6    program   0x0000d6
               _cinit_scn       code   0x003dac    program   0x00009e
       .code_SymbolTime.o       code   0x003e4a    program   0x00009a
           .code_t1open.o       code   0x003ee4    program   0x000042
          .code_t1write.o       code   0x003f26    program   0x000038
             D10KTCYXCODE       code   0x003f5e    program   0x00002e
             .code_MSPI.o       code   0x003f8c    program   0x00002c
             _startup_scn       code   0x003fb8    program   0x00001c
         .code_fxd0808u.o       code   0x003fd4    program   0x00001c
              D10TCYXCODE       code   0x003ff0    program   0x000016
       .romdata_Console.o    romdata   0x004006    program   0x000010
                    .code       code   0x004016    program   0x00000e
          .romdata_main.o    romdata   0x004024    program   0x00000d
       .romdata_t1close.o    romdata   0x004031    program   0x000000
        .romdata___init.o    romdata   0x004031    program   0x000000
      .idata_fxd0808u.o_i    romdata   0x004031    program   0x000000
      .romdata_fxd0808u.o    romdata   0x004031    program   0x000000
        .idata_t1open.o_i    romdata   0x004031    program   0x000000
        .romdata_t1open.o    romdata   0x004031    program   0x000000
        .idata___init.o_i    romdata   0x004031    program   0x000000
       .idata_t1write.o_i    romdata   0x004031    program   0x000000
       .romdata_t1write.o    romdata   0x004031    program   0x000000
         .idata_c018i.o_i    romdata   0x004031    program   0x000000
         .romdata_c018i.o    romdata   0x004031    program   0x000000
          .romdata_MSPI.o    romdata   0x004031    program   0x000000
    .idata_SymbolTime.o_i    romdata   0x004031    program   0x000000
    .romdata_SymbolTime.o    romdata   0x004031    program   0x000000
          .idata_MiWi.o_i    romdata   0x004031    program   0x000001
          .romdata_MiWi.o    romdata   0x004031    program   0x000000
   .romdata_ConfigFuses.o    romdata   0x004031    program   0x000000
       .idata_t1close.o_i    romdata   0x004031    program   0x000000
          .code_t1close.o       code   0x004032    program   0x000006
          .idata_main.o_i    romdata   0x004038    program   0x000003
                 CONFIG1H    romdata   0x300001    program   0x000001
                 CONFIG2L    romdata   0x300002    program   0x000001
                 CONFIG2H    romdata   0x300003    program   0x000001
                 CONFIG3H    romdata   0x300005    program   0x000001
                 CONFIG4L    romdata   0x300006    program   0x000001
              eedata2_scn    romdata   0xf00000    program   0x000008
              eedata3_scn    romdata   0xf00010    program   0x000002
                MATH_DATA      udata   0x000000       data   0x000010
                 .tmpdata      udata   0x000010       data   0x000008
                DELAYDAT2      udata   0x000018       data   0x000001
                DELAYDAT1      udata   0x000019       data   0x000001
               TRX_BUFFER      udata   0x000100       data   0x0000fe
      .udata_SymbolTime.o      udata   0x0001fe       data   0x000002
            BIGvariables1      udata   0x000200       data   0x0000a0
            .udata_MiWi.o      udata   0x0002a0       data   0x00004b
           .udata_c018i.o      udata   0x0002eb       data   0x00000a
            .idata_main.o      idata   0x0002f5       data   0x000003
            .idata_MiWi.o      idata   0x0002f8       data   0x000001
          .idata_t1open.o      idata   0x0002f9       data   0x000000
          .udata_t1open.o      udata   0x0002f9       data   0x000000
         .udata_t1write.o      udata   0x0002f9       data   0x000000
         .idata_t1write.o      idata   0x0002f9       data   0x000000
          .udata___init.o      udata   0x0002f9       data   0x000000
        .idata_fxd0808u.o      idata   0x0002f9       data   0x000000
        .udata_fxd0808u.o      udata   0x0002f9       data   0x000000
          .idata___init.o      idata   0x0002f9       data   0x000000
         .idata_t1close.o      idata   0x0002f9       data   0x000000
         .udata_t1close.o      udata   0x0002f9       data   0x000000
            .udata_main.o      udata   0x0002f9       data   0x000000
     .idata_ConfigFuses.o      idata   0x0002f9       data   0x000000
     .udata_ConfigFuses.o      udata   0x0002f9       data   0x000000
      .idata_SymbolTime.o      idata   0x0002f9       data   0x000000
            .idata_MSPI.o      idata   0x0002f9       data   0x000000
            .udata_MSPI.o      udata   0x0002f9       data   0x000000
         .idata_Console.o      idata   0x0002f9       data   0x000000
         .udata_Console.o      udata   0x0002f9       data   0x000000
           .idata_c018i.o      idata   0x0002f9       data   0x000000
                   .stack      udata   0x000d00       data   0x000100
            SFR_UNBANKED0      udata   0x000f80       data   0x000080



                              Program Memory Usage 
                               Start         End      
                           ---------   ---------      
                            0x000000    0x000015      
                            0x000018    0x00403a      
                            0x300001    0x300003      
                            0x300005    0x300006      
                            0xf00000    0xf00007      
                            0xf00010    0xf00011      
            16456 out of 50200 program addresses used, program memory utilization is 32%



                              Symbols - Sorted by Name
                     Name    Address   Location    Storage File                     
                ---------  ---------  ---------  --------- ---------                
    AddNodeToNetworkTable   0x002ad8    program     extern C:\Pic Cube MiWi\Microchip\MiWi\MiWi.c
                BoardInit   0x003968    program     extern C:\Pic Cube MiWi\Fbee_End_device\main.c
           CharacterArray   0x004006    program     extern C:\Pic Cube MiWi\Microchip\Common\Console.c
        ClearNetworkTable   0x0023f8    program     extern C:\Pic Cube MiWi\Microchip\MiWi\MiWi.c
              CloseTimer1   0x004032    program     extern C:\MCC18\src\pmc_common\Timers\t1close.c
               ConsoleGet   0x003b58    program     extern C:\Pic Cube MiWi\Microchip\Common\Console.c
         ConsoleGetString   0x003ae0    program     extern C:\Pic Cube MiWi\Microchip\Common\Console.c
              ConsoleInit   0x0039c0    program     extern C:\Pic Cube MiWi\Microchip\Common\Console.c
               ConsolePut   0x003a08    program     extern C:\Pic Cube MiWi\Microchip\Common\Console.c
      ConsolePutROMString   0x0039ce    program     extern C:\Pic Cube MiWi\Microchip\Common\Console.c
                   D10K_1   0x003f6a    program     static C:\MCC18\src\traditional\delays\d10ktcyx.asm
                    D10Kl   0x003f76    program     static C:\MCC18\src\traditional\delays\d10ktcyx.asm
                    D10Kx   0x003f68    program     static C:\MCC18\src\traditional\delays\d10ktcyx.asm
                    D10_1   0x004000    program     static C:\MCC18\src\traditional\delays\d10tcyx.asm
                     D10x   0x003ff8    program     static C:\MCC18\src\traditional\delays\d10tcyx.asm
             Delay10KTCYx   0x003f5e    program     extern C:\MCC18\src\traditional\delays\d10ktcyx.asm
              Delay10TCYx   0x003ff0    program     extern C:\MCC18\src\traditional\delays\d10tcyx.asm
            DiscardPacket   0x001e48    program     extern C:\Pic Cube MiWi\Microchip\MiWi\MiWi.c
        DiscoverNodeByEUI   0x00217a    program     extern C:\Pic Cube MiWi\Microchip\MiWi\MiWi.c
         DumpNetworkTable   0x002178    program     extern C:\Pic Cube MiWi\Microchip\MiWi\MiWi.c
                 Envio_ID   0x00337a    program     extern C:\Pic Cube MiWi\Fbee_End_device\main.c
                 FXD0808U   0x003fd4    program     extern C:\MCC18\src\traditional\math\fxd0808u.c
                GetString   0x003b64    program     extern C:\Pic Cube MiWi\Microchip\Common\Console.c
                  HighISR   0x00313c    program     extern C:\Pic Cube MiWi\Microchip\MiWi\MiWi.c
               HighVector   0x000008    program     extern C:\Pic Cube MiWi\Microchip\MiWi\MiWi.c
          InitSymbolTimer   0x003e4a    program     extern C:\Pic Cube MiWi\Microchip\MiWi\SymbolTime.c
              JoinNetwork   0x00273a    program     extern C:\Pic Cube MiWi\Microchip\MiWi\MiWi.c
                Le_E2Prom   0x00335e    program     extern C:\Pic Cube MiWi\Fbee_End_device\main.c
                LowVector   0x000018    program     extern C:\Pic Cube MiWi\Microchip\MiWi\MiWi.c
            MRF24J40Sleep   0x002f70    program     extern C:\Pic Cube MiWi\Microchip\MiWi\MiWi.c
             MRF24J40Wake   0x002fb8    program     extern C:\Pic Cube MiWi\Microchip\MiWi\MiWi.c
                 MiWiInit   0x002f20    program     extern C:\Pic Cube MiWi\Microchip\MiWi\MiWi.c
                MiWiTasks   0x000038    program     extern C:\Pic Cube MiWi\Microchip\MiWi\MiWi.c
               OpenSocket   0x002594    program     extern C:\Pic Cube MiWi\Microchip\MiWi\MiWi.c
               OpenTimer1   0x003ee4    program     extern C:\MCC18\src\pmc_common\Timers\t1open.c
        PHYGetLongRAMAddr   0x0020d4    program     extern C:\Pic Cube MiWi\Microchip\MiWi\MiWi.c
       PHYGetShortRAMAddr   0x002074    program     extern C:\Pic Cube MiWi\Microchip\MiWi\MiWi.c
        PHYSetLongRAMAddr   0x001fa0    program     extern C:\Pic Cube MiWi\Microchip\MiWi\MiWi.c
       PHYSetShortRAMAddr   0x00202a    program     extern C:\Pic Cube MiWi\Microchip\MiWi\MiWi.c
                PrintChar   0x003a22    program     extern C:\Pic Cube MiWi\Microchip\Common\Console.c
                 PrintDec   0x003a84    program     extern C:\Pic Cube MiWi\Microchip\Common\Console.c
                   SPIGet   0x003fae    program     extern C:\Pic Cube MiWi\Microchip\MiWi\MSPI.c
                   SPIPut   0x003f8c    program     extern C:\Pic Cube MiWi\Microchip\MiWi\MSPI.c
     SearchForLongAddress   0x002a34    program     extern C:\Pic Cube MiWi\Microchip\MiWi\MiWi.c
    SearchForShortAddress   0x002984    program     extern C:\Pic Cube MiWi\Microchip\MiWi\MiWi.c
       SendReportByHandle   0x0016f8    program     extern C:\Pic Cube MiWi\Microchip\MiWi\MiWi.c
  SendReportByLongAddress   0x001386    program     extern C:\Pic Cube MiWi\Microchip\MiWi\MiWi.c
 SendReportByShortAddress   0x0011b2    program     extern C:\Pic Cube MiWi\Microchip\MiWi\MiWi.c
             SendTxBuffer   0x001ea8    program     extern C:\Pic Cube MiWi\Microchip\MiWi\MiWi.c
               SetChannel   0x00293a    program     extern C:\Pic Cube MiWi\Microchip\MiWi\MiWi.c
                  TickGet   0x003e5e    program     extern C:\Pic Cube MiWi\Microchip\MiWi\SymbolTime.c
              WriteTimer1   0x003f26    program     extern C:\MCC18\src\pmc_common\Timers\t1write.c
       _D10KTCYXCODE_0010   0x003f6e    program     static C:\MCC18\src\traditional\delays\d10ktcyx.asm
       _D10KTCYXCODE_001C   0x003f7a    program     static C:\MCC18\src\traditional\delays\d10ktcyx.asm
        _D10TCYXCODE_000A   0x003ffa    program     static C:\MCC18\src\traditional\delays\d10tcyx.asm
        _D10TCYXCODE_000C   0x003ffc    program     static C:\MCC18\src\traditional\delays\d10tcyx.asm
        _D10TCYXCODE_000E   0x003ffe    program     static C:\MCC18\src\traditional\delays\d10tcyx.asm
       ___return_lbl00000   0x000004    program     static                          
       ___return_lbl00000   0x003fee    program     static                          
       ___return_lbl00001   0x003fd2    program     static                          
       ___return_lbl00002   0x003e48    program     static                          
       ___return_lbl00157   0x002020    program     static                          
       ___return_lbl00158   0x00206a    program     static                          
       ___return_lbl00159   0x0020bc    program     static                          
       ___return_lbl00160   0x002160    program     static                          
       ___return_lbl00264   0x00000c    program     static                          
       ___return_lbl00265   0x00001c    program     static                          
                   __init   0x000006    program     extern C:\MCC18\src\traditional\stdclib\__init.c
               __string_0   0x003d3f    program     static C:\Pic Cube MiWi\Microchip\MiWi\MiWi.c
               __string_1   0x003d88    program     static C:\Pic Cube MiWi\Fbee_End_device\main.c
               __string_1   0x003d3b    program     static C:\Pic Cube MiWi\Microchip\MiWi\MiWi.c
               __string_2   0x003d7e    program     static C:\Pic Cube MiWi\Fbee_End_device\main.c
               __string_2   0x003d1b    program     static C:\Pic Cube MiWi\Microchip\MiWi\MiWi.c
               __string_3   0x003d58    program     static C:\Pic Cube MiWi\Fbee_End_device\main.c
               __string_3   0x003d18    program     static C:\Pic Cube MiWi\Microchip\MiWi\MiWi.c
               __string_4   0x003d02    program     static C:\Pic Cube MiWi\Microchip\MiWi\MiWi.c
               __string_5   0x003cfb    program     static C:\Pic Cube MiWi\Microchip\MiWi\MiWi.c
               __string_6   0x003cec    program     static C:\Pic Cube MiWi\Microchip\MiWi\MiWi.c
               __string_7   0x003cd6    program     static C:\Pic Cube MiWi\Microchip\MiWi\MiWi.c
              __tmplbl_35   0x000d32    program     static                          
              __tmplbl_36   0x000d2e    program     static                          
              __tmplbl_39   0x000d28    program     static                          
              __tmplbl_41   0x000d28    program     static                          
              __tmplbl_42   0x000d28    program     static                          
              __tmplbl_43   0x000d28    program     static                          
              __tmplbl_44   0x000d28    program     static                          
            __zero_memory   0x004016    program     extern C:\MCC18\src\traditional\proc\p18F4525.asm
                _do_cinit   0x003dac    program     extern C:\MCC18\src\traditional\startup\c018i.c
                   _entry   0x000000    program     extern C:\MCC18\src\traditional\startup\c018i.c
                 _startup   0x003fb8    program     extern C:\MCC18\src\traditional\startup\c018i.c
                     atoi   0x003bec    program     extern C:\MCC18\src\traditional\stdclib\atoi.asm
        availableChannels   0x004024    program     extern C:\Pic Cube MiWi\Fbee_End_device\main.c
               carga_disp   0x0032ba    program     extern C:\Pic Cube MiWi\Fbee_End_device\main.c
               clear_loop   0x00401c    program     static C:\MCC18\src\traditional\proc\p18F4525.asm
                 config1H   0x300001    program     extern C:\Pic Cube MiWi\Fbee_End_device\ConfigFuses.c
                 config2H   0x300003    program     extern C:\Pic Cube MiWi\Fbee_End_device\ConfigFuses.c
                 config2L   0x300002    program     extern C:\Pic Cube MiWi\Fbee_End_device\ConfigFuses.c
                 config3H   0x300005    program     extern C:\Pic Cube MiWi\Fbee_End_device\ConfigFuses.c
                 config4L   0x300006    program     extern C:\Pic Cube MiWi\Fbee_End_device\ConfigFuses.c
                copy_loop   0x003e1e    program     static                          
            copy_one_byte   0x003e24    program     static                          
                  desliga   0x00334c    program     extern C:\Pic Cube MiWi\Fbee_End_device\main.c
                     done   0x003e48    program     static                          
             done_copying   0x003e32    program     static                          
           eedata2_values   0xf00000    program     extern C:\Pic Cube MiWi\Fbee_End_device\main.c
           eedata3_values   0xf00010    program     extern C:\Pic Cube MiWi\Fbee_End_device\main.c
                  endloop   0x003fea    program     static                          
     findNextNetworkEntry   0x001e66    program     extern C:\Pic Cube MiWi\Microchip\MiWi\MiWi.c
             initMRF24J40   0x002cac    program     extern C:\Pic Cube MiWi\Microchip\MiWi\MiWi.c
                     jEnd   0x003caa    program     static C:\MCC18\src\traditional\stdclib\atoi.asm
                 jEndLoop   0x003c92    program     static C:\MCC18\src\traditional\stdclib\atoi.asm
                    jLoop   0x003c44    program     static C:\MCC18\src\traditional\stdclib\atoi.asm
                  jSkipWS   0x003c1a    program     static C:\MCC18\src\traditional\stdclib\atoi.asm
                 jSkipWS1   0x003c2c    program     static C:\MCC18\src\traditional\stdclib\atoi.asm
                 jTstSign   0x003c30    program     static C:\MCC18\src\traditional\stdclib\atoi.asm
                jTstSign1   0x003c3c    program     static C:\MCC18\src\traditional\stdclib\atoi.asm
                jTstSign2   0x003c42    program     static C:\MCC18\src\traditional\stdclib\atoi.asm
                jTstSign3   0x003c44    program     static C:\MCC18\src\traditional\stdclib\atoi.asm
                     liga   0x00333a    program     extern C:\Pic Cube MiWi\Fbee_End_device\main.c
                     loop   0x003fdc    program     static                          
                     loop   0x003fc8    program     static                          
                     main   0x0036be    program     extern C:\Pic Cube MiWi\Fbee_End_device\main.c
            myLongAddress   0x00000e    program     extern C:\Pic Cube MiWi\Fbee_End_device\main.c
     myManufacturerString   0x004025    program     extern C:\Pic Cube MiWi\Fbee_End_device\main.c
                 pega_cmd   0x003504    program     extern C:\Pic Cube MiWi\Fbee_End_device\main.c
               send2coord   0x00348c    program     extern C:\Pic Cube MiWi\Fbee_End_device\main.c
                     test   0x003dc6    program     static                          
        trata_int_e_timer   0x0034b2    program     extern C:\Pic Cube MiWi\Fbee_End_device\main.c
                   ADCON0   0x000fc2       data     extern C:\MCC18\src\traditional\proc\p18F4525.asm
               ADCON0bits   0x000fc2       data     extern C:\MCC18\src\traditional\proc\p18F4525.asm
                   ADCON1   0x000fc1       data     extern C:\MCC18\src\traditional\proc\p18F4525.asm
               ADCON1bits   0x000fc1       data     extern C:\MCC18\src\traditional\proc\p18F4525.asm
                   ADCON2   0x000fc0       data     extern C:\MCC18\src\traditional\proc\p18F4525.asm
               ADCON2bits   0x000fc0       data     extern C:\MCC18\src\traditional\proc\p18F4525.asm
                    ADRES   0x000fc3       data     extern C:\MCC18\src\traditional\proc\p18F4525.asm
                   ADRESH   0x000fc4       data     extern C:\MCC18\src\traditional\proc\p18F4525.asm
                   ADRESL   0x000fc3       data     extern C:\MCC18\src\traditional\proc\p18F4525.asm
                  BAUDCON   0x000fb8       data     extern C:\MCC18\src\traditional\proc\p18F4525.asm
              BAUDCONbits   0x000fb8       data     extern C:\MCC18\src\traditional\proc\p18F4525.asm
                  BAUDCTL   0x000fb8       data     extern C:\MCC18\src\traditional\proc\p18F4525.asm
              BAUDCTLbits   0x000fb8       data     extern C:\MCC18\src\traditional\proc\p18F4525.asm
                      BSR   0x000fe0       data     extern C:\MCC18\src\traditional\proc\p18F4525.asm
                  CCP1CON   0x000fbd       data     extern C:\MCC18\src\traditional\proc\p18F4525.asm
              CCP1CONbits   0x000fbd       data     extern C:\MCC18\src\traditional\proc\p18F4525.asm
                  CCP2CON   0x000fba       data     extern C:\MCC18\src\traditional\proc\p18F4525.asm
              CCP2CONbits   0x000fba       data     extern C:\MCC18\src\traditional\proc\p18F4525.asm
                    CCPR1   0x000fbe       data     extern C:\MCC18\src\traditional\proc\p18F4525.asm
                   CCPR1H   0x000fbf       data     extern C:\MCC18\src\traditional\proc\p18F4525.asm
                   CCPR1L   0x000fbe       data     extern C:\MCC18\src\traditional\proc\p18F4525.asm
                    CCPR2   0x000fbb       data     extern C:\MCC18\src\traditional\proc\p18F4525.asm
                   CCPR2H   0x000fbc       data     extern C:\MCC18\src\traditional\proc\p18F4525.asm
                   CCPR2L   0x000fbb       data     extern C:\MCC18\src\traditional\proc\p18F4525.asm
                    CMCON   0x000fb4       data     extern C:\MCC18\src\traditional\proc\p18F4525.asm
                CMCONbits   0x000fb4       data     extern C:\MCC18\src\traditional\proc\p18F4525.asm
                   CVRCON   0x000fb5       data     extern C:\MCC18\src\traditional\proc\p18F4525.asm
               CVRCONbits   0x000fb5       data     extern C:\MCC18\src\traditional\proc\p18F4525.asm
                     DDRA   0x000f92       data     extern C:\MCC18\src\traditional\proc\p18F4525.asm
                 DDRAbits   0x000f92       data     extern C:\MCC18\src\traditional\proc\p18F4525.asm
                     DDRB   0x000f93       data     extern C:\MCC18\src\traditional\proc\p18F4525.asm
                 DDRBbits   0x000f93       data     extern C:\MCC18\src\traditional\proc\p18F4525.asm
                     DDRC   0x000f94       data     extern C:\MCC18\src\traditional\proc\p18F4525.asm
                 DDRCbits   0x000f94       data     extern C:\MCC18\src\traditional\proc\p18F4525.asm
                     DDRD   0x000f95       data     extern C:\MCC18\src\traditional\proc\p18F4525.asm
                 DDRDbits   0x000f95       data     extern C:\MCC18\src\traditional\proc\p18F4525.asm
                     DDRE   0x000f96       data     extern C:\MCC18\src\traditional\proc\p18F4525.asm
                 DDREbits   0x000f96       data     extern C:\MCC18\src\traditional\proc\p18F4525.asm
                    DEBUG   0x000fd4       data     extern C:\MCC18\src\traditional\proc\p18F4525.asm
            DelayCounter1   0x000019       data     extern C:\MCC18\src\traditional\delays\delayd1.asm
            DelayCounter2   0x000018       data     extern C:\MCC18\src\traditional\delays\delayd2.asm
                  ECCP1AS   0x000fb6       data     extern C:\MCC18\src\traditional\proc\p18F4525.asm
              ECCP1ASbits   0x000fb6       data     extern C:\MCC18\src\traditional\proc\p18F4525.asm
                   ECCPAS   0x000fb6       data     extern C:\MCC18\src\traditional\proc\p18F4525.asm
               ECCPASbits   0x000fb6       data     extern C:\MCC18\src\traditional\proc\p18F4525.asm
                    EEADR   0x000fa9       data     extern C:\MCC18\src\traditional\proc\p18F4525.asm
                   EEADRH   0x000faa       data     extern C:\MCC18\src\traditional\proc\p18F4525.asm
                   EECON1   0x000fa6       data     extern C:\MCC18\src\traditional\proc\p18F4525.asm
               EECON1bits   0x000fa6       data     extern C:\MCC18\src\traditional\proc\p18F4525.asm
                   EECON2   0x000fa7       data     extern C:\MCC18\src\traditional\proc\p18F4525.asm
                   EEDATA   0x000fa8       data     extern C:\MCC18\src\traditional\proc\p18F4525.asm
                     FSR0   0x000fe9       data     extern C:\MCC18\src\traditional\proc\p18F4525.asm
                    FSR0H   0x000fea       data     extern C:\MCC18\src\traditional\proc\p18F4525.asm
                    FSR0L   0x000fe9       data     extern C:\MCC18\src\traditional\proc\p18F4525.asm
                     FSR1   0x000fe1       data     extern C:\MCC18\src\traditional\proc\p18F4525.asm
                    FSR1H   0x000fe2       data     extern C:\MCC18\src\traditional\proc\p18F4525.asm
                    FSR1L   0x000fe1       data     extern C:\MCC18\src\traditional\proc\p18F4525.asm
                     FSR2   0x000fd9       data     extern C:\MCC18\src\traditional\proc\p18F4525.asm
                    FSR2H   0x000fda       data     extern C:\MCC18\src\traditional\proc\p18F4525.asm
                    FSR2L   0x000fd9       data     extern C:\MCC18\src\traditional\proc\p18F4525.asm
            Flag_Envio_ID   0x0002f7       data     extern C:\Pic Cube MiWi\Fbee_End_device\main.c
                  HLVDCON   0x000fd2       data     extern C:\MCC18\src\traditional\proc\p18F4525.asm
              HLVDCONbits   0x000fd2       data     extern C:\MCC18\src\traditional\proc\p18F4525.asm
               IEEESeqNum   0x0002c3       data     extern C:\Pic Cube MiWi\Microchip\MiWi\MiWi.c
                    INDF0   0x000fef       data     extern C:\MCC18\src\traditional\proc\p18F4525.asm
                    INDF1   0x000fe7       data     extern C:\MCC18\src\traditional\proc\p18F4525.asm
                    INDF2   0x000fdf       data     extern C:\MCC18\src\traditional\proc\p18F4525.asm
                   INTCON   0x000ff2       data     extern C:\MCC18\src\traditional\proc\p18F4525.asm
                  INTCON2   0x000ff1       data     extern C:\MCC18\src\traditional\proc\p18F4525.asm
              INTCON2bits   0x000ff1       data     extern C:\MCC18\src\traditional\proc\p18F4525.asm
                  INTCON3   0x000ff0       data     extern C:\MCC18\src\traditional\proc\p18F4525.asm
              INTCON3bits   0x000ff0       data     extern C:\MCC18\src\traditional\proc\p18F4525.asm
               INTCONbits   0x000ff2       data     extern C:\MCC18\src\traditional\proc\p18F4525.asm
                     IPR1   0x000f9f       data     extern C:\MCC18\src\traditional\proc\p18F4525.asm
                 IPR1bits   0x000f9f       data     extern C:\MCC18\src\traditional\proc\p18F4525.asm
                     IPR2   0x000fa2       data     extern C:\MCC18\src\traditional\proc\p18F4525.asm
                 IPR2bits   0x000fa2       data     extern C:\MCC18\src\traditional\proc\p18F4525.asm
                     LATA   0x000f89       data     extern C:\MCC18\src\traditional\proc\p18F4525.asm
                 LATAbits   0x000f89       data     extern C:\MCC18\src\traditional\proc\p18F4525.asm
                     LATB   0x000f8a       data     extern C:\MCC18\src\traditional\proc\p18F4525.asm
                 LATBbits   0x000f8a       data     extern C:\MCC18\src\traditional\proc\p18F4525.asm
                     LATC   0x000f8b       data     extern C:\MCC18\src\traditional\proc\p18F4525.asm
                 LATCbits   0x000f8b       data     extern C:\MCC18\src\traditional\proc\p18F4525.asm
                     LATD   0x000f8c       data     extern C:\MCC18\src\traditional\proc\p18F4525.asm
                 LATDbits   0x000f8c       data     extern C:\MCC18\src\traditional\proc\p18F4525.asm
                     LATE   0x000f8d       data     extern C:\MCC18\src\traditional\proc\p18F4525.asm
                 LATEbits   0x000f8d       data     extern C:\MCC18\src\traditional\proc\p18F4525.asm
                   LVDCON   0x000fd2       data     extern C:\MCC18\src\traditional\proc\p18F4525.asm
               LVDCONbits   0x000fd2       data     extern C:\MCC18\src\traditional\proc\p18F4525.asm
               MiWiSeqNum   0x0002c4       data     extern C:\Pic Cube MiWi\Microchip\MiWi\MiWi.c
         MiWiStateMachine   0x0002e7       data     extern C:\Pic Cube MiWi\Microchip\MiWi\MiWi.c
               MiWiStatus   0x0002d6       data     extern C:\Pic Cube MiWi\Microchip\MiWi\MiWi.c
                   OSCCON   0x000fd3       data     extern C:\MCC18\src\traditional\proc\p18F4525.asm
               OSCCONbits   0x000fd3       data     extern C:\MCC18\src\traditional\proc\p18F4525.asm
                  OSCTUNE   0x000f9b       data     extern C:\MCC18\src\traditional\proc\p18F4525.asm
              OSCTUNEbits   0x000f9b       data     extern C:\MCC18\src\traditional\proc\p18F4525.asm
                       PC   0x000ff9       data     extern C:\MCC18\src\traditional\proc\p18F4525.asm
                      PCL   0x000ff9       data     extern C:\MCC18\src\traditional\proc\p18F4525.asm
                   PCLATH   0x000ffa       data     extern C:\MCC18\src\traditional\proc\p18F4525.asm
                   PCLATU   0x000ffb       data     extern C:\MCC18\src\traditional\proc\p18F4525.asm
                     PIE1   0x000f9d       data     extern C:\MCC18\src\traditional\proc\p18F4525.asm
                 PIE1bits   0x000f9d       data     extern C:\MCC18\src\traditional\proc\p18F4525.asm
                     PIE2   0x000fa0       data     extern C:\MCC18\src\traditional\proc\p18F4525.asm
                 PIE2bits   0x000fa0       data     extern C:\MCC18\src\traditional\proc\p18F4525.asm
                     PIR1   0x000f9e       data     extern C:\MCC18\src\traditional\proc\p18F4525.asm
                 PIR1bits   0x000f9e       data     extern C:\MCC18\src\traditional\proc\p18F4525.asm
                     PIR2   0x000fa1       data     extern C:\MCC18\src\traditional\proc\p18F4525.asm
                 PIR2bits   0x000fa1       data     extern C:\MCC18\src\traditional\proc\p18F4525.asm
                   PLUSW0   0x000feb       data     extern C:\MCC18\src\traditional\proc\p18F4525.asm
                   PLUSW1   0x000fe3       data     extern C:\MCC18\src\traditional\proc\p18F4525.asm
                   PLUSW2   0x000fdb       data     extern C:\MCC18\src\traditional\proc\p18F4525.asm
                    PORTA   0x000f80       data     extern C:\MCC18\src\traditional\proc\p18F4525.asm
                PORTAbits   0x000f80       data     extern C:\MCC18\src\traditional\proc\p18F4525.asm
                    PORTB   0x000f81       data     extern C:\MCC18\src\traditional\proc\p18F4525.asm
                PORTBbits   0x000f81       data     extern C:\MCC18\src\traditional\proc\p18F4525.asm
                    PORTC   0x000f82       data     extern C:\MCC18\src\traditional\proc\p18F4525.asm
                PORTCbits   0x000f82       data     extern C:\MCC18\src\traditional\proc\p18F4525.asm
                    PORTD   0x000f83       data     extern C:\MCC18\src\traditional\proc\p18F4525.asm
                PORTDbits   0x000f83       data     extern C:\MCC18\src\traditional\proc\p18F4525.asm
                    PORTE   0x000f84       data     extern C:\MCC18\src\traditional\proc\p18F4525.asm
                PORTEbits   0x000f84       data     extern C:\MCC18\src\traditional\proc\p18F4525.asm
                 POSTDEC0   0x000fed       data     extern C:\MCC18\src\traditional\proc\p18F4525.asm
                 POSTDEC1   0x000fe5       data     extern C:\MCC18\src\traditional\proc\p18F4525.asm
                 POSTDEC2   0x000fdd       data     extern C:\MCC18\src\traditional\proc\p18F4525.asm
                 POSTINC0   0x000fee       data     extern C:\MCC18\src\traditional\proc\p18F4525.asm
                 POSTINC1   0x000fe6       data     extern C:\MCC18\src\traditional\proc\p18F4525.asm
                 POSTINC2   0x000fde       data     extern C:\MCC18\src\traditional\proc\p18F4525.asm
                      PR2   0x000fcb       data     extern C:\MCC18\src\traditional\proc\p18F4525.asm
                  PREINC0   0x000fec       data     extern C:\MCC18\src\traditional\proc\p18F4525.asm
                  PREINC1   0x000fe4       data     extern C:\MCC18\src\traditional\proc\p18F4525.asm
                  PREINC2   0x000fdc       data     extern C:\MCC18\src\traditional\proc\p18F4525.asm
                     PROD   0x000ff3       data     extern C:\MCC18\src\traditional\proc\p18F4525.asm
                    PRODH   0x000ff4       data     extern C:\MCC18\src\traditional\proc\p18F4525.asm
                    PRODL   0x000ff3       data     extern C:\MCC18\src\traditional\proc\p18F4525.asm
                  PWM1CON   0x000fb7       data     extern C:\MCC18\src\traditional\proc\p18F4525.asm
              PWM1CONbits   0x000fb7       data     extern C:\MCC18\src\traditional\proc\p18F4525.asm
                     RCON   0x000fd0       data     extern C:\MCC18\src\traditional\proc\p18F4525.asm
                 RCONbits   0x000fd0       data     extern C:\MCC18\src\traditional\proc\p18F4525.asm
                    RCREG   0x000fae       data     extern C:\MCC18\src\traditional\proc\p18F4525.asm
                    RCSTA   0x000fab       data     extern C:\MCC18\src\traditional\proc\p18F4525.asm
                RCSTAbits   0x000fab       data     extern C:\MCC18\src\traditional\proc\p18F4525.asm
                 RxBuffer   0x000100       data     extern C:\Pic Cube MiWi\Microchip\MiWi\MiWi.c
                   RxData   0x0002e2       data     extern C:\Pic Cube MiWi\Microchip\MiWi\MiWi.c
                   RxSize   0x0002b5       data     extern C:\Pic Cube MiWi\Microchip\MiWi\MiWi.c
                     SIGN   0x00000e       data     extern C:\MCC18\src\traditional\math\cmath18.asm
                    SPBRG   0x000faf       data     extern C:\MCC18\src\traditional\proc\p18F4525.asm
                   SPBRGH   0x000fb0       data     extern C:\MCC18\src\traditional\proc\p18F4525.asm
                   SSPADD   0x000fc8       data     extern C:\MCC18\src\traditional\proc\p18F4525.asm
                   SSPBUF   0x000fc9       data     extern C:\MCC18\src\traditional\proc\p18F4525.asm
                  SSPCON1   0x000fc6       data     extern C:\MCC18\src\traditional\proc\p18F4525.asm
              SSPCON1bits   0x000fc6       data     extern C:\MCC18\src\traditional\proc\p18F4525.asm
                  SSPCON2   0x000fc5       data     extern C:\MCC18\src\traditional\proc\p18F4525.asm
              SSPCON2bits   0x000fc5       data     extern C:\MCC18\src\traditional\proc\p18F4525.asm
                  SSPSTAT   0x000fc7       data     extern C:\MCC18\src\traditional\proc\p18F4525.asm
              SSPSTATbits   0x000fc7       data     extern C:\MCC18\src\traditional\proc\p18F4525.asm
                   STATUS   0x000fd8       data     extern C:\MCC18\src\traditional\proc\p18F4525.asm
               STATUSbits   0x000fd8       data     extern C:\MCC18\src\traditional\proc\p18F4525.asm
                   STKPTR   0x000ffc       data     extern C:\MCC18\src\traditional\proc\p18F4525.asm
               STKPTRbits   0x000ffc       data     extern C:\MCC18\src\traditional\proc\p18F4525.asm
                    T0CON   0x000fd5       data     extern C:\MCC18\src\traditional\proc\p18F4525.asm
                T0CONbits   0x000fd5       data     extern C:\MCC18\src\traditional\proc\p18F4525.asm
                    T1CON   0x000fcd       data     extern C:\MCC18\src\traditional\proc\p18F4525.asm
                T1CONbits   0x000fcd       data     extern C:\MCC18\src\traditional\proc\p18F4525.asm
                    T2CON   0x000fca       data     extern C:\MCC18\src\traditional\proc\p18F4525.asm
                T2CONbits   0x000fca       data     extern C:\MCC18\src\traditional\proc\p18F4525.asm
                    T3CON   0x000fb1       data     extern C:\MCC18\src\traditional\proc\p18F4525.asm
                T3CONbits   0x000fb1       data     extern C:\MCC18\src\traditional\proc\p18F4525.asm
                   TABLAT   0x000ff5       data     extern C:\MCC18\src\traditional\proc\p18F4525.asm
                   TBLPTR   0x000ff6       data     extern C:\MCC18\src\traditional\proc\p18F4525.asm
                  TBLPTRH   0x000ff7       data     extern C:\MCC18\src\traditional\proc\p18F4525.asm
                  TBLPTRL   0x000ff6       data     extern C:\MCC18\src\traditional\proc\p18F4525.asm
                  TBLPTRU   0x000ff8       data     extern C:\MCC18\src\traditional\proc\p18F4525.asm
                    TMR0H   0x000fd7       data     extern C:\MCC18\src\traditional\proc\p18F4525.asm
                    TMR0L   0x000fd6       data     extern C:\MCC18\src\traditional\proc\p18F4525.asm
                    TMR1H   0x000fcf       data     extern C:\MCC18\src\traditional\proc\p18F4525.asm
                    TMR1L   0x000fce       data     extern C:\MCC18\src\traditional\proc\p18F4525.asm
                     TMR2   0x000fcc       data     extern C:\MCC18\src\traditional\proc\p18F4525.asm
                    TMR3H   0x000fb3       data     extern C:\MCC18\src\traditional\proc\p18F4525.asm
                    TMR3L   0x000fb2       data     extern C:\MCC18\src\traditional\proc\p18F4525.asm
                      TOS   0x000ffd       data     extern C:\MCC18\src\traditional\proc\p18F4525.asm
                     TOSH   0x000ffe       data     extern C:\MCC18\src\traditional\proc\p18F4525.asm
                     TOSL   0x000ffd       data     extern C:\MCC18\src\traditional\proc\p18F4525.asm
                     TOSU   0x000fff       data     extern C:\MCC18\src\traditional\proc\p18F4525.asm
                    TRISA   0x000f92       data     extern C:\MCC18\src\traditional\proc\p18F4525.asm
                TRISAbits   0x000f92       data     extern C:\MCC18\src\traditional\proc\p18F4525.asm
                    TRISB   0x000f93       data     extern C:\MCC18\src\traditional\proc\p18F4525.asm
                TRISBbits   0x000f93       data     extern C:\MCC18\src\traditional\proc\p18F4525.asm
                    TRISC   0x000f94       data     extern C:\MCC18\src\traditional\proc\p18F4525.asm
                TRISCbits   0x000f94       data     extern C:\MCC18\src\traditional\proc\p18F4525.asm
                    TRISD   0x000f95       data     extern C:\MCC18\src\traditional\proc\p18F4525.asm
                TRISDbits   0x000f95       data     extern C:\MCC18\src\traditional\proc\p18F4525.asm
                    TRISE   0x000f96       data     extern C:\MCC18\src\traditional\proc\p18F4525.asm
                TRISEbits   0x000f96       data     extern C:\MCC18\src\traditional\proc\p18F4525.asm
                    TXREG   0x000fad       data     extern C:\MCC18\src\traditional\proc\p18F4525.asm
                    TXSTA   0x000fac       data     extern C:\MCC18\src\traditional\proc\p18F4525.asm
                TXSTAbits   0x000fac       data     extern C:\MCC18\src\traditional\proc\p18F4525.asm
                 TxBuffer   0x00017f       data     extern C:\Pic Cube MiWi\Microchip\MiWi\MiWi.c
                   TxData   0x0002b2       data     extern C:\Pic Cube MiWi\Microchip\MiWi\MiWi.c
                 TxHeader   0x0002b1       data     extern C:\Pic Cube MiWi\Microchip\MiWi\MiWi.c
                        W   0x000fe8       data     extern C:\MCC18\src\traditional\proc\p18F4525.asm
                   WDTCON   0x000fd1       data     extern C:\MCC18\src\traditional\proc\p18F4525.asm
               WDTCONbits   0x000fd1       data     extern C:\MCC18\src\traditional\proc\p18F4525.asm
                     WREG   0x000fe8       data     extern C:\MCC18\src\traditional\proc\p18F4525.asm
                 __AARGB0   0x000007       data     extern C:\MCC18\src\traditional\math\aarg.asm
                 __AARGB1   0x000006       data     extern C:\MCC18\src\traditional\math\aarg.asm
                 __AARGB2   0x000005       data     extern C:\MCC18\src\traditional\math\aarg.asm
                 __AARGB3   0x000004       data     extern C:\MCC18\src\traditional\math\aarg.asm
                 __AARGB4   0x000003       data     extern C:\MCC18\src\traditional\math\aarg.asm
                 __AARGB5   0x000002       data     extern C:\MCC18\src\traditional\math\aarg.asm
                 __AARGB6   0x000001       data     extern C:\MCC18\src\traditional\math\aarg.asm
                 __AARGB7   0x000000       data     extern C:\MCC18\src\traditional\math\aarg.asm
                   __AEXP   0x000008       data     extern C:\MCC18\src\traditional\math\aarg.asm
                 __BARGB0   0x00000c       data     extern C:\MCC18\src\traditional\math\barg.asm
                 __BARGB1   0x00000b       data     extern C:\MCC18\src\traditional\math\barg.asm
                 __BARGB2   0x00000a       data     extern C:\MCC18\src\traditional\math\barg.asm
                 __BARGB3   0x000009       data     extern C:\MCC18\src\traditional\math\barg.asm
                   __BEXP   0x00000d       data     extern C:\MCC18\src\traditional\math\barg.asm
                __FPFLAGS   0x00000f       data     extern C:\MCC18\src\traditional\math\cmath18.asm
            __FPFLAGSbits   0x00000f       data     extern C:\MCC18\src\traditional\math\cmath18.asm
                  __REMB0   0x000003       data     extern C:\MCC18\src\traditional\math\aarg.asm
                  __REMB1   0x000002       data     extern C:\MCC18\src\traditional\math\aarg.asm
                  __REMB2   0x000001       data     extern C:\MCC18\src\traditional\math\aarg.asm
                  __REMB3   0x000000       data     extern C:\MCC18\src\traditional\math\aarg.asm
                  __tmp_0   0x000010       data     static C:\Pic Cube MiWi\Microchip\Common\Console.c
                  __tmp_0   0x000010       data     static C:\Pic Cube MiWi\Fbee_End_device\main.c
                  __tmp_0   0x000010       data     static C:\Pic Cube MiWi\Microchip\MiWi\MiWi.c
        carga_dispositivo   0x0002f5       data     extern C:\Pic Cube MiWi\Fbee_End_device\main.c
                curr_byte   0x0002ee       data     static C:\MCC18\src\traditional\startup\c018i.c
               curr_entry   0x0002f0       data     static C:\MCC18\src\traditional\startup\c018i.c
           currentChannel   0x0002e9       data     extern C:\Pic Cube MiWi\Microchip\MiWi\MiWi.c
     currentSearchChannel   0x0002c2       data     extern C:\Pic Cube MiWi\Microchip\MiWi\MiWi.c
                 data_ptr   0x0002f2       data     static C:\MCC18\src\traditional\startup\c018i.c
                 destInfo   0x0002a0       data     extern C:\Pic Cube MiWi\Microchip\MiWi\MiWi.c
           failureCounter   0x0002f8       data     extern C:\Pic Cube MiWi\Microchip\MiWi\MiWi.c
                  myPANID   0x0002e5       data     extern C:\Pic Cube MiWi\Microchip\MiWi\MiWi.c
                 myParent   0x0002ea       data     extern C:\Pic Cube MiWi\Microchip\MiWi\MiWi.c
           myShortAddress   0x0002e3       data     extern C:\Pic Cube MiWi\Microchip\MiWi\MiWi.c
            networkStatus   0x0002d8       data     extern C:\Pic Cube MiWi\Microchip\MiWi\MiWi.c
             networkTable   0x000200       data     extern C:\Pic Cube MiWi\Microchip\MiWi\MiWi.c
           openSocketInfo   0x0002c5       data     extern C:\Pic Cube MiWi\Microchip\MiWi\MiWi.c
                  pRxData   0x0002b3       data     extern C:\Pic Cube MiWi\Microchip\MiWi\MiWi.c
                     prom   0x0002eb       data     static C:\MCC18\src\traditional\startup\c018i.c
         sendReportStatus   0x0002d5       data     extern C:\Pic Cube MiWi\Microchip\MiWi\MiWi.c
                startTick   0x0002b6       data     extern C:\Pic Cube MiWi\Microchip\MiWi\MiWi.c
          tempLongAddress   0x0002a4       data     extern C:\Pic Cube MiWi\Microchip\MiWi\MiWi.c
           tempNodeStatus   0x0002ac       data     extern C:\Pic Cube MiWi\Microchip\MiWi\MiWi.c
                tempPANID   0x0002af       data     extern C:\Pic Cube MiWi\Microchip\MiWi\MiWi.c
         tempShortAddress   0x0002ad       data     extern C:\Pic Cube MiWi\Microchip\MiWi\MiWi.c
          tickCurrentTime   0x0002be       data     extern C:\Pic Cube MiWi\Microchip\MiWi\MiWi.c
           tickDifference   0x0002ba       data     extern C:\Pic Cube MiWi\Microchip\MiWi\MiWi.c
          timerExtension1   0x0001fe       data     extern C:\Pic Cube MiWi\Microchip\MiWi\SymbolTime.c
          timerExtension2   0x0001ff       data     extern C:\Pic Cube MiWi\Microchip\MiWi\SymbolTime.c



                              Symbols - Sorted by Address
                     Name    Address   Location    Storage File                     
                ---------  ---------  ---------  --------- ---------                
                   _entry   0x000000    program     extern C:\MCC18\src\traditional\startup\c018i.c
       ___return_lbl00000   0x000004    program     static                          
                   __init   0x000006    program     extern C:\MCC18\src\traditional\stdclib\__init.c
               HighVector   0x000008    program     extern C:\Pic Cube MiWi\Microchip\MiWi\MiWi.c
       ___return_lbl00264   0x00000c    program     static                          
            myLongAddress   0x00000e    program     extern C:\Pic Cube MiWi\Fbee_End_device\main.c
                LowVector   0x000018    program     extern C:\Pic Cube MiWi\Microchip\MiWi\MiWi.c
       ___return_lbl00265   0x00001c    program     static                          
                MiWiTasks   0x000038    program     extern C:\Pic Cube MiWi\Microchip\MiWi\MiWi.c
              __tmplbl_44   0x000d28    program     static                          
              __tmplbl_39   0x000d28    program     static                          
              __tmplbl_41   0x000d28    program     static                          
              __tmplbl_42   0x000d28    program     static                          
              __tmplbl_43   0x000d28    program     static                          
              __tmplbl_36   0x000d2e    program     static                          
              __tmplbl_35   0x000d32    program     static                          
 SendReportByShortAddress   0x0011b2    program     extern C:\Pic Cube MiWi\Microchip\MiWi\MiWi.c
  SendReportByLongAddress   0x001386    program     extern C:\Pic Cube MiWi\Microchip\MiWi\MiWi.c
       SendReportByHandle   0x0016f8    program     extern C:\Pic Cube MiWi\Microchip\MiWi\MiWi.c
            DiscardPacket   0x001e48    program     extern C:\Pic Cube MiWi\Microchip\MiWi\MiWi.c
     findNextNetworkEntry   0x001e66    program     extern C:\Pic Cube MiWi\Microchip\MiWi\MiWi.c
             SendTxBuffer   0x001ea8    program     extern C:\Pic Cube MiWi\Microchip\MiWi\MiWi.c
        PHYSetLongRAMAddr   0x001fa0    program     extern C:\Pic Cube MiWi\Microchip\MiWi\MiWi.c
       ___return_lbl00157   0x002020    program     static                          
       PHYSetShortRAMAddr   0x00202a    program     extern C:\Pic Cube MiWi\Microchip\MiWi\MiWi.c
       ___return_lbl00158   0x00206a    program     static                          
       PHYGetShortRAMAddr   0x002074    program     extern C:\Pic Cube MiWi\Microchip\MiWi\MiWi.c
       ___return_lbl00159   0x0020bc    program     static                          
        PHYGetLongRAMAddr   0x0020d4    program     extern C:\Pic Cube MiWi\Microchip\MiWi\MiWi.c
       ___return_lbl00160   0x002160    program     static                          
         DumpNetworkTable   0x002178    program     extern C:\Pic Cube MiWi\Microchip\MiWi\MiWi.c
        DiscoverNodeByEUI   0x00217a    program     extern C:\Pic Cube MiWi\Microchip\MiWi\MiWi.c
        ClearNetworkTable   0x0023f8    program     extern C:\Pic Cube MiWi\Microchip\MiWi\MiWi.c
               OpenSocket   0x002594    program     extern C:\Pic Cube MiWi\Microchip\MiWi\MiWi.c
              JoinNetwork   0x00273a    program     extern C:\Pic Cube MiWi\Microchip\MiWi\MiWi.c
               SetChannel   0x00293a    program     extern C:\Pic Cube MiWi\Microchip\MiWi\MiWi.c
    SearchForShortAddress   0x002984    program     extern C:\Pic Cube MiWi\Microchip\MiWi\MiWi.c
     SearchForLongAddress   0x002a34    program     extern C:\Pic Cube MiWi\Microchip\MiWi\MiWi.c
    AddNodeToNetworkTable   0x002ad8    program     extern C:\Pic Cube MiWi\Microchip\MiWi\MiWi.c
             initMRF24J40   0x002cac    program     extern C:\Pic Cube MiWi\Microchip\MiWi\MiWi.c
                 MiWiInit   0x002f20    program     extern C:\Pic Cube MiWi\Microchip\MiWi\MiWi.c
            MRF24J40Sleep   0x002f70    program     extern C:\Pic Cube MiWi\Microchip\MiWi\MiWi.c
             MRF24J40Wake   0x002fb8    program     extern C:\Pic Cube MiWi\Microchip\MiWi\MiWi.c
                  HighISR   0x00313c    program     extern C:\Pic Cube MiWi\Microchip\MiWi\MiWi.c
               carga_disp   0x0032ba    program     extern C:\Pic Cube MiWi\Fbee_End_device\main.c
                     liga   0x00333a    program     extern C:\Pic Cube MiWi\Fbee_End_device\main.c
                  desliga   0x00334c    program     extern C:\Pic Cube MiWi\Fbee_End_device\main.c
                Le_E2Prom   0x00335e    program     extern C:\Pic Cube MiWi\Fbee_End_device\main.c
                 Envio_ID   0x00337a    program     extern C:\Pic Cube MiWi\Fbee_End_device\main.c
               send2coord   0x00348c    program     extern C:\Pic Cube MiWi\Fbee_End_device\main.c
        trata_int_e_timer   0x0034b2    program     extern C:\Pic Cube MiWi\Fbee_End_device\main.c
                 pega_cmd   0x003504    program     extern C:\Pic Cube MiWi\Fbee_End_device\main.c
                     main   0x0036be    program     extern C:\Pic Cube MiWi\Fbee_End_device\main.c
                BoardInit   0x003968    program     extern C:\Pic Cube MiWi\Fbee_End_device\main.c
              ConsoleInit   0x0039c0    program     extern C:\Pic Cube MiWi\Microchip\Common\Console.c
      ConsolePutROMString   0x0039ce    program     extern C:\Pic Cube MiWi\Microchip\Common\Console.c
               ConsolePut   0x003a08    program     extern C:\Pic Cube MiWi\Microchip\Common\Console.c
                PrintChar   0x003a22    program     extern C:\Pic Cube MiWi\Microchip\Common\Console.c
                 PrintDec   0x003a84    program     extern C:\Pic Cube MiWi\Microchip\Common\Console.c
         ConsoleGetString   0x003ae0    program     extern C:\Pic Cube MiWi\Microchip\Common\Console.c
               ConsoleGet   0x003b58    program     extern C:\Pic Cube MiWi\Microchip\Common\Console.c
                GetString   0x003b64    program     extern C:\Pic Cube MiWi\Microchip\Common\Console.c
                     atoi   0x003bec    program     extern C:\MCC18\src\traditional\stdclib\atoi.asm
                  jSkipWS   0x003c1a    program     static C:\MCC18\src\traditional\stdclib\atoi.asm
                 jSkipWS1   0x003c2c    program     static C:\MCC18\src\traditional\stdclib\atoi.asm
                 jTstSign   0x003c30    program     static C:\MCC18\src\traditional\stdclib\atoi.asm
                jTstSign1   0x003c3c    program     static C:\MCC18\src\traditional\stdclib\atoi.asm
                jTstSign2   0x003c42    program     static C:\MCC18\src\traditional\stdclib\atoi.asm
                    jLoop   0x003c44    program     static C:\MCC18\src\traditional\stdclib\atoi.asm
                jTstSign3   0x003c44    program     static C:\MCC18\src\traditional\stdclib\atoi.asm
                 jEndLoop   0x003c92    program     static C:\MCC18\src\traditional\stdclib\atoi.asm
                     jEnd   0x003caa    program     static C:\MCC18\src\traditional\stdclib\atoi.asm
               __string_7   0x003cd6    program     static C:\Pic Cube MiWi\Microchip\MiWi\MiWi.c
               __string_6   0x003cec    program     static C:\Pic Cube MiWi\Microchip\MiWi\MiWi.c
               __string_5   0x003cfb    program     static C:\Pic Cube MiWi\Microchip\MiWi\MiWi.c
               __string_4   0x003d02    program     static C:\Pic Cube MiWi\Microchip\MiWi\MiWi.c
               __string_3   0x003d18    program     static C:\Pic Cube MiWi\Microchip\MiWi\MiWi.c
               __string_2   0x003d1b    program     static C:\Pic Cube MiWi\Microchip\MiWi\MiWi.c
               __string_1   0x003d3b    program     static C:\Pic Cube MiWi\Microchip\MiWi\MiWi.c
               __string_0   0x003d3f    program     static C:\Pic Cube MiWi\Microchip\MiWi\MiWi.c
               __string_3   0x003d58    program     static C:\Pic Cube MiWi\Fbee_End_device\main.c
               __string_2   0x003d7e    program     static C:\Pic Cube MiWi\Fbee_End_device\main.c
               __string_1   0x003d88    program     static C:\Pic Cube MiWi\Fbee_End_device\main.c
                _do_cinit   0x003dac    program     extern C:\MCC18\src\traditional\startup\c018i.c
                     test   0x003dc6    program     static                          
                copy_loop   0x003e1e    program     static                          
            copy_one_byte   0x003e24    program     static                          
             done_copying   0x003e32    program     static                          
                     done   0x003e48    program     static                          
       ___return_lbl00002   0x003e48    program     static                          
          InitSymbolTimer   0x003e4a    program     extern C:\Pic Cube MiWi\Microchip\MiWi\SymbolTime.c
                  TickGet   0x003e5e    program     extern C:\Pic Cube MiWi\Microchip\MiWi\SymbolTime.c
               OpenTimer1   0x003ee4    program     extern C:\MCC18\src\pmc_common\Timers\t1open.c
              WriteTimer1   0x003f26    program     extern C:\MCC18\src\pmc_common\Timers\t1write.c
             Delay10KTCYx   0x003f5e    program     extern C:\MCC18\src\traditional\delays\d10ktcyx.asm
                    D10Kx   0x003f68    program     static C:\MCC18\src\traditional\delays\d10ktcyx.asm
                   D10K_1   0x003f6a    program     static C:\MCC18\src\traditional\delays\d10ktcyx.asm
       _D10KTCYXCODE_0010   0x003f6e    program     static C:\MCC18\src\traditional\delays\d10ktcyx.asm
                    D10Kl   0x003f76    program     static C:\MCC18\src\traditional\delays\d10ktcyx.asm
       _D10KTCYXCODE_001C   0x003f7a    program     static C:\MCC18\src\traditional\delays\d10ktcyx.asm
                   SPIPut   0x003f8c    program     extern C:\Pic Cube MiWi\Microchip\MiWi\MSPI.c
                   SPIGet   0x003fae    program     extern C:\Pic Cube MiWi\Microchip\MiWi\MSPI.c
                 _startup   0x003fb8    program     extern C:\MCC18\src\traditional\startup\c018i.c
                     loop   0x003fc8    program     static                          
       ___return_lbl00001   0x003fd2    program     static                          
                 FXD0808U   0x003fd4    program     extern C:\MCC18\src\traditional\math\fxd0808u.c
                     loop   0x003fdc    program     static                          
                  endloop   0x003fea    program     static                          
       ___return_lbl00000   0x003fee    program     static                          
              Delay10TCYx   0x003ff0    program     extern C:\MCC18\src\traditional\delays\d10tcyx.asm
                     D10x   0x003ff8    program     static C:\MCC18\src\traditional\delays\d10tcyx.asm
        _D10TCYXCODE_000A   0x003ffa    program     static C:\MCC18\src\traditional\delays\d10tcyx.asm
        _D10TCYXCODE_000C   0x003ffc    program     static C:\MCC18\src\traditional\delays\d10tcyx.asm
        _D10TCYXCODE_000E   0x003ffe    program     static C:\MCC18\src\traditional\delays\d10tcyx.asm
                    D10_1   0x004000    program     static C:\MCC18\src\traditional\delays\d10tcyx.asm
           CharacterArray   0x004006    program     extern C:\Pic Cube MiWi\Microchip\Common\Console.c
            __zero_memory   0x004016    program     extern C:\MCC18\src\traditional\proc\p18F4525.asm
               clear_loop   0x00401c    program     static C:\MCC18\src\traditional\proc\p18F4525.asm
        availableChannels   0x004024    program     extern C:\Pic Cube MiWi\Fbee_End_device\main.c
     myManufacturerString   0x004025    program     extern C:\Pic Cube MiWi\Fbee_End_device\main.c
              CloseTimer1   0x004032    program     extern C:\MCC18\src\pmc_common\Timers\t1close.c
                 config1H   0x300001    program     extern C:\Pic Cube MiWi\Fbee_End_device\ConfigFuses.c
                 config2L   0x300002    program     extern C:\Pic Cube MiWi\Fbee_End_device\ConfigFuses.c
                 config2H   0x300003    program     extern C:\Pic Cube MiWi\Fbee_End_device\ConfigFuses.c
                 config3H   0x300005    program     extern C:\Pic Cube MiWi\Fbee_End_device\ConfigFuses.c
                 config4L   0x300006    program     extern C:\Pic Cube MiWi\Fbee_End_device\ConfigFuses.c
           eedata2_values   0xf00000    program     extern C:\Pic Cube MiWi\Fbee_End_device\main.c
           eedata3_values   0xf00010    program     extern C:\Pic Cube MiWi\Fbee_End_device\main.c
                 __AARGB7   0x000000       data     extern C:\MCC18\src\traditional\math\aarg.asm
                  __REMB3   0x000000       data     extern C:\MCC18\src\traditional\math\aarg.asm
                 __AARGB6   0x000001       data     extern C:\MCC18\src\traditional\math\aarg.asm
                  __REMB2   0x000001       data     extern C:\MCC18\src\traditional\math\aarg.asm
                 __AARGB5   0x000002       data     extern C:\MCC18\src\traditional\math\aarg.asm
                  __REMB1   0x000002       data     extern C:\MCC18\src\traditional\math\aarg.asm
                 __AARGB4   0x000003       data     extern C:\MCC18\src\traditional\math\aarg.asm
                  __REMB0   0x000003       data     extern C:\MCC18\src\traditional\math\aarg.asm
                 __AARGB3   0x000004       data     extern C:\MCC18\src\traditional\math\aarg.asm
                 __AARGB2   0x000005       data     extern C:\MCC18\src\traditional\math\aarg.asm
                 __AARGB1   0x000006       data     extern C:\MCC18\src\traditional\math\aarg.asm
                 __AARGB0   0x000007       data     extern C:\MCC18\src\traditional\math\aarg.asm
                   __AEXP   0x000008       data     extern C:\MCC18\src\traditional\math\aarg.asm
                 __BARGB3   0x000009       data     extern C:\MCC18\src\traditional\math\barg.asm
                 __BARGB2   0x00000a       data     extern C:\MCC18\src\traditional\math\barg.asm
                 __BARGB1   0x00000b       data     extern C:\MCC18\src\traditional\math\barg.asm
                 __BARGB0   0x00000c       data     extern C:\MCC18\src\traditional\math\barg.asm
                   __BEXP   0x00000d       data     extern C:\MCC18\src\traditional\math\barg.asm
                     SIGN   0x00000e       data     extern C:\MCC18\src\traditional\math\cmath18.asm
            __FPFLAGSbits   0x00000f       data     extern C:\MCC18\src\traditional\math\cmath18.asm
                __FPFLAGS   0x00000f       data     extern C:\MCC18\src\traditional\math\cmath18.asm
                  __tmp_0   0x000010       data     static C:\Pic Cube MiWi\Microchip\Common\Console.c
                  __tmp_0   0x000010       data     static C:\Pic Cube MiWi\Fbee_End_device\main.c
                  __tmp_0   0x000010       data     static C:\Pic Cube MiWi\Microchip\MiWi\MiWi.c
            DelayCounter2   0x000018       data     extern C:\MCC18\src\traditional\delays\delayd2.asm
            DelayCounter1   0x000019       data     extern C:\MCC18\src\traditional\delays\delayd1.asm
                 RxBuffer   0x000100       data     extern C:\Pic Cube MiWi\Microchip\MiWi\MiWi.c
                 TxBuffer   0x00017f       data     extern C:\Pic Cube MiWi\Microchip\MiWi\MiWi.c
          timerExtension1   0x0001fe       data     extern C:\Pic Cube MiWi\Microchip\MiWi\SymbolTime.c
          timerExtension2   0x0001ff       data     extern C:\Pic Cube MiWi\Microchip\MiWi\SymbolTime.c
             networkTable   0x000200       data     extern C:\Pic Cube MiWi\Microchip\MiWi\MiWi.c
                 destInfo   0x0002a0       data     extern C:\Pic Cube MiWi\Microchip\MiWi\MiWi.c
          tempLongAddress   0x0002a4       data     extern C:\Pic Cube MiWi\Microchip\MiWi\MiWi.c
           tempNodeStatus   0x0002ac       data     extern C:\Pic Cube MiWi\Microchip\MiWi\MiWi.c
         tempShortAddress   0x0002ad       data     extern C:\Pic Cube MiWi\Microchip\MiWi\MiWi.c
                tempPANID   0x0002af       data     extern C:\Pic Cube MiWi\Microchip\MiWi\MiWi.c
                 TxHeader   0x0002b1       data     extern C:\Pic Cube MiWi\Microchip\MiWi\MiWi.c
                   TxData   0x0002b2       data     extern C:\Pic Cube MiWi\Microchip\MiWi\MiWi.c
                  pRxData   0x0002b3       data     extern C:\Pic Cube MiWi\Microchip\MiWi\MiWi.c
                   RxSize   0x0002b5       data     extern C:\Pic Cube MiWi\Microchip\MiWi\MiWi.c
                startTick   0x0002b6       data     extern C:\Pic Cube MiWi\Microchip\MiWi\MiWi.c
           tickDifference   0x0002ba       data     extern C:\Pic Cube MiWi\Microchip\MiWi\MiWi.c
          tickCurrentTime   0x0002be       data     extern C:\Pic Cube MiWi\Microchip\MiWi\MiWi.c
     currentSearchChannel   0x0002c2       data     extern C:\Pic Cube MiWi\Microchip\MiWi\MiWi.c
               IEEESeqNum   0x0002c3       data     extern C:\Pic Cube MiWi\Microchip\MiWi\MiWi.c
               MiWiSeqNum   0x0002c4       data     extern C:\Pic Cube MiWi\Microchip\MiWi\MiWi.c
           openSocketInfo   0x0002c5       data     extern C:\Pic Cube MiWi\Microchip\MiWi\MiWi.c
         sendReportStatus   0x0002d5       data     extern C:\Pic Cube MiWi\Microchip\MiWi\MiWi.c
               MiWiStatus   0x0002d6       data     extern C:\Pic Cube MiWi\Microchip\MiWi\MiWi.c
            networkStatus   0x0002d8       data     extern C:\Pic Cube MiWi\Microchip\MiWi\MiWi.c
                   RxData   0x0002e2       data     extern C:\Pic Cube MiWi\Microchip\MiWi\MiWi.c
           myShortAddress   0x0002e3       data     extern C:\Pic Cube MiWi\Microchip\MiWi\MiWi.c
                  myPANID   0x0002e5       data     extern C:\Pic Cube MiWi\Microchip\MiWi\MiWi.c
         MiWiStateMachine   0x0002e7       data     extern C:\Pic Cube MiWi\Microchip\MiWi\MiWi.c
           currentChannel   0x0002e9       data     extern C:\Pic Cube MiWi\Microchip\MiWi\MiWi.c
                 myParent   0x0002ea       data     extern C:\Pic Cube MiWi\Microchip\MiWi\MiWi.c
                     prom   0x0002eb       data     static C:\MCC18\src\traditional\startup\c018i.c
                curr_byte   0x0002ee       data     static C:\MCC18\src\traditional\startup\c018i.c
               curr_entry   0x0002f0       data     static C:\MCC18\src\traditional\startup\c018i.c
                 data_ptr   0x0002f2       data     static C:\MCC18\src\traditional\startup\c018i.c
        carga_dispositivo   0x0002f5       data     extern C:\Pic Cube MiWi\Fbee_End_device\main.c
            Flag_Envio_ID   0x0002f7       data     extern C:\Pic Cube MiWi\Fbee_End_device\main.c
           failureCounter   0x0002f8       data     extern C:\Pic Cube MiWi\Microchip\MiWi\MiWi.c
                PORTAbits   0x000f80       data     extern C:\MCC18\src\traditional\proc\p18F4525.asm
                    PORTA   0x000f80       data     extern C:\MCC18\src\traditional\proc\p18F4525.asm
                    PORTB   0x000f81       data     extern C:\MCC18\src\traditional\proc\p18F4525.asm
                PORTBbits   0x000f81       data     extern C:\MCC18\src\traditional\proc\p18F4525.asm
                PORTCbits   0x000f82       data     extern C:\MCC18\src\traditional\proc\p18F4525.asm
                    PORTC   0x000f82       data     extern C:\MCC18\src\traditional\proc\p18F4525.asm
                PORTDbits   0x000f83       data     extern C:\MCC18\src\traditional\proc\p18F4525.asm
                    PORTD   0x000f83       data     extern C:\MCC18\src\traditional\proc\p18F4525.asm
                PORTEbits   0x000f84       data     extern C:\MCC18\src\traditional\proc\p18F4525.asm
                    PORTE   0x000f84       data     extern C:\MCC18\src\traditional\proc\p18F4525.asm
                     LATA   0x000f89       data     extern C:\MCC18\src\traditional\proc\p18F4525.asm
                 LATAbits   0x000f89       data     extern C:\MCC18\src\traditional\proc\p18F4525.asm
                 LATBbits   0x000f8a       data     extern C:\MCC18\src\traditional\proc\p18F4525.asm
                     LATB   0x000f8a       data     extern C:\MCC18\src\traditional\proc\p18F4525.asm
                 LATCbits   0x000f8b       data     extern C:\MCC18\src\traditional\proc\p18F4525.asm
                     LATC   0x000f8b       data     extern C:\MCC18\src\traditional\proc\p18F4525.asm
                     LATD   0x000f8c       data     extern C:\MCC18\src\traditional\proc\p18F4525.asm
                 LATDbits   0x000f8c       data     extern C:\MCC18\src\traditional\proc\p18F4525.asm
                     LATE   0x000f8d       data     extern C:\MCC18\src\traditional\proc\p18F4525.asm
                 LATEbits   0x000f8d       data     extern C:\MCC18\src\traditional\proc\p18F4525.asm
                TRISAbits   0x000f92       data     extern C:\MCC18\src\traditional\proc\p18F4525.asm
                    TRISA   0x000f92       data     extern C:\MCC18\src\traditional\proc\p18F4525.asm
                 DDRAbits   0x000f92       data     extern C:\MCC18\src\traditional\proc\p18F4525.asm
                     DDRA   0x000f92       data     extern C:\MCC18\src\traditional\proc\p18F4525.asm
                     DDRB   0x000f93       data     extern C:\MCC18\src\traditional\proc\p18F4525.asm
                 DDRBbits   0x000f93       data     extern C:\MCC18\src\traditional\proc\p18F4525.asm
                    TRISB   0x000f93       data     extern C:\MCC18\src\traditional\proc\p18F4525.asm
                TRISBbits   0x000f93       data     extern C:\MCC18\src\traditional\proc\p18F4525.asm
                    TRISC   0x000f94       data     extern C:\MCC18\src\traditional\proc\p18F4525.asm
                TRISCbits   0x000f94       data     extern C:\MCC18\src\traditional\proc\p18F4525.asm
                     DDRC   0x000f94       data     extern C:\MCC18\src\traditional\proc\p18F4525.asm
                 DDRCbits   0x000f94       data     extern C:\MCC18\src\traditional\proc\p18F4525.asm
                    TRISD   0x000f95       data     extern C:\MCC18\src\traditional\proc\p18F4525.asm
                TRISDbits   0x000f95       data     extern C:\MCC18\src\traditional\proc\p18F4525.asm
                     DDRD   0x000f95       data     extern C:\MCC18\src\traditional\proc\p18F4525.asm
                 DDRDbits   0x000f95       data     extern C:\MCC18\src\traditional\proc\p18F4525.asm
                TRISEbits   0x000f96       data     extern C:\MCC18\src\traditional\proc\p18F4525.asm
                    TRISE   0x000f96       data     extern C:\MCC18\src\traditional\proc\p18F4525.asm
                     DDRE   0x000f96       data     extern C:\MCC18\src\traditional\proc\p18F4525.asm
                 DDREbits   0x000f96       data     extern C:\MCC18\src\traditional\proc\p18F4525.asm
              OSCTUNEbits   0x000f9b       data     extern C:\MCC18\src\traditional\proc\p18F4525.asm
                  OSCTUNE   0x000f9b       data     extern C:\MCC18\src\traditional\proc\p18F4525.asm
                 PIE1bits   0x000f9d       data     extern C:\MCC18\src\traditional\proc\p18F4525.asm
                     PIE1   0x000f9d       data     extern C:\MCC18\src\traditional\proc\p18F4525.asm
                     PIR1   0x000f9e       data     extern C:\MCC18\src\traditional\proc\p18F4525.asm
                 PIR1bits   0x000f9e       data     extern C:\MCC18\src\traditional\proc\p18F4525.asm
                 IPR1bits   0x000f9f       data     extern C:\MCC18\src\traditional\proc\p18F4525.asm
                     IPR1   0x000f9f       data     extern C:\MCC18\src\traditional\proc\p18F4525.asm
                     PIE2   0x000fa0       data     extern C:\MCC18\src\traditional\proc\p18F4525.asm
                 PIE2bits   0x000fa0       data     extern C:\MCC18\src\traditional\proc\p18F4525.asm
                     PIR2   0x000fa1       data     extern C:\MCC18\src\traditional\proc\p18F4525.asm
                 PIR2bits   0x000fa1       data     extern C:\MCC18\src\traditional\proc\p18F4525.asm
                     IPR2   0x000fa2       data     extern C:\MCC18\src\traditional\proc\p18F4525.asm
                 IPR2bits   0x000fa2       data     extern C:\MCC18\src\traditional\proc\p18F4525.asm
                   EECON1   0x000fa6       data     extern C:\MCC18\src\traditional\proc\p18F4525.asm
               EECON1bits   0x000fa6       data     extern C:\MCC18\src\traditional\proc\p18F4525.asm
                   EECON2   0x000fa7       data     extern C:\MCC18\src\traditional\proc\p18F4525.asm
                   EEDATA   0x000fa8       data     extern C:\MCC18\src\traditional\proc\p18F4525.asm
                    EEADR   0x000fa9       data     extern C:\MCC18\src\traditional\proc\p18F4525.asm
                   EEADRH   0x000faa       data     extern C:\MCC18\src\traditional\proc\p18F4525.asm
                    RCSTA   0x000fab       data     extern C:\MCC18\src\traditional\proc\p18F4525.asm
                RCSTAbits   0x000fab       data     extern C:\MCC18\src\traditional\proc\p18F4525.asm
                TXSTAbits   0x000fac       data     extern C:\MCC18\src\traditional\proc\p18F4525.asm
                    TXSTA   0x000fac       data     extern C:\MCC18\src\traditional\proc\p18F4525.asm
                    TXREG   0x000fad       data     extern C:\MCC18\src\traditional\proc\p18F4525.asm
                    RCREG   0x000fae       data     extern C:\MCC18\src\traditional\proc\p18F4525.asm
                    SPBRG   0x000faf       data     extern C:\MCC18\src\traditional\proc\p18F4525.asm
                   SPBRGH   0x000fb0       data     extern C:\MCC18\src\traditional\proc\p18F4525.asm
                    T3CON   0x000fb1       data     extern C:\MCC18\src\traditional\proc\p18F4525.asm
                T3CONbits   0x000fb1       data     extern C:\MCC18\src\traditional\proc\p18F4525.asm
                    TMR3L   0x000fb2       data     extern C:\MCC18\src\traditional\proc\p18F4525.asm
                    TMR3H   0x000fb3       data     extern C:\MCC18\src\traditional\proc\p18F4525.asm
                CMCONbits   0x000fb4       data     extern C:\MCC18\src\traditional\proc\p18F4525.asm
                    CMCON   0x000fb4       data     extern C:\MCC18\src\traditional\proc\p18F4525.asm
               CVRCONbits   0x000fb5       data     extern C:\MCC18\src\traditional\proc\p18F4525.asm
                   CVRCON   0x000fb5       data     extern C:\MCC18\src\traditional\proc\p18F4525.asm
               ECCPASbits   0x000fb6       data     extern C:\MCC18\src\traditional\proc\p18F4525.asm
                   ECCPAS   0x000fb6       data     extern C:\MCC18\src\traditional\proc\p18F4525.asm
              ECCP1ASbits   0x000fb6       data     extern C:\MCC18\src\traditional\proc\p18F4525.asm
                  ECCP1AS   0x000fb6       data     extern C:\MCC18\src\traditional\proc\p18F4525.asm
                  PWM1CON   0x000fb7       data     extern C:\MCC18\src\traditional\proc\p18F4525.asm
              PWM1CONbits   0x000fb7       data     extern C:\MCC18\src\traditional\proc\p18F4525.asm
              BAUDCONbits   0x000fb8       data     extern C:\MCC18\src\traditional\proc\p18F4525.asm
                  BAUDCON   0x000fb8       data     extern C:\MCC18\src\traditional\proc\p18F4525.asm
                  BAUDCTL   0x000fb8       data     extern C:\MCC18\src\traditional\proc\p18F4525.asm
              BAUDCTLbits   0x000fb8       data     extern C:\MCC18\src\traditional\proc\p18F4525.asm
              CCP2CONbits   0x000fba       data     extern C:\MCC18\src\traditional\proc\p18F4525.asm
                  CCP2CON   0x000fba       data     extern C:\MCC18\src\traditional\proc\p18F4525.asm
                    CCPR2   0x000fbb       data     extern C:\MCC18\src\traditional\proc\p18F4525.asm
                   CCPR2L   0x000fbb       data     extern C:\MCC18\src\traditional\proc\p18F4525.asm
                   CCPR2H   0x000fbc       data     extern C:\MCC18\src\traditional\proc\p18F4525.asm
              CCP1CONbits   0x000fbd       data     extern C:\MCC18\src\traditional\proc\p18F4525.asm
                  CCP1CON   0x000fbd       data     extern C:\MCC18\src\traditional\proc\p18F4525.asm
                   CCPR1L   0x000fbe       data     extern C:\MCC18\src\traditional\proc\p18F4525.asm
                    CCPR1   0x000fbe       data     extern C:\MCC18\src\traditional\proc\p18F4525.asm
                   CCPR1H   0x000fbf       data     extern C:\MCC18\src\traditional\proc\p18F4525.asm
                   ADCON2   0x000fc0       data     extern C:\MCC18\src\traditional\proc\p18F4525.asm
               ADCON2bits   0x000fc0       data     extern C:\MCC18\src\traditional\proc\p18F4525.asm
                   ADCON1   0x000fc1       data     extern C:\MCC18\src\traditional\proc\p18F4525.asm
               ADCON1bits   0x000fc1       data     extern C:\MCC18\src\traditional\proc\p18F4525.asm
                   ADCON0   0x000fc2       data     extern C:\MCC18\src\traditional\proc\p18F4525.asm
               ADCON0bits   0x000fc2       data     extern C:\MCC18\src\traditional\proc\p18F4525.asm
                    ADRES   0x000fc3       data     extern C:\MCC18\src\traditional\proc\p18F4525.asm
                   ADRESL   0x000fc3       data     extern C:\MCC18\src\traditional\proc\p18F4525.asm
                   ADRESH   0x000fc4       data     extern C:\MCC18\src\traditional\proc\p18F4525.asm
                  SSPCON2   0x000fc5       data     extern C:\MCC18\src\traditional\proc\p18F4525.asm
              SSPCON2bits   0x000fc5       data     extern C:\MCC18\src\traditional\proc\p18F4525.asm
                  SSPCON1   0x000fc6       data     extern C:\MCC18\src\traditional\proc\p18F4525.asm
              SSPCON1bits   0x000fc6       data     extern C:\MCC18\src\traditional\proc\p18F4525.asm
                  SSPSTAT   0x000fc7       data     extern C:\MCC18\src\traditional\proc\p18F4525.asm
              SSPSTATbits   0x000fc7       data     extern C:\MCC18\src\traditional\proc\p18F4525.asm
                   SSPADD   0x000fc8       data     extern C:\MCC18\src\traditional\proc\p18F4525.asm
                   SSPBUF   0x000fc9       data     extern C:\MCC18\src\traditional\proc\p18F4525.asm
                    T2CON   0x000fca       data     extern C:\MCC18\src\traditional\proc\p18F4525.asm
                T2CONbits   0x000fca       data     extern C:\MCC18\src\traditional\proc\p18F4525.asm
                      PR2   0x000fcb       data     extern C:\MCC18\src\traditional\proc\p18F4525.asm
                     TMR2   0x000fcc       data     extern C:\MCC18\src\traditional\proc\p18F4525.asm
                T1CONbits   0x000fcd       data     extern C:\MCC18\src\traditional\proc\p18F4525.asm
                    T1CON   0x000fcd       data     extern C:\MCC18\src\traditional\proc\p18F4525.asm
                    TMR1L   0x000fce       data     extern C:\MCC18\src\traditional\proc\p18F4525.asm
                    TMR1H   0x000fcf       data     extern C:\MCC18\src\traditional\proc\p18F4525.asm
                     RCON   0x000fd0       data     extern C:\MCC18\src\traditional\proc\p18F4525.asm
                 RCONbits   0x000fd0       data     extern C:\MCC18\src\traditional\proc\p18F4525.asm
               WDTCONbits   0x000fd1       data     extern C:\MCC18\src\traditional\proc\p18F4525.asm
                   WDTCON   0x000fd1       data     extern C:\MCC18\src\traditional\proc\p18F4525.asm
               LVDCONbits   0x000fd2       data     extern C:\MCC18\src\traditional\proc\p18F4525.asm
                   LVDCON   0x000fd2       data     extern C:\MCC18\src\traditional\proc\p18F4525.asm
              HLVDCONbits   0x000fd2       data     extern C:\MCC18\src\traditional\proc\p18F4525.asm
                  HLVDCON   0x000fd2       data     extern C:\MCC18\src\traditional\proc\p18F4525.asm
               OSCCONbits   0x000fd3       data     extern C:\MCC18\src\traditional\proc\p18F4525.asm
                   OSCCON   0x000fd3       data     extern C:\MCC18\src\traditional\proc\p18F4525.asm
                    DEBUG   0x000fd4       data     extern C:\MCC18\src\traditional\proc\p18F4525.asm
                    T0CON   0x000fd5       data     extern C:\MCC18\src\traditional\proc\p18F4525.asm
                T0CONbits   0x000fd5       data     extern C:\MCC18\src\traditional\proc\p18F4525.asm
                    TMR0L   0x000fd6       data     extern C:\MCC18\src\traditional\proc\p18F4525.asm
                    TMR0H   0x000fd7       data     extern C:\MCC18\src\traditional\proc\p18F4525.asm
               STATUSbits   0x000fd8       data     extern C:\MCC18\src\traditional\proc\p18F4525.asm
                   STATUS   0x000fd8       data     extern C:\MCC18\src\traditional\proc\p18F4525.asm
                    FSR2L   0x000fd9       data     extern C:\MCC18\src\traditional\proc\p18F4525.asm
                     FSR2   0x000fd9       data     extern C:\MCC18\src\traditional\proc\p18F4525.asm
                    FSR2H   0x000fda       data     extern C:\MCC18\src\traditional\proc\p18F4525.asm
                   PLUSW2   0x000fdb       data     extern C:\MCC18\src\traditional\proc\p18F4525.asm
                  PREINC2   0x000fdc       data     extern C:\MCC18\src\traditional\proc\p18F4525.asm
                 POSTDEC2   0x000fdd       data     extern C:\MCC18\src\traditional\proc\p18F4525.asm
                 POSTINC2   0x000fde       data     extern C:\MCC18\src\traditional\proc\p18F4525.asm
                    INDF2   0x000fdf       data     extern C:\MCC18\src\traditional\proc\p18F4525.asm
                      BSR   0x000fe0       data     extern C:\MCC18\src\traditional\proc\p18F4525.asm
                    FSR1L   0x000fe1       data     extern C:\MCC18\src\traditional\proc\p18F4525.asm
                     FSR1   0x000fe1       data     extern C:\MCC18\src\traditional\proc\p18F4525.asm
                    FSR1H   0x000fe2       data     extern C:\MCC18\src\traditional\proc\p18F4525.asm
                   PLUSW1   0x000fe3       data     extern C:\MCC18\src\traditional\proc\p18F4525.asm
                  PREINC1   0x000fe4       data     extern C:\MCC18\src\traditional\proc\p18F4525.asm
                 POSTDEC1   0x000fe5       data     extern C:\MCC18\src\traditional\proc\p18F4525.asm
                 POSTINC1   0x000fe6       data     extern C:\MCC18\src\traditional\proc\p18F4525.asm
                    INDF1   0x000fe7       data     extern C:\MCC18\src\traditional\proc\p18F4525.asm
                        W   0x000fe8       data     extern C:\MCC18\src\traditional\proc\p18F4525.asm
                     WREG   0x000fe8       data     extern C:\MCC18\src\traditional\proc\p18F4525.asm
                     FSR0   0x000fe9       data     extern C:\MCC18\src\traditional\proc\p18F4525.asm
                    FSR0L   0x000fe9       data     extern C:\MCC18\src\traditional\proc\p18F4525.asm
                    FSR0H   0x000fea       data     extern C:\MCC18\src\traditional\proc\p18F4525.asm
                   PLUSW0   0x000feb       data     extern C:\MCC18\src\traditional\proc\p18F4525.asm
                  PREINC0   0x000fec       data     extern C:\MCC18\src\traditional\proc\p18F4525.asm
                 POSTDEC0   0x000fed       data     extern C:\MCC18\src\traditional\proc\p18F4525.asm
                 POSTINC0   0x000fee       data     extern C:\MCC18\src\traditional\proc\p18F4525.asm
                    INDF0   0x000fef       data     extern C:\MCC18\src\traditional\proc\p18F4525.asm
                  INTCON3   0x000ff0       data     extern C:\MCC18\src\traditional\proc\p18F4525.asm
              INTCON3bits   0x000ff0       data     extern C:\MCC18\src\traditional\proc\p18F4525.asm
              INTCON2bits   0x000ff1       data     extern C:\MCC18\src\traditional\proc\p18F4525.asm
                  INTCON2   0x000ff1       data     extern C:\MCC18\src\traditional\proc\p18F4525.asm
                   INTCON   0x000ff2       data     extern C:\MCC18\src\traditional\proc\p18F4525.asm
               INTCONbits   0x000ff2       data     extern C:\MCC18\src\traditional\proc\p18F4525.asm
                     PROD   0x000ff3       data     extern C:\MCC18\src\traditional\proc\p18F4525.asm
                    PRODL   0x000ff3       data     extern C:\MCC18\src\traditional\proc\p18F4525.asm
                    PRODH   0x000ff4       data     extern C:\MCC18\src\traditional\proc\p18F4525.asm
                   TABLAT   0x000ff5       data     extern C:\MCC18\src\traditional\proc\p18F4525.asm
                  TBLPTRL   0x000ff6       data     extern C:\MCC18\src\traditional\proc\p18F4525.asm
                   TBLPTR   0x000ff6       data     extern C:\MCC18\src\traditional\proc\p18F4525.asm
                  TBLPTRH   0x000ff7       data     extern C:\MCC18\src\traditional\proc\p18F4525.asm
                  TBLPTRU   0x000ff8       data     extern C:\MCC18\src\traditional\proc\p18F4525.asm
                      PCL   0x000ff9       data     extern C:\MCC18\src\traditional\proc\p18F4525.asm
                       PC   0x000ff9       data     extern C:\MCC18\src\traditional\proc\p18F4525.asm
                   PCLATH   0x000ffa       data     extern C:\MCC18\src\traditional\proc\p18F4525.asm
                   PCLATU   0x000ffb       data     extern C:\MCC18\src\traditional\proc\p18F4525.asm
                   STKPTR   0x000ffc       data     extern C:\MCC18\src\traditional\proc\p18F4525.asm
               STKPTRbits   0x000ffc       data     extern C:\MCC18\src\traditional\proc\p18F4525.asm
                     TOSL   0x000ffd       data     extern C:\MCC18\src\traditional\proc\p18F4525.asm
                      TOS   0x000ffd       data     extern C:\MCC18\src\traditional\proc\p18F4525.asm
                     TOSH   0x000ffe       data     extern C:\MCC18\src\traditional\proc\p18F4525.asm
                     TOSU   0x000fff       data     extern C:\MCC18\src\traditional\proc\p18F4525.asm


